
Setting environment for using XAMPP for Windows.
728813@128-IMAC05 c:\xampp
# ./mysql -u root -p csd2204w18 < c:/xampp/db.sql
'.' is not recognized as an internal or external command,
operable program or batch file.

728813@128-IMAC05 c:\xampp
# ./mysql -u root -p csd2204w18 < c:/xampp/db.sql
The system cannot find the file specified.

728813@128-IMAC05 c:\xampp
#
728813@128-IMAC05 c:\xampp
# mysql -u root -p csd2204w18 < c:/xampp/db.sql
The system cannot find the file specified.

728813@128-IMAC05 c:\xampp
# ./mysql -u root -p csd2204w18 < c:/xampp/db.sql
The system cannot find the file specified.

728813@128-IMAC05 c:\xampp
# -- phpMyAdmin SQL Dump
'--' is not recognized as an internal or external command,
operable program or batch file.

728813@128-IMAC05 c:\xampp
# -- version 4.0.10.7
'--' is not recognized as an internal or external command,
operable program or batch file.

728813@128-IMAC05 c:\xampp
# -- http://www.phpmyadmin.net
'--' is not recognized as an internal or external command,
operable program or batch file.

728813@128-IMAC05 c:\xampp
# --
'--' is not recognized as an internal or external command,
operable program or batch file.

728813@128-IMAC05 c:\xampp
# -- Host: localhost
'--' is not recognized as an internal or external command,
operable program or batch file.

728813@128-IMAC05 c:\xampp
# -- Generation Time: Mar 20, 2015 at 01:43 AM
'--' is not recognized as an internal or external command,
operable program or batch file.

728813@128-IMAC05 c:\xampp
# -- Server version: 5.5.34-cll-lve
'--' is not recognized as an internal or external command,
operable program or batch file.

728813@128-IMAC05 c:\xampp
# -- PHP Version: 5.4.23
'--' is not recognized as an internal or external command,
operable program or batch file.

728813@128-IMAC05 c:\xampp
#
728813@128-IMAC05 c:\xampp
# SET SQL_MODE = "NO_AUTO_VALUE_ON_ZERO";

728813@128-IMAC05 c:\xampp
# SET time_zone = "+00:00";

728813@128-IMAC05 c:\xampp
#
728813@128-IMAC05 c:\xampp
#
728813@128-IMAC05 c:\xampp
# /*!40101 SET @OLD_CHARACTER_SET_CLIENT=@@CHARACTER_SET_CLIENT */;
'/*!40101' is not recognized as an internal or external command,
operable program or batch file.

728813@128-IMAC05 c:\xampp
# /*!40101 SET @OLD_CHARACTER_SET_RESULTS=@@CHARACTER_SET_RESULTS */;
'/*!40101' is not recognized as an internal or external command,
operable program or batch file.

728813@128-IMAC05 c:\xampp
# /*!40101 SET @OLD_COLLATION_CONNECTION=@@COLLATION_CONNECTION */;
'/*!40101' is not recognized as an internal or external command,
operable program or batch file.

728813@128-IMAC05 c:\xampp
# /*!40101 SET NAMES utf8 */;
'/*!40101' is not recognized as an internal or external command,
operable program or batch file.

728813@128-IMAC05 c:\xampp
#
728813@128-IMAC05 c:\xampp
# --
'--' is not recognized as an internal or external command,
operable program or batch file.

728813@128-IMAC05 c:\xampp
# -- Database: `wrpracti_bookinfo`
'--' is not recognized as an internal or external command,
operable program or batch file.

728813@128-IMAC05 c:\xampp
# --
'--' is not recognized as an internal or external command,
operable program or batch file.

728813@128-IMAC05 c:\xampp
#
728813@128-IMAC05 c:\xampp
# -- --------------------------------------------------------
'--' is not recognized as an internal or external command,
operable program or batch file.

728813@128-IMAC05 c:\xampp
#
728813@128-IMAC05 c:\xampp
# --
'--' is not recognized as an internal or external command,
operable program or batch file.

728813@128-IMAC05 c:\xampp
# -- Table structure for table `countries`
'--' is not recognized as an internal or external command,
operable program or batch file.

728813@128-IMAC05 c:\xampp
# --
'--' is not recognized as an internal or external command,
operable program or batch file.

728813@128-IMAC05 c:\xampp
#
728813@128-IMAC05 c:\xampp
# CREATE TABLE IF NOT EXISTS `countries` (
'CREATE' is not recognized as an internal or external command,
operable program or batch file.

728813@128-IMAC05 c:\xampp
#   `COUNTRY_ID` varchar(2) NOT NULL,
'`COUNTRY_ID`' is not recognized as an internal or external command,
operable program or batch file.

728813@128-IMAC05 c:\xampp
#   `COUNTRY_NAME` varchar(40) DEFAULT NULL,
'`COUNTRY_NAME`' is not recognized as an internal or external command,
operable program or batch file.

728813@128-IMAC05 c:\xampp
#   `REGION_ID` decimal(10,0) DEFAULT NULL,
'`REGION_ID`' is not recognized as an internal or external command,
operable program or batch file.

728813@128-IMAC05 c:\xampp
#   PRIMARY KEY (`COUNTRY_ID`),
'PRIMARY' is not recognized as an internal or external command,
operable program or batch file.

728813@128-IMAC05 c:\xampp
#   KEY `COUNTR_REG_FK` (`REGION_ID`)
'KEY' is not recognized as an internal or external command,
operable program or batch file.

728813@128-IMAC05 c:\xampp
# ) ENGINE=MyISAM DEFAULT CHARSET=latin1;
728813@128-IMAC05 c:\xampp
#
728813@128-IMAC05 c:\xampp
# --
'--' is not recognized as an internal or external command,
operable program or batch file.

728813@128-IMAC05 c:\xampp
# -- Dumping data for table `countries`
'--' is not recognized as an internal or external command,
operable program or batch file.

728813@128-IMAC05 c:\xampp
# --
'--' is not recognized as an internal or external command,
operable program or batch file.

728813@128-IMAC05 c:\xampp
#
728813@128-IMAC05 c:\xampp
# INSERT INTO `countries` (`COUNTRY_ID`, `COUNTRY_NAME`, `REGION_ID`) VALUES
'INSERT' is not recognized as an internal or external command,
operable program or batch file.

728813@128-IMAC05 c:\xampp
# ('AR', 'Argentina', '2'),
''AR'' is not recognized as an internal or external command,
operable program or batch file.

728813@128-IMAC05 c:\xampp
# ('AU', 'Australia', '3'),
''AU'' is not recognized as an internal or external command,
operable program or batch file.

728813@128-IMAC05 c:\xampp
# ('BE', 'Belgium', '1'),
''BE'' is not recognized as an internal or external command,
operable program or batch file.

728813@128-IMAC05 c:\xampp
# ('BR', 'Brazil', '2'),
''BR'' is not recognized as an internal or external command,
operable program or batch file.

728813@128-IMAC05 c:\xampp
# ('CA', 'Canada', '2'),
''CA'' is not recognized as an internal or external command,
operable program or batch file.

728813@128-IMAC05 c:\xampp
# ('CH', 'Switzerland', '1'),
''CH'' is not recognized as an internal or external command,
operable program or batch file.

728813@128-IMAC05 c:\xampp
# ('CN', 'China', '3'),
''CN'' is not recognized as an internal or external command,
operable program or batch file.

728813@128-IMAC05 c:\xampp
# ('DE', 'Germany', '1'),
''DE'' is not recognized as an internal or external command,
operable program or batch file.

728813@128-IMAC05 c:\xampp
# ('DK', 'Denmark', '1'),
''DK'' is not recognized as an internal or external command,
operable program or batch file.

728813@128-IMAC05 c:\xampp
# ('EG', 'Egypt', '4'),
''EG'' is not recognized as an internal or external command,
operable program or batch file.

728813@128-IMAC05 c:\xampp
# ('FR', 'France', '1'),
''FR'' is not recognized as an internal or external command,
operable program or batch file.

728813@128-IMAC05 c:\xampp
# ('HK', 'HongKong', '3'),
''HK'' is not recognized as an internal or external command,
operable program or batch file.

728813@128-IMAC05 c:\xampp
# ('IL', 'Israel', '4'),
''IL'' is not recognized as an internal or external command,
operable program or batch file.

728813@128-IMAC05 c:\xampp
# ('IN', 'India', '3'),
''IN'' is not recognized as an internal or external command,
operable program or batch file.

728813@128-IMAC05 c:\xampp
# ('IT', 'Italy', '1'),
''IT'' is not recognized as an internal or external command,
operable program or batch file.

728813@128-IMAC05 c:\xampp
# ('JP', 'Japan', '3'),
''JP'' is not recognized as an internal or external command,
operable program or batch file.

728813@128-IMAC05 c:\xampp
# ('KW', 'Kuwait', '4'),
''KW'' is not recognized as an internal or external command,
operable program or batch file.

728813@128-IMAC05 c:\xampp
# ('MX', 'Mexico', '2'),
''MX'' is not recognized as an internal or external command,
operable program or batch file.

728813@128-IMAC05 c:\xampp
# ('NG', 'Nigeria', '4'),
''NG'' is not recognized as an internal or external command,
operable program or batch file.

728813@128-IMAC05 c:\xampp
# ('NL', 'Netherlands', '1'),
''NL'' is not recognized as an internal or external command,
operable program or batch file.

728813@128-IMAC05 c:\xampp
# ('SG', 'Singapore', '3'),
''SG'' is not recognized as an internal or external command,
operable program or batch file.

728813@128-IMAC05 c:\xampp
# ('UK', 'United Kingdom', '1'),
''UK'' is not recognized as an internal or external command,
operable program or batch file.

728813@128-IMAC05 c:\xampp
# ('US', 'United States of America', '2'),
''US'' is not recognized as an internal or external command,
operable program or batch file.

728813@128-IMAC05 c:\xampp
# ('ZM', 'Zambia', '4'),
''ZM'' is not recognized as an internal or external command,
operable program or batch file.

728813@128-IMAC05 c:\xampp
# ('ZW', 'Zimbabwe', '4');
''ZW'' is not recognized as an internal or external command,
operable program or batch file.

728813@128-IMAC05 c:\xampp
#
728813@128-IMAC05 c:\xampp
# -- --------------------------------------------------------
'--' is not recognized as an internal or external command,
operable program or batch file.

728813@128-IMAC05 c:\xampp
#
728813@128-IMAC05 c:\xampp
# --
'--' is not recognized as an internal or external command,
operable program or batch file.

728813@128-IMAC05 c:\xampp
# -- Table structure for table `departments`
'--' is not recognized as an internal or external command,
operable program or batch file.

728813@128-IMAC05 c:\xampp
# --
'--' is not recognized as an internal or external command,
operable program or batch file.

728813@128-IMAC05 c:\xampp
#
728813@128-IMAC05 c:\xampp
# CREATE TABLE IF NOT EXISTS `departments` (
'CREATE' is not recognized as an internal or external command,
operable program or batch file.

728813@128-IMAC05 c:\xampp
#   `DEPARTMENT_ID` decimal(4,0) NOT NULL DEFAULT '0',
'`DEPARTMENT_ID`' is not recognized as an internal or external command,
operable program or batch file.

728813@128-IMAC05 c:\xampp
#   `DEPARTMENT_NAME` varchar(30) NOT NULL,
'`DEPARTMENT_NAME`' is not recognized as an internal or external command,
operable program or batch file.

728813@128-IMAC05 c:\xampp
#   `MANAGER_ID` decimal(6,0) DEFAULT NULL,
'`MANAGER_ID`' is not recognized as an internal or external command,
operable program or batch file.

728813@128-IMAC05 c:\xampp
#   `LOCATION_ID` decimal(4,0) DEFAULT NULL,
'`LOCATION_ID`' is not recognized as an internal or external command,
operable program or batch file.

728813@128-IMAC05 c:\xampp
#   PRIMARY KEY (`DEPARTMENT_ID`),
'PRIMARY' is not recognized as an internal or external command,
operable program or batch file.

728813@128-IMAC05 c:\xampp
#   KEY `DEPT_MGR_FK` (`MANAGER_ID`),
'KEY' is not recognized as an internal or external command,
operable program or batch file.

728813@128-IMAC05 c:\xampp
#   KEY `DEPT_LOCATION_IX` (`LOCATION_ID`)
'KEY' is not recognized as an internal or external command,
operable program or batch file.

728813@128-IMAC05 c:\xampp
# ) ENGINE=MyISAM DEFAULT CHARSET=latin1;
728813@128-IMAC05 c:\xampp
#
728813@128-IMAC05 c:\xampp
# --
'--' is not recognized as an internal or external command,
operable program or batch file.

728813@128-IMAC05 c:\xampp
# -- Dumping data for table `departments`
'--' is not recognized as an internal or external command,
operable program or batch file.

728813@128-IMAC05 c:\xampp
# --
'--' is not recognized as an internal or external command,
operable program or batch file.

728813@128-IMAC05 c:\xampp
#
728813@128-IMAC05 c:\xampp
# INSERT INTO `departments` (`DEPARTMENT_ID`, `DEPARTMENT_NAME`, `MANAGER_ID`, `LOCATION_ID`) VALUES
'INSERT' is not recognized as an internal or external command,
operable program or batch file.

728813@128-IMAC05 c:\xampp
# ('10', 'Administration', '200', '1700'),
''10'' is not recognized as an internal or external command,
operable program or batch file.

728813@128-IMAC05 c:\xampp
# ('20', 'Marketing', '201', '1800'),
''20'' is not recognized as an internal or external command,
operable program or batch file.

728813@128-IMAC05 c:\xampp
# ('30', 'Purchasing', '114', '1700'),
''30'' is not recognized as an internal or external command,
operable program or batch file.

728813@128-IMAC05 c:\xampp
# ('40', 'Human Resources', '203', '2400'),
''40'' is not recognized as an internal or external command,
operable program or batch file.

728813@128-IMAC05 c:\xampp
# ('50', 'Shipping', '121', '1500'),
''50'' is not recognized as an internal or external command,
operable program or batch file.

728813@128-IMAC05 c:\xampp
# ('60', 'IT', '103', '1400'),
''60'' is not recognized as an internal or external command,
operable program or batch file.

728813@128-IMAC05 c:\xampp
# ('70', 'Public Relations', '204', '2700'),
''70'' is not recognized as an internal or external command,
operable program or batch file.

728813@128-IMAC05 c:\xampp
# ('80', 'Sales', '145', '2500'),
''80'' is not recognized as an internal or external command,
operable program or batch file.

728813@128-IMAC05 c:\xampp
# ('90', 'Executive', '100', '1700'),
''90'' is not recognized as an internal or external command,
operable program or batch file.

728813@128-IMAC05 c:\xampp
# ('100', 'Finance', '108', '1700'),
''100'' is not recognized as an internal or external command,
operable program or batch file.

728813@128-IMAC05 c:\xampp
# ('110', 'Accounting', '205', '1700'),
''110'' is not recognized as an internal or external command,
operable program or batch file.

728813@128-IMAC05 c:\xampp
# ('120', 'Treasury', '0', '1700'),
''120'' is not recognized as an internal or external command,
operable program or batch file.

728813@128-IMAC05 c:\xampp
# ('130', 'Corporate Tax', '0', '1700'),
''130'' is not recognized as an internal or external command,
operable program or batch file.

728813@128-IMAC05 c:\xampp
# ('140', 'Control And Credit', '0', '1700'),
''140'' is not recognized as an internal or external command,
operable program or batch file.

728813@128-IMAC05 c:\xampp
# ('150', 'Shareholder Services', '0', '1700'),
''150'' is not recognized as an internal or external command,
operable program or batch file.

728813@128-IMAC05 c:\xampp
# ('160', 'Benefits', '0', '1700'),
''160'' is not recognized as an internal or external command,
operable program or batch file.

728813@128-IMAC05 c:\xampp
# ('170', 'Manufacturing', '0', '1700'),
''170'' is not recognized as an internal or external command,
operable program or batch file.

728813@128-IMAC05 c:\xampp
# ('180', 'Construction', '0', '1700'),
''180'' is not recognized as an internal or external command,
operable program or batch file.

728813@128-IMAC05 c:\xampp
# ('190', 'Contracting', '0', '1700'),
''190'' is not recognized as an internal or external command,
operable program or batch file.

728813@128-IMAC05 c:\xampp
# ('200', 'Operations', '0', '1700'),
''200'' is not recognized as an internal or external command,
operable program or batch file.

728813@128-IMAC05 c:\xampp
# ('210', 'IT Support', '0', '1700'),
''210'' is not recognized as an internal or external command,
operable program or batch file.

728813@128-IMAC05 c:\xampp
# ('220', 'NOC', '0', '1700'),
''220'' is not recognized as an internal or external command,
operable program or batch file.

728813@128-IMAC05 c:\xampp
# ('230', 'IT Helpdesk', '0', '1700'),
''230'' is not recognized as an internal or external command,
operable program or batch file.

728813@128-IMAC05 c:\xampp
# ('240', 'Government Sales', '0', '1700'),
''240'' is not recognized as an internal or external command,
operable program or batch file.

728813@128-IMAC05 c:\xampp
# ('250', 'Retail Sales', '0', '1700'),
''250'' is not recognized as an internal or external command,
operable program or batch file.

728813@128-IMAC05 c:\xampp
# ('260', 'Recruiting', '0', '1700'),
''260'' is not recognized as an internal or external command,
operable program or batch file.

728813@128-IMAC05 c:\xampp
# ('270', 'Payroll', '0', '1700');
''270'' is not recognized as an internal or external command,
operable program or batch file.

728813@128-IMAC05 c:\xampp
#
728813@128-IMAC05 c:\xampp
# -- --------------------------------------------------------
'--' is not recognized as an internal or external command,
operable program or batch file.

728813@128-IMAC05 c:\xampp
#
728813@128-IMAC05 c:\xampp
# --
'--' is not recognized as an internal or external command,
operable program or batch file.

728813@128-IMAC05 c:\xampp
# -- Table structure for table `employees`
'--' is not recognized as an internal or external command,
operable program or batch file.

728813@128-IMAC05 c:\xampp
# --
'--' is not recognized as an internal or external command,
operable program or batch file.

728813@128-IMAC05 c:\xampp
#
728813@128-IMAC05 c:\xampp
# CREATE TABLE IF NOT EXISTS `employees` (
'CREATE' is not recognized as an internal or external command,
operable program or batch file.

728813@128-IMAC05 c:\xampp
#   `EMPLOYEE_ID` decimal(6,0) NOT NULL DEFAULT '0',
'`EMPLOYEE_ID`' is not recognized as an internal or external command,
operable program or batch file.

728813@128-IMAC05 c:\xampp
#   `FIRST_NAME` varchar(20) DEFAULT NULL,
'`FIRST_NAME`' is not recognized as an internal or external command,
operable program or batch file.

728813@128-IMAC05 c:\xampp
#   `LAST_NAME` varchar(25) NOT NULL,
'`LAST_NAME`' is not recognized as an internal or external command,
operable program or batch file.

728813@128-IMAC05 c:\xampp
#   `EMAIL` varchar(25) NOT NULL,
'`EMAIL`' is not recognized as an internal or external command,
operable program or batch file.

728813@128-IMAC05 c:\xampp
#   `PHONE_NUMBER` varchar(20) DEFAULT NULL,
'`PHONE_NUMBER`' is not recognized as an internal or external command,
operable program or batch file.

728813@128-IMAC05 c:\xampp
#   `HIRE_DATE` date NOT NULL,
'`HIRE_DATE`' is not recognized as an internal or external command,
operable program or batch file.

728813@128-IMAC05 c:\xampp
#   `JOB_ID` varchar(10) NOT NULL,
'`JOB_ID`' is not recognized as an internal or external command,
operable program or batch file.

728813@128-IMAC05 c:\xampp
#   `SALARY` decimal(8,2) DEFAULT NULL,
'`SALARY`' is not recognized as an internal or external command,
operable program or batch file.

728813@128-IMAC05 c:\xampp
#   `COMMISSION_PCT` decimal(2,2) DEFAULT NULL,
'`COMMISSION_PCT`' is not recognized as an internal or external command,
operable program or batch file.

728813@128-IMAC05 c:\xampp
#   `MANAGER_ID` decimal(6,0) DEFAULT NULL,
'`MANAGER_ID`' is not recognized as an internal or external command,
operable program or batch file.

728813@128-IMAC05 c:\xampp
#   `DEPARTMENT_ID` decimal(4,0) DEFAULT NULL,
'`DEPARTMENT_ID`' is not recognized as an internal or external command,
operable program or batch file.

728813@128-IMAC05 c:\xampp
#   PRIMARY KEY (`EMPLOYEE_ID`),
'PRIMARY' is not recognized as an internal or external command,
operable program or batch file.

728813@128-IMAC05 c:\xampp
#   UNIQUE KEY `EMP_EMAIL_UK` (`EMAIL`),
'UNIQUE' is not recognized as an internal or external command,
operable program or batch file.

728813@128-IMAC05 c:\xampp
#   KEY `EMP_DEPARTMENT_IX` (`DEPARTMENT_ID`),
'KEY' is not recognized as an internal or external command,
operable program or batch file.

728813@128-IMAC05 c:\xampp
#   KEY `EMP_JOB_IX` (`JOB_ID`),
'KEY' is not recognized as an internal or external command,
operable program or batch file.

728813@128-IMAC05 c:\xampp
#   KEY `EMP_MANAGER_IX` (`MANAGER_ID`),
'KEY' is not recognized as an internal or external command,
operable program or batch file.

728813@128-IMAC05 c:\xampp
#   KEY `EMP_NAME_IX` (`LAST_NAME`,`FIRST_NAME`)
'KEY' is not recognized as an internal or external command,
operable program or batch file.

728813@128-IMAC05 c:\xampp
# ) ENGINE=MyISAM DEFAULT CHARSET=latin1;
728813@128-IMAC05 c:\xampp
#
728813@128-IMAC05 c:\xampp
# --
'--' is not recognized as an internal or external command,
operable program or batch file.

728813@128-IMAC05 c:\xampp
# -- Dumping data for table `employees`
'--' is not recognized as an internal or external command,
operable program or batch file.

728813@128-IMAC05 c:\xampp
# --
'--' is not recognized as an internal or external command,
operable program or batch file.

728813@128-IMAC05 c:\xampp
#
728813@128-IMAC05 c:\xampp
# INSERT INTO `employees` (`EMPLOYEE_ID`, `FIRST_NAME`, `LAST_NAME`, `EMAIL`, `PHONE_NUMBER`, `HIRE_DATE`, `JOB_ID`, `SALARY`, `COMMISSION_PCT`, `MANAGER_ID`, `DEPARTMENT_ID`) VALUES
'INSERT' is not recognized as an internal or external command,
operable program or batch file.

728813@128-IMAC05 c:\xampp
# ('100', 'Steven', 'King', 'SKING', '515.123.4567', '1987-06-17', 'AD_PRES', '24000.00', '0.00', '0', '90'),
''100'' is not recognized as an internal or external command,
operable program or batch file.

728813@128-IMAC05 c:\xampp
# ('101', 'Neena', 'Kochhar', 'NKOCHHAR', '515.123.4568', '1987-06-18', 'AD_VP', '17000.00', '0.00', '100', '90'),
''101'' is not recognized as an internal or external command,
operable program or batch file.

728813@128-IMAC05 c:\xampp
# ('102', 'Lex', 'De Haan', 'LDEHAAN', '515.123.4569', '1987-06-19', 'AD_VP', '17000.00', '0.00', '100', '90'),
''102'' is not recognized as an internal or external command,
operable program or batch file.

728813@128-IMAC05 c:\xampp
# ('103', 'Alexander', 'Hunold', 'AHUNOLD', '590.423.4567', '1987-06-20', 'IT_PROG', '9000.00', '0.00', '102', '60'),
''103'' is not recognized as an internal or external command,
operable program or batch file.

728813@128-IMAC05 c:\xampp
# ('104', 'Bruce', 'Ernst', 'BERNST', '590.423.4568', '1987-06-21', 'IT_PROG', '6000.00', '0.00', '103', '60'),
''104'' is not recognized as an internal or external command,
operable program or batch file.

728813@128-IMAC05 c:\xampp
# ('105', 'David', 'Austin', 'DAUSTIN', '590.423.4569', '1987-06-22', 'IT_PROG', '4800.00', '0.00', '103', '60'),
''105'' is not recognized as an internal or external command,
operable program or batch file.

728813@128-IMAC05 c:\xampp
# ('106', 'Valli', 'Pataballa', 'VPATABAL', '590.423.4560', '1987-06-23', 'IT_PROG', '4800.00', '0.00', '103', '60'),
''106'' is not recognized as an internal or external command,
operable program or batch file.

728813@128-IMAC05 c:\xampp
# ('107', 'Diana', 'Lorentz', 'DLORENTZ', '590.423.5567', '1987-06-24', 'IT_PROG', '4200.00', '0.00', '103', '60'),
''107'' is not recognized as an internal or external command,
operable program or batch file.

728813@128-IMAC05 c:\xampp
# ('108', 'Nancy', 'Greenberg', 'NGREENBE', '515.124.4569', '1987-06-25', 'FI_MGR', '12000.00', '0.00', '101', '100'),
''108'' is not recognized as an internal or external command,
operable program or batch file.

728813@128-IMAC05 c:\xampp
# ('109', 'Daniel', 'Faviet', 'DFAVIET', '515.124.4169', '1987-06-26', 'FI_ACCOUNT', '9000.00', '0.00', '108', '100'),
''109'' is not recognized as an internal or external command,
operable program or batch file.

728813@128-IMAC05 c:\xampp
# ('110', 'John', 'Chen', 'JCHEN', '515.124.4269', '1987-06-27', 'FI_ACCOUNT', '8200.00', '0.00', '108', '100'),
''110'' is not recognized as an internal or external command,
operable program or batch file.

728813@128-IMAC05 c:\xampp
# ('111', 'Ismael', 'Sciarra', 'ISCIARRA', '515.124.4369', '1987-06-28', 'FI_ACCOUNT', '7700.00', '0.00', '108', '100'),
''111'' is not recognized as an internal or external command,
operable program or batch file.

728813@128-IMAC05 c:\xampp
# ('112', 'Jose Manuel', 'Urman', 'JMURMAN', '515.124.4469', '1987-06-29', 'FI_ACCOUNT', '7800.00', '0.00', '108', '100'),
''112'' is not recognized as an internal or external command,
operable program or batch file.

728813@128-IMAC05 c:\xampp
# ('113', 'Luis', 'Popp', 'LPOPP', '515.124.4567', '1987-06-30', 'FI_ACCOUNT', '6900.00', '0.00', '108', '100'),
''113'' is not recognized as an internal or external command,
operable program or batch file.

728813@128-IMAC05 c:\xampp
# ('114', 'Den', 'Raphaely', 'DRAPHEAL', '515.127.4561', '1987-07-01', 'PU_MAN', '11000.00', '0.00', '100', '30'),
''114'' is not recognized as an internal or external command,
operable program or batch file.

728813@128-IMAC05 c:\xampp
# ('115', 'Alexander', 'Khoo', 'AKHOO', '515.127.4562', '1987-07-02', 'PU_CLERK', '3100.00', '0.00', '114', '30'),
''115'' is not recognized as an internal or external command,
operable program or batch file.

728813@128-IMAC05 c:\xampp
# ('116', 'Shelli', 'Baida', 'SBAIDA', '515.127.4563', '1987-07-03', 'PU_CLERK', '2900.00', '0.00', '114', '30'),
''116'' is not recognized as an internal or external command,
operable program or batch file.

728813@128-IMAC05 c:\xampp
# ('117', 'Sigal', 'Tobias', 'STOBIAS', '515.127.4564', '1987-07-04', 'PU_CLERK', '2800.00', '0.00', '114', '30'),
''117'' is not recognized as an internal or external command,
operable program or batch file.

728813@128-IMAC05 c:\xampp
# ('118', 'Guy', 'Himuro', 'GHIMURO', '515.127.4565', '1987-07-05', 'PU_CLERK', '2600.00', '0.00', '114', '30'),
''118'' is not recognized as an internal or external command,
operable program or batch file.

728813@128-IMAC05 c:\xampp
# ('119', 'Karen', 'Colmenares', 'KCOLMENA', '515.127.4566', '1987-07-06', 'PU_CLERK', '2500.00', '0.00', '114', '30'),
''119'' is not recognized as an internal or external command,
operable program or batch file.

728813@128-IMAC05 c:\xampp
# ('120', 'Matthew', 'Weiss', 'MWEISS', '650.123.1234', '1987-07-07', 'ST_MAN', '8000.00', '0.00', '100', '50'),
''120'' is not recognized as an internal or external command,
operable program or batch file.

728813@128-IMAC05 c:\xampp
# ('121', 'Adam', 'Fripp', 'AFRIPP', '650.123.2234', '1987-07-08', 'ST_MAN', '8200.00', '0.00', '100', '50'),
''121'' is not recognized as an internal or external command,
operable program or batch file.

728813@128-IMAC05 c:\xampp
# ('122', 'Payam', 'Kaufling', 'PKAUFLIN', '650.123.3234', '1987-07-09', 'ST_MAN', '7900.00', '0.00', '100', '50'),
''122'' is not recognized as an internal or external command,
operable program or batch file.

728813@128-IMAC05 c:\xampp
# ('123', 'Shanta', 'Vollman', 'SVOLLMAN', '650.123.4234', '1987-07-10', 'ST_MAN', '6500.00', '0.00', '100', '50'),
''123'' is not recognized as an internal or external command,
operable program or batch file.

728813@128-IMAC05 c:\xampp
# ('124', 'Kevin', 'Mourgos', 'KMOURGOS', '650.123.5234', '1987-07-11', 'ST_MAN', '5800.00', '0.00', '100', '50'),
''124'' is not recognized as an internal or external command,
operable program or batch file.

728813@128-IMAC05 c:\xampp
# ('125', 'Julia', 'Nayer', 'JNAYER', '650.124.1214', '1987-07-12', 'ST_CLERK', '3200.00', '0.00', '120', '50'),
''125'' is not recognized as an internal or external command,
operable program or batch file.

728813@128-IMAC05 c:\xampp
# ('126', 'Irene', 'Mikkilineni', 'IMIKKILI', '650.124.1224', '1987-07-13', 'ST_CLERK', '2700.00', '0.00', '120', '50'),
''126'' is not recognized as an internal or external command,
operable program or batch file.

728813@128-IMAC05 c:\xampp
# ('127', 'James', 'Landry', 'JLANDRY', '650.124.1334', '1987-07-14', 'ST_CLERK', '2400.00', '0.00', '120', '50'),
''127'' is not recognized as an internal or external command,
operable program or batch file.

728813@128-IMAC05 c:\xampp
# ('128', 'Steven', 'Markle', 'SMARKLE', '650.124.1434', '1987-07-15', 'ST_CLERK', '2200.00', '0.00', '120', '50'),
''128'' is not recognized as an internal or external command,
operable program or batch file.

728813@128-IMAC05 c:\xampp
# ('129', 'Laura', 'Bissot', 'LBISSOT', '650.124.5234', '1987-07-16', 'ST_CLERK', '3300.00', '0.00', '121', '50'),
''129'' is not recognized as an internal or external command,
operable program or batch file.

728813@128-IMAC05 c:\xampp
# ('130', 'Mozhe', 'Atkinson', 'MATKINSO', '650.124.6234', '1987-07-17', 'ST_CLERK', '2800.00', '0.00', '121', '50'),
''130'' is not recognized as an internal or external command,
operable program or batch file.

728813@128-IMAC05 c:\xampp
# ('131', 'James', 'Marlow', 'JAMRLOW', '650.124.7234', '1987-07-18', 'ST_CLERK', '2500.00', '0.00', '121', '50'),
''131'' is not recognized as an internal or external command,
operable program or batch file.

728813@128-IMAC05 c:\xampp
# ('132', 'TJ', 'Olson', 'TJOLSON', '650.124.8234', '1987-07-19', 'ST_CLERK', '2100.00', '0.00', '121', '50'),
''132'' is not recognized as an internal or external command,
operable program or batch file.

728813@128-IMAC05 c:\xampp
# ('133', 'Jason', 'Mallin', 'JMALLIN', '650.127.1934', '1987-07-20', 'ST_CLERK', '3300.00', '0.00', '122', '50'),
''133'' is not recognized as an internal or external command,
operable program or batch file.

728813@128-IMAC05 c:\xampp
# ('134', 'Michael', 'Rogers', 'MROGERS', '650.127.1834', '1987-07-21', 'ST_CLERK', '2900.00', '0.00', '122', '50'),
''134'' is not recognized as an internal or external command,
operable program or batch file.

728813@128-IMAC05 c:\xampp
# ('135', 'Ki', 'Gee', 'KGEE', '650.127.1734', '1987-07-22', 'ST_CLERK', '2400.00', '0.00', '122', '50'),
''135'' is not recognized as an internal or external command,
operable program or batch file.

728813@128-IMAC05 c:\xampp
# ('136', 'Hazel', 'Philtanker', 'HPHILTAN', '650.127.1634', '1987-07-23', 'ST_CLERK', '2200.00', '0.00', '122', '50'),
''136'' is not recognized as an internal or external command,
operable program or batch file.

728813@128-IMAC05 c:\xampp
# ('137', 'Renske', 'Ladwig', 'RLADWIG', '650.121.1234', '1987-07-24', 'ST_CLERK', '3600.00', '0.00', '123', '50'),
''137'' is not recognized as an internal or external command,
operable program or batch file.

728813@128-IMAC05 c:\xampp
# ('138', 'Stephen', 'Stiles', 'SSTILES', '650.121.2034', '1987-07-25', 'ST_CLERK', '3200.00', '0.00', '123', '50'),
''138'' is not recognized as an internal or external command,
operable program or batch file.

728813@128-IMAC05 c:\xampp
# ('139', 'John', 'Seo', 'JSEO', '650.121.2019', '1987-07-26', 'ST_CLERK', '2700.00', '0.00', '123', '50'),
''139'' is not recognized as an internal or external command,
operable program or batch file.

728813@128-IMAC05 c:\xampp
# ('140', 'Joshua', 'Patel', 'JPATEL', '650.121.1834', '1987-07-27', 'ST_CLERK', '2500.00', '0.00', '123', '50'),
''140'' is not recognized as an internal or external command,
operable program or batch file.

728813@128-IMAC05 c:\xampp
# ('141', 'Trenna', 'Rajs', 'TRAJS', '650.121.8009', '1987-07-28', 'ST_CLERK', '3500.00', '0.00', '124', '50'),
''141'' is not recognized as an internal or external command,
operable program or batch file.

728813@128-IMAC05 c:\xampp
# ('142', 'Curtis', 'Davies', 'CDAVIES', '650.121.2994', '1987-07-29', 'ST_CLERK', '3100.00', '0.00', '124', '50'),
''142'' is not recognized as an internal or external command,
operable program or batch file.

728813@128-IMAC05 c:\xampp
# ('143', 'Randall', 'Matos', 'RMATOS', '650.121.2874', '1987-07-30', 'ST_CLERK', '2600.00', '0.00', '124', '50'),
''143'' is not recognized as an internal or external command,
operable program or batch file.

728813@128-IMAC05 c:\xampp
# ('144', 'Peter', 'Vargas', 'PVARGAS', '650.121.2004', '1987-07-31', 'ST_CLERK', '2500.00', '0.00', '124', '50'),
''144'' is not recognized as an internal or external command,
operable program or batch file.

728813@128-IMAC05 c:\xampp
# ('145', 'John', 'Russell', 'JRUSSEL', '011.44.1344.429268', '1987-08-01', 'SA_MAN', '14000.00', '0.40', '100', '80'),
''145'' is not recognized as an internal or external command,
operable program or batch file.

728813@128-IMAC05 c:\xampp
# ('146', 'Karen', 'Partners', 'KPARTNER', '011.44.1344.467268', '1987-08-02', 'SA_MAN', '13500.00', '0.30', '100', '80'),
''146'' is not recognized as an internal or external command,
operable program or batch file.

728813@128-IMAC05 c:\xampp
# ('147', 'Alberto', 'Errazuriz', 'AERRAZUR', '011.44.1344.429278', '1987-08-03', 'SA_MAN', '12000.00', '0.30', '100', '80'),
''147'' is not recognized as an internal or external command,
operable program or batch file.

728813@128-IMAC05 c:\xampp
# ('148', 'Gerald', 'Cambrault', 'GCAMBRAU', '011.44.1344.619268', '1987-08-04', 'SA_MAN', '11000.00', '0.30', '100', '80'),
''148'' is not recognized as an internal or external command,
operable program or batch file.

728813@128-IMAC05 c:\xampp
# ('149', 'Eleni', 'Zlotkey', 'EZLOTKEY', '011.44.1344.429018', '1987-08-05', 'SA_MAN', '10500.00', '0.20', '100', '80'),
''149'' is not recognized as an internal or external command,
operable program or batch file.

728813@128-IMAC05 c:\xampp
# ('150', 'Peter', 'Tucker', 'PTUCKER', '011.44.1344.129268', '1987-08-06', 'SA_REP', '10000.00', '0.30', '145', '80'),
''150'' is not recognized as an internal or external command,
operable program or batch file.

728813@128-IMAC05 c:\xampp
# ('151', 'David', 'Bernstein', 'DBERNSTE', '011.44.1344.345268', '1987-08-07', 'SA_REP', '9500.00', '0.25', '145', '80'),
''151'' is not recognized as an internal or external command,
operable program or batch file.

728813@128-IMAC05 c:\xampp
# ('152', 'Peter', 'Hall', 'PHALL', '011.44.1344.478968', '1987-08-08', 'SA_REP', '9000.00', '0.25', '145', '80'),
''152'' is not recognized as an internal or external command,
operable program or batch file.

728813@128-IMAC05 c:\xampp
# ('153', 'Christopher', 'Olsen', 'COLSEN', '011.44.1344.498718', '1987-08-09', 'SA_REP', '8000.00', '0.20', '145', '80'),
''153'' is not recognized as an internal or external command,
operable program or batch file.

728813@128-IMAC05 c:\xampp
# ('154', 'Nanette', 'Cambrault', 'NCAMBRAU', '011.44.1344.987668', '1987-08-10', 'SA_REP', '7500.00', '0.20', '145', '80'),
''154'' is not recognized as an internal or external command,
operable program or batch file.

728813@128-IMAC05 c:\xampp
# ('155', 'Oliver', 'Tuvault', 'OTUVAULT', '011.44.1344.486508', '1987-08-11', 'SA_REP', '7000.00', '0.15', '145', '80'),
''155'' is not recognized as an internal or external command,
operable program or batch file.

728813@128-IMAC05 c:\xampp
# ('156', 'Janette', 'King', 'JKING', '011.44.1345.429268', '1987-08-12', 'SA_REP', '10000.00', '0.35', '146', '80'),
''156'' is not recognized as an internal or external command,
operable program or batch file.

728813@128-IMAC05 c:\xampp
# ('157', 'Patrick', 'Sully', 'PSULLY', '011.44.1345.929268', '1987-08-13', 'SA_REP', '9500.00', '0.35', '146', '80'),
''157'' is not recognized as an internal or external command,
operable program or batch file.

728813@128-IMAC05 c:\xampp
# ('158', 'Allan', 'McEwen', 'AMCEWEN', '011.44.1345.829268', '1987-08-14', 'SA_REP', '9000.00', '0.35', '146', '80'),
''158'' is not recognized as an internal or external command,
operable program or batch file.

728813@128-IMAC05 c:\xampp
# ('159', 'Lindsey', 'Smith', 'LSMITH', '011.44.1345.729268', '1987-08-15', 'SA_REP', '8000.00', '0.30', '146', '80'),
''159'' is not recognized as an internal or external command,
operable program or batch file.

728813@128-IMAC05 c:\xampp
# ('160', 'Louise', 'Doran', 'LDORAN', '011.44.1345.629268', '1987-08-16', 'SA_REP', '7500.00', '0.30', '146', '80'),
''160'' is not recognized as an internal or external command,
operable program or batch file.

728813@128-IMAC05 c:\xampp
# ('161', 'Sarath', 'Sewall', 'SSEWALL', '011.44.1345.529268', '1987-08-17', 'SA_REP', '7000.00', '0.25', '146', '80'),
''161'' is not recognized as an internal or external command,
operable program or batch file.

728813@128-IMAC05 c:\xampp
# ('162', 'Clara', 'Vishney', 'CVISHNEY', '011.44.1346.129268', '1987-08-18', 'SA_REP', '10500.00', '0.25', '147', '80'),
''162'' is not recognized as an internal or external command,
operable program or batch file.

728813@128-IMAC05 c:\xampp
# ('163', 'Danielle', 'Greene', 'DGREENE', '011.44.1346.229268', '1987-08-19', 'SA_REP', '9500.00', '0.15', '147', '80'),
''163'' is not recognized as an internal or external command,
operable program or batch file.

728813@128-IMAC05 c:\xampp
# ('164', 'Mattea', 'Marvins', 'MMARVINS', '011.44.1346.329268', '1987-08-20', 'SA_REP', '7200.00', '0.10', '147', '80'),
''164'' is not recognized as an internal or external command,
operable program or batch file.

728813@128-IMAC05 c:\xampp
# ('165', 'David', 'Lee', 'DLEE', '011.44.1346.529268', '1987-08-21', 'SA_REP', '6800.00', '0.10', '147', '80'),
''165'' is not recognized as an internal or external command,
operable program or batch file.

728813@128-IMAC05 c:\xampp
# ('166', 'Sundar', 'Ande', 'SANDE', '011.44.1346.629268', '1987-08-22', 'SA_REP', '6400.00', '0.10', '147', '80'),
''166'' is not recognized as an internal or external command,
operable program or batch file.

728813@128-IMAC05 c:\xampp
# ('167', 'Amit', 'Banda', 'ABANDA', '011.44.1346.729268', '1987-08-23', 'SA_REP', '6200.00', '0.10', '147', '80'),
''167'' is not recognized as an internal or external command,
operable program or batch file.

728813@128-IMAC05 c:\xampp
# ('168', 'Lisa', 'Ozer', 'LOZER', '011.44.1343.929268', '1987-08-24', 'SA_REP', '11500.00', '0.25', '148', '80'),
''168'' is not recognized as an internal or external command,
operable program or batch file.

728813@128-IMAC05 c:\xampp
# ('169', 'Harrison', 'Bloom', 'HBLOOM', '011.44.1343.829268', '1987-08-25', 'SA_REP', '10000.00', '0.20', '148', '80'),
''169'' is not recognized as an internal or external command,
operable program or batch file.

728813@128-IMAC05 c:\xampp
# ('170', 'Tayler', 'Fox', 'TFOX', '011.44.1343.729268', '1987-08-26', 'SA_REP', '9600.00', '0.20', '148', '80'),
''170'' is not recognized as an internal or external command,
operable program or batch file.

728813@128-IMAC05 c:\xampp
# ('171', 'William', 'Smith', 'WSMITH', '011.44.1343.629268', '1987-08-27', 'SA_REP', '7400.00', '0.15', '148', '80'),
''171'' is not recognized as an internal or external command,
operable program or batch file.

728813@128-IMAC05 c:\xampp
# ('172', 'Elizabeth', 'Bates', 'EBATES', '011.44.1343.529268', '1987-08-28', 'SA_REP', '7300.00', '0.15', '148', '80'),
''172'' is not recognized as an internal or external command,
operable program or batch file.

728813@128-IMAC05 c:\xampp
# ('173', 'Sundita', 'Kumar', 'SKUMAR', '011.44.1343.329268', '1987-08-29', 'SA_REP', '6100.00', '0.10', '148', '80'),
''173'' is not recognized as an internal or external command,
operable program or batch file.

728813@128-IMAC05 c:\xampp
# ('174', 'Ellen', 'Abel', 'EABEL', '011.44.1644.429267', '1987-08-30', 'SA_REP', '11000.00', '0.30', '149', '80'),
''174'' is not recognized as an internal or external command,
operable program or batch file.

728813@128-IMAC05 c:\xampp
# ('175', 'Alyssa', 'Hutton', 'AHUTTON', '011.44.1644.429266', '1987-08-31', 'SA_REP', '8800.00', '0.25', '149', '80'),
''175'' is not recognized as an internal or external command,
operable program or batch file.

728813@128-IMAC05 c:\xampp
# ('176', 'Jonathon', 'Taylor', 'JTAYLOR', '011.44.1644.429265', '1987-09-01', 'SA_REP', '8600.00', '0.20', '149', '80'),
''176'' is not recognized as an internal or external command,
operable program or batch file.

728813@128-IMAC05 c:\xampp
# ('177', 'Jack', 'Livingston', 'JLIVINGS', '011.44.1644.429264', '1987-09-02', 'SA_REP', '8400.00', '0.20', '149', '80'),
''177'' is not recognized as an internal or external command,
operable program or batch file.

728813@128-IMAC05 c:\xampp
# ('178', 'Kimberely', 'Grant', 'KGRANT', '011.44.1644.429263', '1987-09-03', 'SA_REP', '7000.00', '0.15', '149', '0'),
''178'' is not recognized as an internal or external command,
operable program or batch file.

728813@128-IMAC05 c:\xampp
# ('179', 'Charles', 'Johnson', 'CJOHNSON', '011.44.1644.429262', '1987-09-04', 'SA_REP', '6200.00', '0.10', '149', '80'),
''179'' is not recognized as an internal or external command,
operable program or batch file.

728813@128-IMAC05 c:\xampp
# ('180', 'Winston', 'Taylor', 'WTAYLOR', '650.507.9876', '1987-09-05', 'SH_CLERK', '3200.00', '0.00', '120', '50'),
''180'' is not recognized as an internal or external command,
operable program or batch file.

728813@128-IMAC05 c:\xampp
# ('181', 'Jean', 'Fleaur', 'JFLEAUR', '650.507.9877', '1987-09-06', 'SH_CLERK', '3100.00', '0.00', '120', '50'),
''181'' is not recognized as an internal or external command,
operable program or batch file.

728813@128-IMAC05 c:\xampp
# ('182', 'Martha', 'Sullivan', 'MSULLIVA', '650.507.9878', '1987-09-07', 'SH_CLERK', '2500.00', '0.00', '120', '50'),
''182'' is not recognized as an internal or external command,
operable program or batch file.

728813@128-IMAC05 c:\xampp
# ('183', 'Girard', 'Geoni', 'GGEONI', '650.507.9879', '1987-09-08', 'SH_CLERK', '2800.00', '0.00', '120', '50'),
''183'' is not recognized as an internal or external command,
operable program or batch file.

728813@128-IMAC05 c:\xampp
# ('184', 'Nandita', 'Sarchand', 'NSARCHAN', '650.509.1876', '1987-09-09', 'SH_CLERK', '4200.00', '0.00', '121', '50'),
''184'' is not recognized as an internal or external command,
operable program or batch file.

728813@128-IMAC05 c:\xampp
# ('185', 'Alexis', 'Bull', 'ABULL', '650.509.2876', '1987-09-10', 'SH_CLERK', '4100.00', '0.00', '121', '50'),
''185'' is not recognized as an internal or external command,
operable program or batch file.

728813@128-IMAC05 c:\xampp
# ('186', 'Julia', 'Dellinger', 'JDELLING', '650.509.3876', '1987-09-11', 'SH_CLERK', '3400.00', '0.00', '121', '50'),
''186'' is not recognized as an internal or external command,
operable program or batch file.

728813@128-IMAC05 c:\xampp
# ('187', 'Anthony', 'Cabrio', 'ACABRIO', '650.509.4876', '1987-09-12', 'SH_CLERK', '3000.00', '0.00', '121', '50'),
''187'' is not recognized as an internal or external command,
operable program or batch file.

728813@128-IMAC05 c:\xampp
# ('188', 'Kelly', 'Chung', 'KCHUNG', '650.505.1876', '1987-09-13', 'SH_CLERK', '3800.00', '0.00', '122', '50'),
''188'' is not recognized as an internal or external command,
operable program or batch file.

728813@128-IMAC05 c:\xampp
# ('189', 'Jennifer', 'Dilly', 'JDILLY', '650.505.2876', '1987-09-14', 'SH_CLERK', '3600.00', '0.00', '122', '50'),
''189'' is not recognized as an internal or external command,
operable program or batch file.

728813@128-IMAC05 c:\xampp
# ('190', 'Timothy', 'Gates', 'TGATES', '650.505.3876', '1987-09-15', 'SH_CLERK', '2900.00', '0.00', '122', '50'),
''190'' is not recognized as an internal or external command,
operable program or batch file.

728813@128-IMAC05 c:\xampp
# ('191', 'Randall', 'Perkins', 'RPERKINS', '650.505.4876', '1987-09-16', 'SH_CLERK', '2500.00', '0.00', '122', '50'),
''191'' is not recognized as an internal or external command,
operable program or batch file.

728813@128-IMAC05 c:\xampp
# ('192', 'Sarah', 'Bell', 'SBELL', '650.501.1876', '1987-09-17', 'SH_CLERK', '4000.00', '0.00', '123', '50'),
''192'' is not recognized as an internal or external command,
operable program or batch file.

728813@128-IMAC05 c:\xampp
# ('193', 'Britney', 'Everett', 'BEVERETT', '650.501.2876', '1987-09-18', 'SH_CLERK', '3900.00', '0.00', '123', '50'),
''193'' is not recognized as an internal or external command,
operable program or batch file.

728813@128-IMAC05 c:\xampp
# ('194', 'Samuel', 'McCain', 'SMCCAIN', '650.501.3876', '1987-09-19', 'SH_CLERK', '3200.00', '0.00', '123', '50'),
''194'' is not recognized as an internal or external command,
operable program or batch file.

728813@128-IMAC05 c:\xampp
# ('195', 'Vance', 'Jones', 'VJONES', '650.501.4876', '1987-09-20', 'SH_CLERK', '2800.00', '0.00', '123', '50'),
''195'' is not recognized as an internal or external command,
operable program or batch file.

728813@128-IMAC05 c:\xampp
# ('196', 'Alana', 'Walsh', 'AWALSH', '650.507.9811', '1987-09-21', 'SH_CLERK', '3100.00', '0.00', '124', '50'),
''196'' is not recognized as an internal or external command,
operable program or batch file.

728813@128-IMAC05 c:\xampp
# ('197', 'Kevin', 'Feeney', 'KFEENEY', '650.507.9822', '1987-09-22', 'SH_CLERK', '3000.00', '0.00', '124', '50'),
''197'' is not recognized as an internal or external command,
operable program or batch file.

728813@128-IMAC05 c:\xampp
# ('198', 'Donald', 'OConnell', 'DOCONNEL', '650.507.9833', '1987-09-23', 'SH_CLERK', '2600.00', '0.00', '124', '50'),
''198'' is not recognized as an internal or external command,
operable program or batch file.

728813@128-IMAC05 c:\xampp
# ('199', 'Douglas', 'Grant', 'DGRANT', '650.507.9844', '1987-09-24', 'SH_CLERK', '2600.00', '0.00', '124', '50'),
''199'' is not recognized as an internal or external command,
operable program or batch file.

728813@128-IMAC05 c:\xampp
# ('200', 'Jennifer', 'Whalen', 'JWHALEN', '515.123.4444', '1987-09-25', 'AD_ASST', '4400.00', '0.00', '101', '10'),
''200'' is not recognized as an internal or external command,
operable program or batch file.

728813@128-IMAC05 c:\xampp
# ('201', 'Michael', 'Hartstein', 'MHARTSTE', '515.123.5555', '1987-09-26', 'MK_MAN', '13000.00', '0.00', '100', '20'),
''201'' is not recognized as an internal or external command,
operable program or batch file.

728813@128-IMAC05 c:\xampp
# ('202', 'Pat', 'Fay', 'PFAY', '603.123.6666', '1987-09-27', 'MK_REP', '6000.00', '0.00', '201', '20'),
''202'' is not recognized as an internal or external command,
operable program or batch file.

728813@128-IMAC05 c:\xampp
# ('203', 'Susan', 'Mavris', 'SMAVRIS', '515.123.7777', '1987-09-28', 'HR_REP', '6500.00', '0.00', '101', '40'),
''203'' is not recognized as an internal or external command,
operable program or batch file.

728813@128-IMAC05 c:\xampp
# ('204', 'Hermann', 'Baer', 'HBAER', '515.123.8888', '1987-09-29', 'PR_REP', '10000.00', '0.00', '101', '70'),
''204'' is not recognized as an internal or external command,
operable program or batch file.

728813@128-IMAC05 c:\xampp
# ('205', 'Shelley', 'Higgins', 'SHIGGINS', '515.123.8080', '1987-09-30', 'AC_MGR', '12000.00', '0.00', '101', '110'),
''205'' is not recognized as an internal or external command,
operable program or batch file.

728813@128-IMAC05 c:\xampp
# ('206', 'William', 'Gietz', 'WGIETZ', '515.123.8181', '1987-10-01', 'AC_ACCOUNT', '8300.00', '0.00', '205', '110');
''206'' is not recognized as an internal or external command,
operable program or batch file.

728813@128-IMAC05 c:\xampp
#
728813@128-IMAC05 c:\xampp
# -- --------------------------------------------------------
'--' is not recognized as an internal or external command,
operable program or batch file.

728813@128-IMAC05 c:\xampp
#
728813@128-IMAC05 c:\xampp
# --
'--' is not recognized as an internal or external command,
operable program or batch file.

728813@128-IMAC05 c:\xampp
# -- Table structure for table `job_history`
'--' is not recognized as an internal or external command,
operable program or batch file.

728813@128-IMAC05 c:\xampp
# --
'--' is not recognized as an internal or external command,
operable program or batch file.

728813@128-IMAC05 c:\xampp
#
728813@128-IMAC05 c:\xampp
# CREATE TABLE IF NOT EXISTS `job_history` (
'CREATE' is not recognized as an internal or external command,
operable program or batch file.

728813@128-IMAC05 c:\xampp
#   `EMPLOYEE_ID` decimal(6,0) NOT NULL,
'`EMPLOYEE_ID`' is not recognized as an internal or external command,
operable program or batch file.

728813@128-IMAC05 c:\xampp
#   `START_DATE` date NOT NULL,
'`START_DATE`' is not recognized as an internal or external command,
operable program or batch file.

728813@128-IMAC05 c:\xampp
#   `END_DATE` date NOT NULL,
'`END_DATE`' is not recognized as an internal or external command,
operable program or batch file.

728813@128-IMAC05 c:\xampp
#   `JOB_ID` varchar(10) NOT NULL,
'`JOB_ID`' is not recognized as an internal or external command,
operable program or batch file.

728813@128-IMAC05 c:\xampp
#   `DEPARTMENT_ID` decimal(4,0) DEFAULT NULL,
'`DEPARTMENT_ID`' is not recognized as an internal or external command,
operable program or batch file.

728813@128-IMAC05 c:\xampp
#   PRIMARY KEY (`EMPLOYEE_ID`,`START_DATE`),
'PRIMARY' is not recognized as an internal or external command,
operable program or batch file.

728813@128-IMAC05 c:\xampp
#   KEY `JHIST_DEPARTMENT_IX` (`DEPARTMENT_ID`),
'KEY' is not recognized as an internal or external command,
operable program or batch file.

728813@128-IMAC05 c:\xampp
#   KEY `JHIST_EMPLOYEE_IX` (`EMPLOYEE_ID`),
'KEY' is not recognized as an internal or external command,
operable program or batch file.

728813@128-IMAC05 c:\xampp
#   KEY `JHIST_JOB_IX` (`JOB_ID`)
'KEY' is not recognized as an internal or external command,
operable program or batch file.

728813@128-IMAC05 c:\xampp
# ) ENGINE=MyISAM DEFAULT CHARSET=latin1;
728813@128-IMAC05 c:\xampp
#
728813@128-IMAC05 c:\xampp
# --
'--' is not recognized as an internal or external command,
operable program or batch file.

728813@128-IMAC05 c:\xampp
# -- Dumping data for table `job_history`
'--' is not recognized as an internal or external command,
operable program or batch file.

728813@128-IMAC05 c:\xampp
# --
'--' is not recognized as an internal or external command,
operable program or batch file.

728813@128-IMAC05 c:\xampp
#
728813@128-IMAC05 c:\xampp
# INSERT INTO `job_history` (`EMPLOYEE_ID`, `START_DATE`, `END_DATE`, `JOB_ID`, `DEPARTMENT_ID`) VALUES
'INSERT' is not recognized as an internal or external command,
operable program or batch file.

728813@128-IMAC05 c:\xampp
# ('102', '1993-01-13', '1998-07-24', 'IT_PROG', '60'),
''102'' is not recognized as an internal or external command,
operable program or batch file.

728813@128-IMAC05 c:\xampp
# ('101', '1989-09-21', '1993-10-27', 'AC_ACCOUNT', '110'),
''101'' is not recognized as an internal or external command,
operable program or batch file.

728813@128-IMAC05 c:\xampp
# ('101', '1993-10-28', '1997-03-15', 'AC_MGR', '110'),
''101'' is not recognized as an internal or external command,
operable program or batch file.

728813@128-IMAC05 c:\xampp
# ('201', '1996-02-17', '1999-12-19', 'MK_REP', '20'),
''201'' is not recognized as an internal or external command,
operable program or batch file.

728813@128-IMAC05 c:\xampp
# ('114', '1998-03-24', '1999-12-31', 'ST_CLERK', '50'),
''114'' is not recognized as an internal or external command,
operable program or batch file.

728813@128-IMAC05 c:\xampp
# ('122', '1999-01-01', '1999-12-31', 'ST_CLERK', '50'),
''122'' is not recognized as an internal or external command,
operable program or batch file.

728813@128-IMAC05 c:\xampp
# ('200', '1987-09-17', '1993-06-17', 'AD_ASST', '90'),
''200'' is not recognized as an internal or external command,
operable program or batch file.

728813@128-IMAC05 c:\xampp
# ('176', '1998-03-24', '1998-12-31', 'SA_REP', '80'),
''176'' is not recognized as an internal or external command,
operable program or batch file.

728813@128-IMAC05 c:\xampp
# ('176', '1999-01-01', '1999-12-31', 'SA_MAN', '80'),
''176'' is not recognized as an internal or external command,
operable program or batch file.

728813@128-IMAC05 c:\xampp
# ('200', '1994-07-01', '1998-12-31', 'AC_ACCOUNT', '90'),
''200'' is not recognized as an internal or external command,
operable program or batch file.

728813@128-IMAC05 c:\xampp
# ('0', '0000-00-00', '0000-00-00', '', '0');
''0'' is not recognized as an internal or external command,
operable program or batch file.

728813@128-IMAC05 c:\xampp
#
728813@128-IMAC05 c:\xampp
# -- --------------------------------------------------------
'--' is not recognized as an internal or external command,
operable program or batch file.

728813@128-IMAC05 c:\xampp
#
728813@128-IMAC05 c:\xampp
# --
'--' is not recognized as an internal or external command,
operable program or batch file.

728813@128-IMAC05 c:\xampp
# -- Table structure for table `jobs`
'--' is not recognized as an internal or external command,
operable program or batch file.

728813@128-IMAC05 c:\xampp
# --
'--' is not recognized as an internal or external command,
operable program or batch file.

728813@128-IMAC05 c:\xampp
#
728813@128-IMAC05 c:\xampp
# CREATE TABLE IF NOT EXISTS `jobs` (
'CREATE' is not recognized as an internal or external command,
operable program or batch file.

728813@128-IMAC05 c:\xampp
#   `JOB_ID` varchar(10) NOT NULL DEFAULT '',
'`JOB_ID`' is not recognized as an internal or external command,
operable program or batch file.

728813@128-IMAC05 c:\xampp
#   `JOB_TITLE` varchar(35) NOT NULL,
'`JOB_TITLE`' is not recognized as an internal or external command,
operable program or batch file.

728813@128-IMAC05 c:\xampp
#   `MIN_SALARY` decimal(6,0) DEFAULT NULL,
'`MIN_SALARY`' is not recognized as an internal or external command,
operable program or batch file.

728813@128-IMAC05 c:\xampp
#   `MAX_SALARY` decimal(6,0) DEFAULT NULL,
'`MAX_SALARY`' is not recognized as an internal or external command,
operable program or batch file.

728813@128-IMAC05 c:\xampp
#   PRIMARY KEY (`JOB_ID`)
'PRIMARY' is not recognized as an internal or external command,
operable program or batch file.

728813@128-IMAC05 c:\xampp
# ) ENGINE=MyISAM DEFAULT CHARSET=latin1;
728813@128-IMAC05 c:\xampp
#
728813@128-IMAC05 c:\xampp
# --
'--' is not recognized as an internal or external command,
operable program or batch file.

728813@128-IMAC05 c:\xampp
# -- Dumping data for table `jobs`
'--' is not recognized as an internal or external command,
operable program or batch file.

728813@128-IMAC05 c:\xampp
# --
'--' is not recognized as an internal or external command,
operable program or batch file.

728813@128-IMAC05 c:\xampp
#
728813@128-IMAC05 c:\xampp
# INSERT INTO `jobs` (`JOB_ID`, `JOB_TITLE`, `MIN_SALARY`, `MAX_SALARY`) VALUES
'INSERT' is not recognized as an internal or external command,
operable program or batch file.

728813@128-IMAC05 c:\xampp
# ('AD_PRES', 'President', '20000', '40000'),
''AD_PRES'' is not recognized as an internal or external command,
operable program or batch file.

728813@128-IMAC05 c:\xampp
# ('AD_VP', 'Administration Vice President', '15000', '30000'),
''AD_VP'' is not recognized as an internal or external command,
operable program or batch file.

728813@128-IMAC05 c:\xampp
# ('AD_ASST', 'Administration Assistant', '3000', '6000'),
''AD_ASST'' is not recognized as an internal or external command,
operable program or batch file.

728813@128-IMAC05 c:\xampp
# ('FI_MGR', 'Finance Manager', '8200', '16000'),
''FI_MGR'' is not recognized as an internal or external command,
operable program or batch file.

728813@128-IMAC05 c:\xampp
# ('FI_ACCOUNT', 'Accountant', '4200', '9000'),
''FI_ACCOUNT'' is not recognized as an internal or external command,
operable program or batch file.

728813@128-IMAC05 c:\xampp
# ('AC_MGR', 'Accounting Manager', '8200', '16000'),
''AC_MGR'' is not recognized as an internal or external command,
operable program or batch file.

728813@128-IMAC05 c:\xampp
# ('AC_ACCOUNT', 'Public Accountant', '4200', '9000'),
''AC_ACCOUNT'' is not recognized as an internal or external command,
operable program or batch file.

728813@128-IMAC05 c:\xampp
# ('SA_MAN', 'Sales Manager', '10000', '20000'),
''SA_MAN'' is not recognized as an internal or external command,
operable program or batch file.

728813@128-IMAC05 c:\xampp
# ('SA_REP', 'Sales Representative', '6000', '12000'),
''SA_REP'' is not recognized as an internal or external command,
operable program or batch file.

728813@128-IMAC05 c:\xampp
# ('PU_MAN', 'Purchasing Manager', '8000', '15000'),
''PU_MAN'' is not recognized as an internal or external command,
operable program or batch file.

728813@128-IMAC05 c:\xampp
# ('PU_CLERK', 'Purchasing Clerk', '2500', '5500'),
''PU_CLERK'' is not recognized as an internal or external command,
operable program or batch file.

728813@128-IMAC05 c:\xampp
# ('ST_MAN', 'Stock Manager', '5500', '8500'),
''ST_MAN'' is not recognized as an internal or external command,
operable program or batch file.

728813@128-IMAC05 c:\xampp
# ('ST_CLERK', 'Stock Clerk', '2000', '5000'),
''ST_CLERK'' is not recognized as an internal or external command,
operable program or batch file.

728813@128-IMAC05 c:\xampp
# ('SH_CLERK', 'Shipping Clerk', '2500', '5500'),
''SH_CLERK'' is not recognized as an internal or external command,
operable program or batch file.

728813@128-IMAC05 c:\xampp
# ('IT_PROG', 'Programmer', '4000', '10000'),
''IT_PROG'' is not recognized as an internal or external command,
operable program or batch file.

728813@128-IMAC05 c:\xampp
# ('MK_MAN', 'Marketing Manager', '9000', '15000'),
''MK_MAN'' is not recognized as an internal or external command,
operable program or batch file.

728813@128-IMAC05 c:\xampp
# ('MK_REP', 'Marketing Representative', '4000', '9000'),
''MK_REP'' is not recognized as an internal or external command,
operable program or batch file.

728813@128-IMAC05 c:\xampp
# ('HR_REP', 'Human Resources Representative', '4000', '9000'),
''HR_REP'' is not recognized as an internal or external command,
operable program or batch file.

728813@128-IMAC05 c:\xampp
# ('PR_REP', 'Public Relations Representative', '4500', '10500');
''PR_REP'' is not recognized as an internal or external command,
operable program or batch file.

728813@128-IMAC05 c:\xampp
#
728813@128-IMAC05 c:\xampp
# -- --------------------------------------------------------
'--' is not recognized as an internal or external command,
operable program or batch file.

728813@128-IMAC05 c:\xampp
#
728813@128-IMAC05 c:\xampp
# --
'--' is not recognized as an internal or external command,
operable program or batch file.

728813@128-IMAC05 c:\xampp
# -- Table structure for table `locations`
'--' is not recognized as an internal or external command,
operable program or batch file.

728813@128-IMAC05 c:\xampp
# --
'--' is not recognized as an internal or external command,
operable program or batch file.

728813@128-IMAC05 c:\xampp
#
728813@128-IMAC05 c:\xampp
# CREATE TABLE IF NOT EXISTS `locations` (
'CREATE' is not recognized as an internal or external command,
operable program or batch file.

728813@128-IMAC05 c:\xampp
#   `LOCATION_ID` decimal(4,0) NOT NULL DEFAULT '0',
'`LOCATION_ID`' is not recognized as an internal or external command,
operable program or batch file.

728813@128-IMAC05 c:\xampp
#   `STREET_ADDRESS` varchar(40) DEFAULT NULL,
'`STREET_ADDRESS`' is not recognized as an internal or external command,
operable program or batch file.

728813@128-IMAC05 c:\xampp
#   `POSTAL_CODE` varchar(12) DEFAULT NULL,
'`POSTAL_CODE`' is not recognized as an internal or external command,
operable program or batch file.

728813@128-IMAC05 c:\xampp
#   `CITY` varchar(30) NOT NULL,
'`CITY`' is not recognized as an internal or external command,
operable program or batch file.

728813@128-IMAC05 c:\xampp
#   `STATE_PROVINCE` varchar(25) DEFAULT NULL,
'`STATE_PROVINCE`' is not recognized as an internal or external command,
operable program or batch file.

728813@128-IMAC05 c:\xampp
#   `COUNTRY_ID` varchar(2) DEFAULT NULL,
'`COUNTRY_ID`' is not recognized as an internal or external command,
operable program or batch file.

728813@128-IMAC05 c:\xampp
#   PRIMARY KEY (`LOCATION_ID`),
'PRIMARY' is not recognized as an internal or external command,
operable program or batch file.

728813@128-IMAC05 c:\xampp
#   KEY `LOC_CITY_IX` (`CITY`),
'KEY' is not recognized as an internal or external command,
operable program or batch file.

728813@128-IMAC05 c:\xampp
#   KEY `LOC_COUNTRY_IX` (`COUNTRY_ID`),
'KEY' is not recognized as an internal or external command,
operable program or batch file.

728813@128-IMAC05 c:\xampp
#   KEY `LOC_STATE_PROVINCE_IX` (`STATE_PROVINCE`)
'KEY' is not recognized as an internal or external command,
operable program or batch file.

728813@128-IMAC05 c:\xampp
# ) ENGINE=MyISAM DEFAULT CHARSET=latin1;
728813@128-IMAC05 c:\xampp
#
728813@128-IMAC05 c:\xampp
# --
'--' is not recognized as an internal or external command,
operable program or batch file.

728813@128-IMAC05 c:\xampp
# -- Dumping data for table `locations`
'--' is not recognized as an internal or external command,
operable program or batch file.

728813@128-IMAC05 c:\xampp
# --
'--' is not recognized as an internal or external command,
operable program or batch file.

728813@128-IMAC05 c:\xampp
#
728813@128-IMAC05 c:\xampp
# INSERT INTO `locations` (`LOCATION_ID`, `STREET_ADDRESS`, `POSTAL_CODE`, `CITY`, `STATE_PROVINCE`, `COUNTRY_ID`) VALUES
'INSERT' is not recognized as an internal or external command,
operable program or batch file.

728813@128-IMAC05 c:\xampp
# ('1000', '1297 Via Cola di Rie', '989', 'Roma', '', 'IT'),
''1000'' is not recognized as an internal or external command,
operable program or batch file.

728813@128-IMAC05 c:\xampp
# ('1100', '93091 Calle della Testa', '10934', 'Venice', '', 'IT'),
''1100'' is not recognized as an internal or external command,
operable program or batch file.

728813@128-IMAC05 c:\xampp
# ('1200', '2017 Shinjuku-ku', '1689', 'Tokyo', 'Tokyo Prefecture', 'JP'),
''1200'' is not recognized as an internal or external command,
operable program or batch file.

728813@128-IMAC05 c:\xampp
# ('1300', '9450 Kamiya-cho', '6823', 'Hiroshima', '', 'JP'),
''1300'' is not recognized as an internal or external command,
operable program or batch file.

728813@128-IMAC05 c:\xampp
# ('1400', '2014 Jabberwocky Rd', '26192', 'Southlake', 'Texas', 'US'),
''1400'' is not recognized as an internal or external command,
operable program or batch file.

728813@128-IMAC05 c:\xampp
# ('1500', '2011 Interiors Blvd', '99236', 'South San Francisco', 'California', 'US'),
''1500'' is not recognized as an internal or external command,
operable program or batch file.

728813@128-IMAC05 c:\xampp
# ('1600', '2007 Zagora St', '50090', 'South Brunswick', 'New Jersey', 'US'),
''1600'' is not recognized as an internal or external command,
operable program or batch file.

728813@128-IMAC05 c:\xampp
# ('1700', '2004 Charade Rd', '98199', 'Seattle', 'Washington', 'US'),
''1700'' is not recognized as an internal or external command,
operable program or batch file.

728813@128-IMAC05 c:\xampp
# ('1800', '147 Spadina Ave', 'M5V 2L7', 'Toronto', 'Ontario', 'CA'),
''1800'' is not recognized as an internal or external command,
operable program or batch file.

728813@128-IMAC05 c:\xampp
# ('1900', '6092 Boxwood St', 'YSW 9T2', 'Whitehorse', 'Yukon', 'CA'),
''1900'' is not recognized as an internal or external command,
operable program or batch file.

728813@128-IMAC05 c:\xampp
# ('2000', '40-5-12 Laogianggen', '190518', 'Beijing', '', 'CN'),
''2000'' is not recognized as an internal or external command,
operable program or batch file.

728813@128-IMAC05 c:\xampp
# ('2100', '1298 Vileparle (E)', '490231', 'Bombay', 'Maharashtra', 'IN'),
' was unexpected at this time.

728813@128-IMAC05 c:\xampp
# ('2200', '12-98 Victoria Street', '2901', 'Sydney', 'New South Wales', 'AU'),
''2200'' is not recognized as an internal or external command,
operable program or batch file.

728813@128-IMAC05 c:\xampp
# ('2300', '198 Clementi North', '540198', 'Singapore', '', 'SG'),
''2300'' is not recognized as an internal or external command,
operable program or batch file.

728813@128-IMAC05 c:\xampp
# ('2400', '8204 Arthur St', '', 'London', '', 'UK'),
''2400'' is not recognized as an internal or external command,
operable program or batch file.

728813@128-IMAC05 c:\xampp
# ('2500', '"Magdalen Centre', ' The Oxford ', 'OX9 9ZB', 'Oxford', 'Ox'),
More? ('2600', '9702 Chester Road', '9629850293', 'Stretford', 'Manchester', 'UK'),
More? ('2700', 'Schwanthalerstr. 7031', '80925', 'Munich', 'Bavaria', 'DE'),
More? ('2800', 'Rua Frei Caneca 1360', '01307-002', 'Sao Paulo', 'Sao Paulo', 'BR'),
More? ('2900', '20 Rue des Corps-Saints', '1730', 'Geneva', 'Geneve', 'CH'),
More? ('3000', 'Murtenstrasse 921', '3095', 'Bern', 'BE', 'CH'),
More? ('3100', 'Pieter Breughelstraat 837', '3029SK', 'Utrecht', 'Utrecht', 'NL'),
More? ('3200', 'Mariano Escobedo 9991', '11932', 'Mexico City', '"Distrito Federal', '"');
More?
More? -- --------------------------------------------------------
More?
More? --
More? -- Table structure for table `regions`
More? --
More?
More? CREATE TABLE IF NOT EXISTS `regions` (
More?   `REGION_ID` decimal(5,0) NOT NULL,
NOT was unexpected at this time.

728813@128-IMAC05 c:\xampp
#   `REGION_NAME` varchar(25) DEFAULT NULL,
'`REGION_NAME`' is not recognized as an internal or external command,
operable program or batch file.

728813@128-IMAC05 c:\xampp
#   PRIMARY KEY (`REGION_ID`),
'PRIMARY' is not recognized as an internal or external command,
operable program or batch file.

728813@128-IMAC05 c:\xampp
#   UNIQUE KEY `sss` (`REGION_NAME`)
'UNIQUE' is not recognized as an internal or external command,
operable program or batch file.

728813@128-IMAC05 c:\xampp
# ) ENGINE=MyISAM DEFAULT CHARSET=latin1;
728813@128-IMAC05 c:\xampp
#
728813@128-IMAC05 c:\xampp
# --
'--' is not recognized as an internal or external command,
operable program or batch file.

728813@128-IMAC05 c:\xampp
# -- Dumping data for table `regions`
'--' is not recognized as an internal or external command,
operable program or batch file.

728813@128-IMAC05 c:\xampp
# --
'--' is not recognized as an internal or external command,
operable program or batch file.

728813@128-IMAC05 c:\xampp
#
728813@128-IMAC05 c:\xampp
# INSERT INTO `regions` (`REGION_ID`, `REGION_NAME`) VALUES
'INSERT' is not recognized as an internal or external command,
operable program or batch file.

728813@128-IMAC05 c:\xampp
# ('1', 'Europe\r'),
''1'' is not recognized as an internal or external command,
operable program or batch file.

728813@128-IMAC05 c:\xampp
# ('2', 'Americas\r'),
''2'' is not recognized as an internal or external command,
operable program or batch file.

728813@128-IMAC05 c:\xampp
# ('3', 'Asia\r'),
''3'' is not recognized as an internal or external command,
operable program or batch file.

728813@128-IMAC05 c:\xampp
# ('4', 'Middle East and Africa\r');
''4'' is not recognized as an internal or external command,
operable program or batch file.

728813@128-IMAC05 c:\xampp
#
728813@128-IMAC05 c:\xampp
# /*!40101 SET CHARACTER_SET_CLIENT=@OLD_CHARACTER_SET_CLIENT */;
'/*!40101' is not recognized as an internal or external command,
operable program or batch file.

728813@128-IMAC05 c:\xampp
# /*!40101 SET CHARACTER_SET_RESULTS=@OLD_CHARACTER_SET_RESULTS */;
'/*!40101' is not recognized as an internal or external command,
operable program or batch file.

728813@128-IMAC05 c:\xampp
# /*!40101 SET COLLATION_CONNECTION=@OLD_COLLATION_CONNECTION */;
'/*!40101' is not recognized as an internal or external command,
operable program or batch file.

728813@128-IMAC05 c:\xampp
# mysql -p -u root csd2204w18 < C:/Xampp/db.sql
The system cannot find the file specified.

728813@128-IMAC05 c:\xampp
# mysql -p -u root csd2204w18 < C:/xampp/db.sql
The system cannot find the file specified.

728813@128-IMAC05 c:\xampp
# mysql -p -u root csd2204w18 < C:\xampp\db.sql
The system cannot find the file specified.

728813@128-IMAC05 c:\xampp
# mysql -p -u root csd2204w18 < c:\xampp\db.sql
The system cannot find the file specified.

728813@128-IMAC05 c:\xampp
# mysql -p -u root
Enter password:
Welcome to the MariaDB monitor.  Commands end with ; or \g.
Your MariaDB connection id is 2
Server version: 10.1.21-MariaDB mariadb.org binary distribution

Copyright (c) 2000, 2016, Oracle, MariaDB Corporation Ab and others.

Type 'help;' or '\h' for help. Type '\c' to clear the current input statement.

MariaDB [(none)]> -- phpMyAdmin SQL Dump
MariaDB [(none)]> -- version 4.0.10.7
MariaDB [(none)]> -- http://www.phpmyadmin.net
MariaDB [(none)]> --
MariaDB [(none)]> -- Host: localhost
MariaDB [(none)]> -- Generation Time: Mar 20, 2015 at 01:43 AM
MariaDB [(none)]> -- Server version: 5.5.34-cll-lve
MariaDB [(none)]> -- PHP Version: 5.4.23
MariaDB [(none)]>
MariaDB [(none)]> SET SQL_MODE = "NO_AUTO_VALUE_ON_ZERO";
Query OK, 0 rows affected (0.00 sec)

MariaDB [(none)]> SET time_zone = "+00:00";
Query OK, 0 rows affected (0.00 sec)

MariaDB [(none)]>
MariaDB [(none)]>
MariaDB [(none)]> /*!40101 SET @OLD_CHARACTER_SET_CLIENT=@@CHARACTER_SET_CLIENT */;
Query OK, 0 rows affected (0.00 sec)

MariaDB [(none)]> /*!40101 SET @OLD_CHARACTER_SET_RESULTS=@@CHARACTER_SET_RESULTS */;
Query OK, 0 rows affected (0.00 sec)

MariaDB [(none)]> /*!40101 SET @OLD_COLLATION_CONNECTION=@@COLLATION_CONNECTION */;
Query OK, 0 rows affected (0.00 sec)

MariaDB [(none)]> /*!40101 SET NAMES utf8 */;
Query OK, 0 rows affected (0.00 sec)

MariaDB [(none)]>
MariaDB [(none)]> --
MariaDB [(none)]> -- Database: `wrpracti_bookinfo`
MariaDB [(none)]> --
MariaDB [(none)]>
MariaDB [(none)]> -- --------------------------------------------------------
MariaDB [(none)]>
MariaDB [(none)]> --
MariaDB [(none)]> -- Table structure for table `countries`
MariaDB [(none)]> --
MariaDB [(none)]>
MariaDB [(none)]> CREATE TABLE IF NOT EXISTS `countries` (
    ->   `COUNTRY_ID` varchar(2) NOT NULL,
    ->   `COUNTRY_NAME` varchar(40) DEFAULT NULL,
    ->   `REGION_ID` decimal(10,0) DEFAULT NULL,
    ->   PRIMARY KEY (`COUNTRY_ID`),
    ->   KEY `COUNTR_REG_FK` (`REGION_ID`)
    -> ) ENGINE=MyISAM DEFAULT CHARSET=latin1;
ERROR 1046 (3D000): No database selected
MariaDB [(none)]>
MariaDB [(none)]> --
MariaDB [(none)]> -- Dumping data for table `countries`
MariaDB [(none)]> --
MariaDB [(none)]>
MariaDB [(none)]> INSERT INTO `countries` (`COUNTRY_ID`, `COUNTRY_NAME`, `REGION_ID`) VALUES
    -> ('AR', 'Argentina', '2'),
    -> ('AU', 'Australia', '3'),
    -> ('BE', 'Belgium', '1'),
    -> ('BR', 'Brazil', '2'),
    -> ('CA', 'Canada', '2'),
    -> ('CH', 'Switzerland', '1'),
    -> ('CN', 'China', '3'),
    -> ('DE', 'Germany', '1'),
    -> ('DK', 'Denmark', '1'),
    -> ('EG', 'Egypt', '4'),
    -> ('FR', 'France', '1'),
    -> ('HK', 'HongKong', '3'),
    -> ('IL', 'Israel', '4'),
    -> ('IN', 'India', '3'),
    -> ('IT', 'Italy', '1'),
    -> ('JP', 'Japan', '3'),
    -> ('KW', 'Kuwait', '4'),
    -> ('MX', 'Mexico', '2'),
    -> ('NG', 'Nigeria', '4'),
    -> ('NL', 'Netherlands', '1'),
    -> ('SG', 'Singapore', '3'),
    -> ('UK', 'United Kingdom', '1'),
    -> ('US', 'United States of America', '2'),
    -> ('ZM', 'Zambia', '4'),
    -> ('ZW', 'Zimbabwe', '4');
ERROR 1046 (3D000): No database selected
MariaDB [(none)]>
MariaDB [(none)]> -- --------------------------------------------------------
MariaDB [(none)]>
MariaDB [(none)]> --
MariaDB [(none)]> -- Table structure for table `departments`
MariaDB [(none)]> --
MariaDB [(none)]>
MariaDB [(none)]> CREATE TABLE IF NOT EXISTS `departments` (
    ->   `DEPARTMENT_ID` decimal(4,0) NOT NULL DEFAULT '0',
    ->   `DEPARTMENT_NAME` varchar(30) NOT NULL,
    ->   `MANAGER_ID` decimal(6,0) DEFAULT NULL,
    ->   `LOCATION_ID` decimal(4,0) DEFAULT NULL,
    ->   PRIMARY KEY (`DEPARTMENT_ID`),
    ->   KEY `DEPT_MGR_FK` (`MANAGER_ID`),
    ->   KEY `DEPT_LOCATION_IX` (`LOCATION_ID`)
    -> ) ENGINE=MyISAM DEFAULT CHARSET=latin1;
ERROR 1046 (3D000): No database selected
MariaDB [(none)]>
MariaDB [(none)]> --
MariaDB [(none)]> -- Dumping data for table `departments`
MariaDB [(none)]> --
MariaDB [(none)]>
MariaDB [(none)]> INSERT INTO `departments` (`DEPARTMENT_ID`, `DEPARTMENT_NAME`, `MANAGER_ID`, `LOCATION_ID`) VALUES
    -> ('10', 'Administration', '200', '1700'),
    -> ('20', 'Marketing', '201', '1800'),
    -> ('30', 'Purchasing', '114', '1700'),
    -> ('40', 'Human Resources', '203', '2400'),
    -> ('50', 'Shipping', '121', '1500'),
    -> ('60', 'IT', '103', '1400'),
    -> ('70', 'Public Relations', '204', '2700'),
    -> ('80', 'Sales', '145', '2500'),
    -> ('90', 'Executive', '100', '1700'),
    -> ('100', 'Finance', '108', '1700'),
    -> ('110', 'Accounting', '205', '1700'),
    -> ('120', 'Treasury', '0', '1700'),
    -> ('130', 'Corporate Tax', '0', '1700'),
    -> ('140', 'Control And Credit', '0', '1700'),
    -> ('150', 'Shareholder Services', '0', '1700'),
    -> ('160', 'Benefits', '0', '1700'),
    -> ('170', 'Manufacturing', '0', '1700'),
    -> ('180', 'Construction', '0', '1700'),
    -> ('190', 'Contracting', '0', '1700'),
    -> ('200', 'Operations', '0', '1700'),
    -> ('210', 'IT Support', '0', '1700'),
    -> ('220', 'NOC', '0', '1700'),
    -> ('230', 'IT Helpdesk', '0', '1700'),
    -> ('240', 'Government Sales', '0', '1700'),
    -> ('250', 'Retail Sales', '0', '1700'),
    -> ('260', 'Recruiting', '0', '1700'),
    -> ('270', 'Payroll', '0', '1700');
ERROR 1046 (3D000): No database selected
MariaDB [(none)]>
MariaDB [(none)]> -- --------------------------------------------------------
MariaDB [(none)]>
MariaDB [(none)]> --
MariaDB [(none)]> -- Table structure for table `employees`
MariaDB [(none)]> --
MariaDB [(none)]>
MariaDB [(none)]> CREATE TABLE IF NOT EXISTS `employees` (
    ->   `EMPLOYEE_ID` decimal(6,0) NOT NULL DEFAULT '0',
    ->   `FIRST_NAME` varchar(20) DEFAULT NULL,
    ->   `LAST_NAME` varchar(25) NOT NULL,
    ->   `EMAIL` varchar(25) NOT NULL,
    ->   `PHONE_NUMBER` varchar(20) DEFAULT NULL,
    ->   `HIRE_DATE` date NOT NULL,
    ->   `JOB_ID` varchar(10) NOT NULL,
    ->   `SALARY` decimal(8,2) DEFAULT NULL,
    ->   `COMMISSION_PCT` decimal(2,2) DEFAULT NULL,
    ->   `MANAGER_ID` decimal(6,0) DEFAULT NULL,
    ->   `DEPARTMENT_ID` decimal(4,0) DEFAULT NULL,
    ->   PRIMARY KEY (`EMPLOYEE_ID`),
    ->   UNIQUE KEY `EMP_EMAIL_UK` (`EMAIL`),
    ->   KEY `EMP_DEPARTMENT_IX` (`DEPARTMENT_ID`),
    ->   KEY `EMP_JOB_IX` (`JOB_ID`),
    ->   KEY `EMP_MANAGER_IX` (`MANAGER_ID`),
    ->   KEY `EMP_NAME_IX` (`LAST_NAME`,`FIRST_NAME`)
    -> ) ENGINE=MyISAM DEFAULT CHARSET=latin1;
ERROR 1046 (3D000): No database selected
MariaDB [(none)]>
MariaDB [(none)]> --
MariaDB [(none)]> -- Dumping data for table `employees`
MariaDB [(none)]> --
MariaDB [(none)]>
MariaDB [(none)]> INSERT INTO `employees` (`EMPLOYEE_ID`, `FIRST_NAME`, `LAST_NAME`, `EMAIL`, `PHONE_NUMBER`, `HIRE_DATE`, `JOB_ID`, `SALARY`, `COMMISSION_PCT`, `MANAGER_ID`, `DEPARTMENT_ID`) VALUES
    -> ('100', 'Steven', 'King', 'SKING', '515.123.4567', '1987-06-17', 'AD_PRES', '24000.00', '0.00', '0', '90'),
    -> ('101', 'Neena', 'Kochhar', 'NKOCHHAR', '515.123.4568', '1987-06-18', 'AD_VP', '17000.00', '0.00', '100', '90'),
    -> ('102', 'Lex', 'De Haan', 'LDEHAAN', '515.123.4569', '1987-06-19', 'AD_VP', '17000.00', '0.00', '100', '90'),
    -> ('103', 'Alexander', 'Hunold', 'AHUNOLD', '590.423.4567', '1987-06-20', 'IT_PROG', '9000.00', '0.00', '102', '60'),
    -> ('104', 'Bruce', 'Ernst', 'BERNST', '590.423.4568', '1987-06-21', 'IT_PROG', '6000.00', '0.00', '103', '60'),
    -> ('105', 'David', 'Austin', 'DAUSTIN', '590.423.4569', '1987-06-22', 'IT_PROG', '4800.00', '0.00', '103', '60'),
    -> ('106', 'Valli', 'Pataballa', 'VPATABAL', '590.423.4560', '1987-06-23', 'IT_PROG', '4800.00', '0.00', '103', '60'),
    -> ('107', 'Diana', 'Lorentz', 'DLORENTZ', '590.423.5567', '1987-06-24', 'IT_PROG', '4200.00', '0.00', '103', '60'),
    -> ('108', 'Nancy', 'Greenberg', 'NGREENBE', '515.124.4569', '1987-06-25', 'FI_MGR', '12000.00', '0.00', '101', '100'),
    -> ('109', 'Daniel', 'Faviet', 'DFAVIET', '515.124.4169', '1987-06-26', 'FI_ACCOUNT', '9000.00', '0.00', '108', '100'),
    -> ('110', 'John', 'Chen', 'JCHEN', '515.124.4269', '1987-06-27', 'FI_ACCOUNT', '8200.00', '0.00', '108', '100'),
    -> ('111', 'Ismael', 'Sciarra', 'ISCIARRA', '515.124.4369', '1987-06-28', 'FI_ACCOUNT', '7700.00', '0.00', '108', '100'),
    -> ('112', 'Jose Manuel', 'Urman', 'JMURMAN', '515.124.4469', '1987-06-29', 'FI_ACCOUNT', '7800.00', '0.00', '108', '100'),
    -> ('113', 'Luis', 'Popp', 'LPOPP', '515.124.4567', '1987-06-30', 'FI_ACCOUNT', '6900.00', '0.00', '108', '100'),
    -> ('114', 'Den', 'Raphaely', 'DRAPHEAL', '515.127.4561', '1987-07-01', 'PU_MAN', '11000.00', '0.00', '100', '30'),
    -> ('115', 'Alexander', 'Khoo', 'AKHOO', '515.127.4562', '1987-07-02', 'PU_CLERK', '3100.00', '0.00', '114', '30'),
    -> ('116', 'Shelli', 'Baida', 'SBAIDA', '515.127.4563', '1987-07-03', 'PU_CLERK', '2900.00', '0.00', '114', '30'),
    -> ('117', 'Sigal', 'Tobias', 'STOBIAS', '515.127.4564', '1987-07-04', 'PU_CLERK', '2800.00', '0.00', '114', '30'),
    -> ('118', 'Guy', 'Himuro', 'GHIMURO', '515.127.4565', '1987-07-05', 'PU_CLERK', '2600.00', '0.00', '114', '30'),
    -> ('119', 'Karen', 'Colmenares', 'KCOLMENA', '515.127.4566', '1987-07-06', 'PU_CLERK', '2500.00', '0.00', '114', '30'),
    -> ('120', 'Matthew', 'Weiss', 'MWEISS', '650.123.1234', '1987-07-07', 'ST_MAN', '8000.00', '0.00', '100', '50'),
    -> ('121', 'Adam', 'Fripp', 'AFRIPP', '650.123.2234', '1987-07-08', 'ST_MAN', '8200.00', '0.00', '100', '50'),
    -> ('122', 'Payam', 'Kaufling', 'PKAUFLIN', '650.123.3234', '1987-07-09', 'ST_MAN', '7900.00', '0.00', '100', '50'),
    -> ('123', 'Shanta', 'Vollman', 'SVOLLMAN', '650.123.4234', '1987-07-10', 'ST_MAN', '6500.00', '0.00', '100', '50'),
    -> ('124', 'Kevin', 'Mourgos', 'KMOURGOS', '650.123.5234', '1987-07-11', 'ST_MAN', '5800.00', '0.00', '100', '50'),
    -> ('125', 'Julia', 'Nayer', 'JNAYER', '650.124.1214', '1987-07-12', 'ST_CLERK', '3200.00', '0.00', '120', '50'),
    -> ('126', 'Irene', 'Mikkilineni', 'IMIKKILI', '650.124.1224', '1987-07-13', 'ST_CLERK', '2700.00', '0.00', '120', '50'),
    -> ('127', 'James', 'Landry', 'JLANDRY', '650.124.1334', '1987-07-14', 'ST_CLERK', '2400.00', '0.00', '120', '50'),
    -> ('128', 'Steven', 'Markle', 'SMARKLE', '650.124.1434', '1987-07-15', 'ST_CLERK', '2200.00', '0.00', '120', '50'),
    -> ('129', 'Laura', 'Bissot', 'LBISSOT', '650.124.5234', '1987-07-16', 'ST_CLERK', '3300.00', '0.00', '121', '50'),
    -> ('130', 'Mozhe', 'Atkinson', 'MATKINSO', '650.124.6234', '1987-07-17', 'ST_CLERK', '2800.00', '0.00', '121', '50'),
    -> ('131', 'James', 'Marlow', 'JAMRLOW', '650.124.7234', '1987-07-18', 'ST_CLERK', '2500.00', '0.00', '121', '50'),
    -> ('132', 'TJ', 'Olson', 'TJOLSON', '650.124.8234', '1987-07-19', 'ST_CLERK', '2100.00', '0.00', '121', '50'),
    -> ('133', 'Jason', 'Mallin', 'JMALLIN', '650.127.1934', '1987-07-20', 'ST_CLERK', '3300.00', '0.00', '122', '50'),
    -> ('134', 'Michael', 'Rogers', 'MROGERS', '650.127.1834', '1987-07-21', 'ST_CLERK', '2900.00', '0.00', '122', '50'),
    -> ('135', 'Ki', 'Gee', 'KGEE', '650.127.1734', '1987-07-22', 'ST_CLERK', '2400.00', '0.00', '122', '50'),
    -> ('136', 'Hazel', 'Philtanker', 'HPHILTAN', '650.127.1634', '1987-07-23', 'ST_CLERK', '2200.00', '0.00', '122', '50'),
    -> ('137', 'Renske', 'Ladwig', 'RLADWIG', '650.121.1234', '1987-07-24', 'ST_CLERK', '3600.00', '0.00', '123', '50'),
    -> ('138', 'Stephen', 'Stiles', 'SSTILES', '650.121.2034', '1987-07-25', 'ST_CLERK', '3200.00', '0.00', '123', '50'),
    -> ('139', 'John', 'Seo', 'JSEO', '650.121.2019', '1987-07-26', 'ST_CLERK', '2700.00', '0.00', '123', '50'),
    -> ('140', 'Joshua', 'Patel', 'JPATEL', '650.121.1834', '1987-07-27', 'ST_CLERK', '2500.00', '0.00', '123', '50'),
    -> ('141', 'Trenna', 'Rajs', 'TRAJS', '650.121.8009', '1987-07-28', 'ST_CLERK', '3500.00', '0.00', '124', '50'),
    -> ('142', 'Curtis', 'Davies', 'CDAVIES', '650.121.2994', '1987-07-29', 'ST_CLERK', '3100.00', '0.00', '124', '50'),
    -> ('143', 'Randall', 'Matos', 'RMATOS', '650.121.2874', '1987-07-30', 'ST_CLERK', '2600.00', '0.00', '124', '50'),
    -> ('144', 'Peter', 'Vargas', 'PVARGAS', '650.121.2004', '1987-07-31', 'ST_CLERK', '2500.00', '0.00', '124', '50'),
    -> ('145', 'John', 'Russell', 'JRUSSEL', '011.44.1344.429268', '1987-08-01', 'SA_MAN', '14000.00', '0.40', '100', '80'),
    -> ('146', 'Karen', 'Partners', 'KPARTNER', '011.44.1344.467268', '1987-08-02', 'SA_MAN', '13500.00', '0.30', '100', '80'),
    -> ('147', 'Alberto', 'Errazuriz', 'AERRAZUR', '011.44.1344.429278', '1987-08-03', 'SA_MAN', '12000.00', '0.30', '100', '80'),
    -> ('148', 'Gerald', 'Cambrault', 'GCAMBRAU', '011.44.1344.619268', '1987-08-04', 'SA_MAN', '11000.00', '0.30', '100', '80'),
    -> ('149', 'Eleni', 'Zlotkey', 'EZLOTKEY', '011.44.1344.429018', '1987-08-05', 'SA_MAN', '10500.00', '0.20', '100', '80'),
    -> ('150', 'Peter', 'Tucker', 'PTUCKER', '011.44.1344.129268', '1987-08-06', 'SA_REP', '10000.00', '0.30', '145', '80'),
    -> ('151', 'David', 'Bernstein', 'DBERNSTE', '011.44.1344.345268', '1987-08-07', 'SA_REP', '9500.00', '0.25', '145', '80'),
    -> ('152', 'Peter', 'Hall', 'PHALL', '011.44.1344.478968', '1987-08-08', 'SA_REP', '9000.00', '0.25', '145', '80'),
    -> ('153', 'Christopher', 'Olsen', 'COLSEN', '011.44.1344.498718', '1987-08-09', 'SA_REP', '8000.00', '0.20', '145', '80'),
    -> ('154', 'Nanette', 'Cambrault', 'NCAMBRAU', '011.44.1344.987668', '1987-08-10', 'SA_REP', '7500.00', '0.20', '145', '80'),
    -> ('155', 'Oliver', 'Tuvault', 'OTUVAULT', '011.44.1344.486508', '1987-08-11', 'SA_REP', '7000.00', '0.15', '145', '80'),
    -> ('156', 'Janette', 'King', 'JKING', '011.44.1345.429268', '1987-08-12', 'SA_REP', '10000.00', '0.35', '146', '80'),
    -> ('157', 'Patrick', 'Sully', 'PSULLY', '011.44.1345.929268', '1987-08-13', 'SA_REP', '9500.00', '0.35', '146', '80'),
    -> ('158', 'Allan', 'McEwen', 'AMCEWEN', '011.44.1345.829268', '1987-08-14', 'SA_REP', '9000.00', '0.35', '146', '80'),
    -> ('159', 'Lindsey', 'Smith', 'LSMITH', '011.44.1345.729268', '1987-08-15', 'SA_REP', '8000.00', '0.30', '146', '80'),
    -> ('160', 'Louise', 'Doran', 'LDORAN', '011.44.1345.629268', '1987-08-16', 'SA_REP', '7500.00', '0.30', '146', '80'),
    -> ('161', 'Sarath', 'Sewall', 'SSEWALL', '011.44.1345.529268', '1987-08-17', 'SA_REP', '7000.00', '0.25', '146', '80'),
    -> ('162', 'Clara', 'Vishney', 'CVISHNEY', '011.44.1346.129268', '1987-08-18', 'SA_REP', '10500.00', '0.25', '147', '80'),
    -> ('163', 'Danielle', 'Greene', 'DGREENE', '011.44.1346.229268', '1987-08-19', 'SA_REP', '9500.00', '0.15', '147', '80'),
    -> ('164', 'Mattea', 'Marvins', 'MMARVINS', '011.44.1346.329268', '1987-08-20', 'SA_REP', '7200.00', '0.10', '147', '80'),
    -> ('165', 'David', 'Lee', 'DLEE', '011.44.1346.529268', '1987-08-21', 'SA_REP', '6800.00', '0.10', '147', '80'),
    -> ('166', 'Sundar', 'Ande', 'SANDE', '011.44.1346.629268', '1987-08-22', 'SA_REP', '6400.00', '0.10', '147', '80'),
    -> ('167', 'Amit', 'Banda', 'ABANDA', '011.44.1346.729268', '1987-08-23', 'SA_REP', '6200.00', '0.10', '147', '80'),
    -> ('168', 'Lisa', 'Ozer', 'LOZER', '011.44.1343.929268', '1987-08-24', 'SA_REP', '11500.00', '0.25', '148', '80'),
    -> ('169', 'Harrison', 'Bloom', 'HBLOOM', '011.44.1343.829268', '1987-08-25', 'SA_REP', '10000.00', '0.20', '148', '80'),
    -> ('170', 'Tayler', 'Fox', 'TFOX', '011.44.1343.729268', '1987-08-26', 'SA_REP', '9600.00', '0.20', '148', '80'),
    -> ('171', 'William', 'Smith', 'WSMITH', '011.44.1343.629268', '1987-08-27', 'SA_REP', '7400.00', '0.15', '148', '80'),
    -> ('172', 'Elizabeth', 'Bates', 'EBATES', '011.44.1343.529268', '1987-08-28', 'SA_REP', '7300.00', '0.15', '148', '80'),
    -> ('173', 'Sundita', 'Kumar', 'SKUMAR', '011.44.1343.329268', '1987-08-29', 'SA_REP', '6100.00', '0.10', '148', '80'),
    -> ('174', 'Ellen', 'Abel', 'EABEL', '011.44.1644.429267', '1987-08-30', 'SA_REP', '11000.00', '0.30', '149', '80'),
    -> ('175', 'Alyssa', 'Hutton', 'AHUTTON', '011.44.1644.429266', '1987-08-31', 'SA_REP', '8800.00', '0.25', '149', '80'),
    -> ('176', 'Jonathon', 'Taylor', 'JTAYLOR', '011.44.1644.429265', '1987-09-01', 'SA_REP', '8600.00', '0.20', '149', '80'),
    -> ('177', 'Jack', 'Livingston', 'JLIVINGS', '011.44.1644.429264', '1987-09-02', 'SA_REP', '8400.00', '0.20', '149', '80'),
    -> ('178', 'Kimberely', 'Grant', 'KGRANT', '011.44.1644.429263', '1987-09-03', 'SA_REP', '7000.00', '0.15', '149', '0'),
    -> ('179', 'Charles', 'Johnson', 'CJOHNSON', '011.44.1644.429262', '1987-09-04', 'SA_REP', '6200.00', '0.10', '149', '80'),
    -> ('180', 'Winston', 'Taylor', 'WTAYLOR', '650.507.9876', '1987-09-05', 'SH_CLERK', '3200.00', '0.00', '120', '50'),
    -> ('181', 'Jean', 'Fleaur', 'JFLEAUR', '650.507.9877', '1987-09-06', 'SH_CLERK', '3100.00', '0.00', '120', '50'),
    -> ('182', 'Martha', 'Sullivan', 'MSULLIVA', '650.507.9878', '1987-09-07', 'SH_CLERK', '2500.00', '0.00', '120', '50'),
    -> ('183', 'Girard', 'Geoni', 'GGEONI', '650.507.9879', '1987-09-08', 'SH_CLERK', '2800.00', '0.00', '120', '50'),
    -> ('184', 'Nandita', 'Sarchand', 'NSARCHAN', '650.509.1876', '1987-09-09', 'SH_CLERK', '4200.00', '0.00', '121', '50'),
    -> ('185', 'Alexis', 'Bull', 'ABULL', '650.509.2876', '1987-09-10', 'SH_CLERK', '4100.00', '0.00', '121', '50'),
    -> ('186', 'Julia', 'Dellinger', 'JDELLING', '650.509.3876', '1987-09-11', 'SH_CLERK', '3400.00', '0.00', '121', '50'),
    -> ('187', 'Anthony', 'Cabrio', 'ACABRIO', '650.509.4876', '1987-09-12', 'SH_CLERK', '3000.00', '0.00', '121', '50'),
    -> ('188', 'Kelly', 'Chung', 'KCHUNG', '650.505.1876', '1987-09-13', 'SH_CLERK', '3800.00', '0.00', '122', '50'),
    -> ('189', 'Jennifer', 'Dilly', 'JDILLY', '650.505.2876', '1987-09-14', 'SH_CLERK', '3600.00', '0.00', '122', '50'),
    -> ('190', 'Timothy', 'Gates', 'TGATES', '650.505.3876', '1987-09-15', 'SH_CLERK', '2900.00', '0.00', '122', '50'),
    -> ('191', 'Randall', 'Perkins', 'RPERKINS', '650.505.4876', '1987-09-16', 'SH_CLERK', '2500.00', '0.00', '122', '50'),
    -> ('192', 'Sarah', 'Bell', 'SBELL', '650.501.1876', '1987-09-17', 'SH_CLERK', '4000.00', '0.00', '123', '50'),
    -> ('193', 'Britney', 'Everett', 'BEVERETT', '650.501.2876', '1987-09-18', 'SH_CLERK', '3900.00', '0.00', '123', '50'),
    -> ('194', 'Samuel', 'McCain', 'SMCCAIN', '650.501.3876', '1987-09-19', 'SH_CLERK', '3200.00', '0.00', '123', '50'),
    -> ('195', 'Vance', 'Jones', 'VJONES', '650.501.4876', '1987-09-20', 'SH_CLERK', '2800.00', '0.00', '123', '50'),
    -> ('196', 'Alana', 'Walsh', 'AWALSH', '650.507.9811', '1987-09-21', 'SH_CLERK', '3100.00', '0.00', '124', '50'),
    -> ('197', 'Kevin', 'Feeney', 'KFEENEY', '650.507.9822', '1987-09-22', 'SH_CLERK', '3000.00', '0.00', '124', '50'),
    -> ('198', 'Donald', 'OConnell', 'DOCONNEL', '650.507.9833', '1987-09-23', 'SH_CLERK', '2600.00', '0.00', '124', '50'),
    -> ('199', 'Douglas', 'Grant', 'DGRANT', '650.507.9844', '1987-09-24', 'SH_CLERK', '2600.00', '0.00', '124', '50'),
    -> ('200', 'Jennifer', 'Whalen', 'JWHALEN', '515.123.4444', '1987-09-25', 'AD_ASST', '4400.00', '0.00', '101', '10'),
    -> ('201', 'Michael', 'Hartstein', 'MHARTSTE', '515.123.5555', '1987-09-26', 'MK_MAN', '13000.00', '0.00', '100', '20'),
    -> ('202', 'Pat', 'Fay', 'PFAY', '603.123.6666', '1987-09-27', 'MK_REP', '6000.00', '0.00', '201', '20'),
    -> ('203', 'Susan', 'Mavris', 'SMAVRIS', '515.123.7777', '1987-09-28', 'HR_REP', '6500.00', '0.00', '101', '40'),
    -> ('204', 'Hermann', 'Baer', 'HBAER', '515.123.8888', '1987-09-29', 'PR_REP', '10000.00', '0.00', '101', '70'),
    -> ('205', 'Shelley', 'Higgins', 'SHIGGINS', '515.123.8080', '1987-09-30', 'AC_MGR', '12000.00', '0.00', '101', '110'),
    -> ('206', 'William', 'Gietz', 'WGIETZ', '515.123.8181', '1987-10-01', 'AC_ACCOUNT', '8300.00', '0.00', '205', '110');
ERROR 1046 (3D000): No database selected
MariaDB [(none)]>
MariaDB [(none)]> -- --------------------------------------------------------
MariaDB [(none)]>
MariaDB [(none)]> --
MariaDB [(none)]> -- Table structure for table `job_history`
MariaDB [(none)]> --
MariaDB [(none)]>
MariaDB [(none)]> CREATE TABLE IF NOT EXISTS `job_history` (
    ->   `EMPLOYEE_ID` decimal(6,0) NOT NULL,
    ->   `START_DATE` date NOT NULL,
    ->   `END_DATE` date NOT NULL,
    ->   `JOB_ID` varchar(10) NOT NULL,
    ->   `DEPARTMENT_ID` decimal(4,0) DEFAULT NULL,
    ->   PRIMARY KEY (`EMPLOYEE_ID`,`START_DATE`),
    ->   KEY `JHIST_DEPARTMENT_IX` (`DEPARTMENT_ID`),
    ->   KEY `JHIST_EMPLOYEE_IX` (`EMPLOYEE_ID`),
    ->   KEY `JHIST_JOB_IX` (`JOB_ID`)
    -> ) ENGINE=MyISAM DEFAULT CHARSET=latin1;
ERROR 1046 (3D000): No database selected
MariaDB [(none)]>
MariaDB [(none)]> --
MariaDB [(none)]> -- Dumping data for table `job_history`
MariaDB [(none)]> --
MariaDB [(none)]>
MariaDB [(none)]> INSERT INTO `job_history` (`EMPLOYEE_ID`, `START_DATE`, `END_DATE`, `JOB_ID`, `DEPARTMENT_ID`) VALUES
    -> ('102', '1993-01-13', '1998-07-24', 'IT_PROG', '60'),
    -> ('101', '1989-09-21', '1993-10-27', 'AC_ACCOUNT', '110'),
    -> ('101', '1993-10-28', '1997-03-15', 'AC_MGR', '110'),
    -> ('201', '1996-02-17', '1999-12-19', 'MK_REP', '20'),
    -> ('114', '1998-03-24', '1999-12-31', 'ST_CLERK', '50'),
    -> ('122', '1999-01-01', '1999-12-31', 'ST_CLERK', '50'),
    -> ('200', '1987-09-17', '1993-06-17', 'AD_ASST', '90'),
    -> ('176', '1998-03-24', '1998-12-31', 'SA_REP', '80'),
    -> ('176', '1999-01-01', '1999-12-31', 'SA_MAN', '80'),
    -> ('200', '1994-07-01', '1998-12-31', 'AC_ACCOUNT', '90'),
    -> ('0', '0000-00-00', '0000-00-00', '', '0');
ERROR 1046 (3D000): No database selected
MariaDB [(none)]>
MariaDB [(none)]> -- --------------------------------------------------------
MariaDB [(none)]>
MariaDB [(none)]> --
MariaDB [(none)]> -- Table structure for table `jobs`
MariaDB [(none)]> --
MariaDB [(none)]>
MariaDB [(none)]> CREATE TABLE IF NOT EXISTS `jobs` (
    ->   `JOB_ID` varchar(10) NOT NULL DEFAULT '',
    ->   `JOB_TITLE` varchar(35) NOT NULL,
    ->   `MIN_SALARY` decimal(6,0) DEFAULT NULL,
    ->   `MAX_SALARY` decimal(6,0) DEFAULT NULL,
    ->   PRIMARY KEY (`JOB_ID`)
    -> ) ENGINE=MyISAM DEFAULT CHARSET=latin1;
ERROR 1046 (3D000): No database selected
MariaDB [(none)]>
MariaDB [(none)]> --
MariaDB [(none)]> -- Dumping data for table `jobs`
MariaDB [(none)]> --
MariaDB [(none)]>
MariaDB [(none)]> INSERT INTO `jobs` (`JOB_ID`, `JOB_TITLE`, `MIN_SALARY`, `MAX_SALARY`) VALUES
    -> ('AD_PRES', 'President', '20000', '40000'),
    -> ('AD_VP', 'Administration Vice President', '15000', '30000'),
    -> ('AD_ASST', 'Administration Assistant', '3000', '6000'),
    -> ('FI_MGR', 'Finance Manager', '8200', '16000'),
    -> ('FI_ACCOUNT', 'Accountant', '4200', '9000'),
    -> ('AC_MGR', 'Accounting Manager', '8200', '16000'),
    -> ('AC_ACCOUNT', 'Public Accountant', '4200', '9000'),
    -> ('SA_MAN', 'Sales Manager', '10000', '20000'),
    -> ('SA_REP', 'Sales Representative', '6000', '12000'),
    -> ('PU_MAN', 'Purchasing Manager', '8000', '15000'),
    -> ('PU_CLERK', 'Purchasing Clerk', '2500', '5500'),
    -> ('ST_MAN', 'Stock Manager', '5500', '8500'),
    -> ('ST_CLERK', 'Stock Clerk', '2000', '5000'),
    -> ('SH_CLERK', 'Shipping Clerk', '2500', '5500'),
    -> ('IT_PROG', 'Programmer', '4000', '10000'),
    -> ('MK_MAN', 'Marketing Manager', '9000', '15000'),
    -> ('MK_REP', 'Marketing Representative', '4000', '9000'),
    -> ('HR_REP', 'Human Resources Representative', '4000', '9000'),
    -> ('PR_REP', 'Public Relations Representative', '4500', '10500');
ERROR 1046 (3D000): No database selected
MariaDB [(none)]>
MariaDB [(none)]> -- --------------------------------------------------------
MariaDB [(none)]>
MariaDB [(none)]> --
MariaDB [(none)]> -- Table structure for table `locations`
MariaDB [(none)]> --
MariaDB [(none)]>
MariaDB [(none)]> CREATE TABLE IF NOT EXISTS `locations` (
    ->   `LOCATION_ID` decimal(4,0) NOT NULL DEFAULT '0',
    ->   `STREET_ADDRESS` varchar(40) DEFAULT NULL,
    ->   `POSTAL_CODE` varchar(12) DEFAULT NULL,
    ->   `CITY` varchar(30) NOT NULL,
    ->   `STATE_PROVINCE` varchar(25) DEFAULT NULL,
    ->   `COUNTRY_ID` varchar(2) DEFAULT NULL,
    ->   PRIMARY KEY (`LOCATION_ID`),
    ->   KEY `LOC_CITY_IX` (`CITY`),
    ->   KEY `LOC_COUNTRY_IX` (`COUNTRY_ID`),
    ->   KEY `LOC_STATE_PROVINCE_IX` (`STATE_PROVINCE`)
    -> ) ENGINE=MyISAM DEFAULT CHARSET=latin1;
ERROR 1046 (3D000): No database selected
MariaDB [(none)]>
MariaDB [(none)]> --
MariaDB [(none)]> -- Dumping data for table `locations`
MariaDB [(none)]> --
MariaDB [(none)]>
MariaDB [(none)]> INSERT INTO `locations` (`LOCATION_ID`, `STREET_ADDRESS`, `POSTAL_CODE`, `CITY`, `STATE_PROVINCE`, `COUNTRY_ID`) VALUES
    -> ('1000', '1297 Via Cola di Rie', '989', 'Roma', '', 'IT'),
    -> ('1100', '93091 Calle della Testa', '10934', 'Venice', '', 'IT'),
    -> ('1200', '2017 Shinjuku-ku', '1689', 'Tokyo', 'Tokyo Prefecture', 'JP'),
    -> ('1300', '9450 Kamiya-cho', '6823', 'Hiroshima', '', 'JP'),
    -> ('1400', '2014 Jabberwocky Rd', '26192', 'Southlake', 'Texas', 'US'),
    -> ('1500', '2011 Interiors Blvd', '99236', 'South San Francisco', 'California', 'US'),
    -> ('1600', '2007 Zagora St', '50090', 'South Brunswick', 'New Jersey', 'US'),
    -> ('1700', '2004 Charade Rd', '98199', 'Seattle', 'Washington', 'US'),
    -> ('1800', '147 Spadina Ave', 'M5V 2L7', 'Toronto', 'Ontario', 'CA'),
    -> ('1900', '6092 Boxwood St', 'YSW 9T2', 'Whitehorse', 'Yukon', 'CA'),
    -> ('2000', '40-5-12 Laogianggen', '190518', 'Beijing', '', 'CN'),
    -> ('2100', '1298 Vileparle (E)', '490231', 'Bombay', 'Maharashtra', 'IN'),
    -> ('2200', '12-98 Victoria Street', '2901', 'Sydney', 'New South Wales', 'AU'),
    -> ('2300', '198 Clementi North', '540198', 'Singapore', '', 'SG'),
    -> ('2400', '8204 Arthur St', '', 'London', '', 'UK'),
    -> ('2500', '"Magdalen Centre', ' The Oxford ', 'OX9 9ZB', 'Oxford', 'Ox'),
    -> ('2600', '9702 Chester Road', '9629850293', 'Stretford', 'Manchester', 'UK'),
    -> ('2700', 'Schwanthalerstr. 7031', '80925', 'Munich', 'Bavaria', 'DE'),
    -> ('2800', 'Rua Frei Caneca 1360', '01307-002', 'Sao Paulo', 'Sao Paulo', 'BR'),
    -> ('2900', '20 Rue des Corps-Saints', '1730', 'Geneva', 'Geneve', 'CH'),
    -> ('3000', 'Murtenstrasse 921', '3095', 'Bern', 'BE', 'CH'),
    -> ('3100', 'Pieter Breughelstraat 837', '3029SK', 'Utrecht', 'Utrecht', 'NL'),
    -> ('3200', 'Mariano Escobedo 9991', '11932', 'Mexico City', '"Distrito Federal', '"');
ERROR 1046 (3D000): No database selected
MariaDB [(none)]>
MariaDB [(none)]> -- --------------------------------------------------------
MariaDB [(none)]>
MariaDB [(none)]> --
MariaDB [(none)]> -- Table structure for table `regions`
MariaDB [(none)]> --
MariaDB [(none)]>
MariaDB [(none)]> CREATE TABLE IF NOT EXISTS `regions` (
    ->   `REGION_ID` decimal(5,0) NOT NULL,
    ->   `REGION_NAME` varchar(25) DEFAULT NULL,
    ->   PRIMARY KEY (`REGION_ID`),
    ->   UNIQUE KEY `sss` (`REGION_NAME`)
    -> ) ENGINE=MyISAM DEFAULT CHARSET=latin1;
ERROR 1046 (3D000): No database selected
MariaDB [(none)]>
MariaDB [(none)]> --
MariaDB [(none)]> -- Dumping data for table `regions`
MariaDB [(none)]> --
MariaDB [(none)]>
MariaDB [(none)]> INSERT INTO `regions` (`REGION_ID`, `REGION_NAME`) VALUES
    -> ('1', 'Europe\r'),
    -> ('2', 'Americas\r'),
    -> ('3', 'Asia\r'),
    -> ('4', 'Middle East and Africa\r');
ERROR 1046 (3D000): No database selected
MariaDB [(none)]>
MariaDB [(none)]> /*!40101 SET CHARACTER_SET_CLIENT=@OLD_CHARACTER_SET_CLIENT */;
Query OK, 0 rows affected (0.00 sec)

MariaDB [(none)]> /*!40101 SET CHARACTER_SET_RESULTS=@OLD_CHARACTER_SET_RESULTS */;
Query OK, 0 rows affected (0.00 sec)

MariaDB [(none)]> /*!40101 SET COLLATION_CONNECTION=@OLD_COLLATION_CONNECTION */;
Query OK, 0 rows affected (0.00 sec)

MariaDB [(none)]> select proice from products where name like 'Memory' INTO Mprice;
ERROR 1046 (3D000): No database selected
MariaDB [(none)]> use database csd2204w18;
ERROR 1049 (42000): Unknown database 'database'
MariaDB [(none)]> use csd2204w18;
ERROR 1049 (42000): Unknown database 'csd2204w18'
MariaDB [(none)]> show databasess;
ERROR 1064 (42000): You have an error in your SQL syntax; check the manual that corresponds to your MariaDB server version for the right syntax to use near 'databasess' at line 1
MariaDB [(none)]> show databases;
+--------------------+
| Database           |
+--------------------+
| information_schema |
| mysql              |
| performance_schema |
| phpmyadmin         |
| test               |
+--------------------+
5 rows in set (0.03 sec)

MariaDB [(none)]> use csd2204w18;
ERROR 1049 (42000): Unknown database 'csd2204w18'
MariaDB [(none)]> show tables;
ERROR 1046 (3D000): No database selected
MariaDB [(none)]> use csd2204w18;
Database changed
MariaDB [csd2204w18]> show tables;
Empty set (0.00 sec)

MariaDB [csd2204w18]> desc csd2204w18;
ERROR 1146 (42S02): Table 'csd2204w18.csd2204w18' doesn't exist
MariaDB [csd2204w18]> select proice from products where name like 'Memory' INTO Mprice;
ERROR 1327 (42000): Undeclared variable: Mprice
MariaDB [csd2204w18]> select price from products where name like 'Memory' INTO Mprice;
ERROR 1327 (42000): Undeclared variable: Mprice
MariaDB [csd2204w18]> -- phpMyAdmin SQL Dump
MariaDB [csd2204w18]> -- version 4.0.10.7
MariaDB [csd2204w18]> -- http://www.phpmyadmin.net
MariaDB [csd2204w18]> --
MariaDB [csd2204w18]> -- Host: localhost
MariaDB [csd2204w18]> -- Generation Time: Mar 20, 2015 at 01:43 AM
MariaDB [csd2204w18]> -- Server version: 5.5.34-cll-lve
MariaDB [csd2204w18]> -- PHP Version: 5.4.23
MariaDB [csd2204w18]>
MariaDB [csd2204w18]> SET SQL_MODE = "NO_AUTO_VALUE_ON_ZERO";
Query OK, 0 rows affected (0.00 sec)

MariaDB [csd2204w18]> SET time_zone = "+00:00";
Query OK, 0 rows affected (0.00 sec)

MariaDB [csd2204w18]>
MariaDB [csd2204w18]>
MariaDB [csd2204w18]> /*!40101 SET @OLD_CHARACTER_SET_CLIENT=@@CHARACTER_SET_CLIENT */;
Query OK, 0 rows affected (0.00 sec)

MariaDB [csd2204w18]> /*!40101 SET @OLD_CHARACTER_SET_RESULTS=@@CHARACTER_SET_RESULTS */;
Query OK, 0 rows affected (0.00 sec)

MariaDB [csd2204w18]> /*!40101 SET @OLD_COLLATION_CONNECTION=@@COLLATION_CONNECTION */;
Query OK, 0 rows affected (0.00 sec)

MariaDB [csd2204w18]> /*!40101 SET NAMES utf8 */;
Query OK, 0 rows affected (0.00 sec)

MariaDB [csd2204w18]>
MariaDB [csd2204w18]> --
MariaDB [csd2204w18]> -- Database: `wrpracti_bookinfo`
MariaDB [csd2204w18]> --
MariaDB [csd2204w18]>
MariaDB [csd2204w18]> -- --------------------------------------------------------
MariaDB [csd2204w18]>
MariaDB [csd2204w18]> --
MariaDB [csd2204w18]> -- Table structure for table `countries`
MariaDB [csd2204w18]> --
MariaDB [csd2204w18]>
MariaDB [csd2204w18]> CREATE TABLE IF NOT EXISTS `countries` (
    ->   `COUNTRY_ID` varchar(2) NOT NULL,
    ->   `COUNTRY_NAME` varchar(40) DEFAULT NULL,
    ->   `REGION_ID` decimal(10,0) DEFAULT NULL,
    ->   PRIMARY KEY (`COUNTRY_ID`),
    ->   KEY `COUNTR_REG_FK` (`REGION_ID`)
    -> ) ENGINE=MyISAM DEFAULT CHARSET=latin1;
Query OK, 0 rows affected (0.07 sec)

MariaDB [csd2204w18]>
MariaDB [csd2204w18]> --
MariaDB [csd2204w18]> -- Dumping data for table `countries`
MariaDB [csd2204w18]> --
MariaDB [csd2204w18]>
MariaDB [csd2204w18]> INSERT INTO `countries` (`COUNTRY_ID`, `COUNTRY_NAME`, `REGION_ID`) VALUES
    -> ('AR', 'Argentina', '2'),
    -> ('AU', 'Australia', '3'),
    -> ('BE', 'Belgium', '1'),
    -> ('BR', 'Brazil', '2'),
    -> ('CA', 'Canada', '2'),
    -> ('CH', 'Switzerland', '1'),
    -> ('CN', 'China', '3'),
    -> ('DE', 'Germany', '1'),
    -> ('DK', 'Denmark', '1'),
    -> ('EG', 'Egypt', '4'),
    -> ('FR', 'France', '1'),
    -> ('HK', 'HongKong', '3'),
    -> ('IL', 'Israel', '4'),
    -> ('IN', 'India', '3'),
    -> ('IT', 'Italy', '1'),
    -> ('JP', 'Japan', '3'),
    -> ('KW', 'Kuwait', '4'),
    -> ('MX', 'Mexico', '2'),
    -> ('NG', 'Nigeria', '4'),
    -> ('NL', 'Netherlands', '1'),
    -> ('SG', 'Singapore', '3'),
    -> ('UK', 'United Kingdom', '1'),
    -> ('US', 'United States of America', '2'),
    -> ('ZM', 'Zambia', '4'),
    -> ('ZW', 'Zimbabwe', '4');
Query OK, 25 rows affected (0.00 sec)
Records: 25  Duplicates: 0  Warnings: 0

MariaDB [csd2204w18]>
MariaDB [csd2204w18]> -- --------------------------------------------------------
MariaDB [csd2204w18]>
MariaDB [csd2204w18]> --
MariaDB [csd2204w18]> -- Table structure for table `departments`
MariaDB [csd2204w18]> --
MariaDB [csd2204w18]>
MariaDB [csd2204w18]> CREATE TABLE IF NOT EXISTS `departments` (
    ->   `DEPARTMENT_ID` decimal(4,0) NOT NULL DEFAULT '0',
    ->   `DEPARTMENT_NAME` varchar(30) NOT NULL,
    ->   `MANAGER_ID` decimal(6,0) DEFAULT NULL,
    ->   `LOCATION_ID` decimal(4,0) DEFAULT NULL,
    ->   PRIMARY KEY (`DEPARTMENT_ID`),
    ->   KEY `DEPT_MGR_FK` (`MANAGER_ID`),
    ->   KEY `DEPT_LOCATION_IX` (`LOCATION_ID`)
    -> ) ENGINE=MyISAM DEFAULT CHARSET=latin1;
Query OK, 0 rows affected (0.04 sec)

MariaDB [csd2204w18]>
MariaDB [csd2204w18]> --
MariaDB [csd2204w18]> -- Dumping data for table `departments`
MariaDB [csd2204w18]> --
MariaDB [csd2204w18]>
MariaDB [csd2204w18]> INSERT INTO `departments` (`DEPARTMENT_ID`, `DEPARTMENT_NAME`, `MANAGER_ID`, `LOCATION_ID`) VALUES
    -> ('10', 'Administration', '200', '1700'),
    -> ('20', 'Marketing', '201', '1800'),
    -> ('30', 'Purchasing', '114', '1700'),
    -> ('40', 'Human Resources', '203', '2400'),
    -> ('50', 'Shipping', '121', '1500'),
    -> ('60', 'IT', '103', '1400'),
    -> ('70', 'Public Relations', '204', '2700'),
    -> ('80', 'Sales', '145', '2500'),
    -> ('90', 'Executive', '100', '1700'),
    -> ('100', 'Finance', '108', '1700'),
    -> ('110', 'Accounting', '205', '1700'),
    -> ('120', 'Treasury', '0', '1700'),
    -> ('130', 'Corporate Tax', '0', '1700'),
    -> ('140', 'Control And Credit', '0', '1700'),
    -> ('150', 'Shareholder Services', '0', '1700'),
    -> ('160', 'Benefits', '0', '1700'),
    -> ('170', 'Manufacturing', '0', '1700'),
    -> ('180', 'Construction', '0', '1700'),
    -> ('190', 'Contracting', '0', '1700'),
    -> ('200', 'Operations', '0', '1700'),
    -> ('210', 'IT Support', '0', '1700'),
    -> ('220', 'NOC', '0', '1700'),
    -> ('230', 'IT Helpdesk', '0', '1700'),
    -> ('240', 'Government Sales', '0', '1700'),
    -> ('250', 'Retail Sales', '0', '1700'),
    -> ('260', 'Recruiting', '0', '1700'),
    -> ('270', 'Payroll', '0', '1700');
Query OK, 27 rows affected (0.00 sec)
Records: 27  Duplicates: 0  Warnings: 0

MariaDB [csd2204w18]>
MariaDB [csd2204w18]> -- --------------------------------------------------------
MariaDB [csd2204w18]>
MariaDB [csd2204w18]> --
MariaDB [csd2204w18]> -- Table structure for table `employees`
MariaDB [csd2204w18]> --
MariaDB [csd2204w18]>
MariaDB [csd2204w18]> CREATE TABLE IF NOT EXISTS `employees` (
    ->   `EMPLOYEE_ID` decimal(6,0) NOT NULL DEFAULT '0',
    ->   `FIRST_NAME` varchar(20) DEFAULT NULL,
    ->   `LAST_NAME` varchar(25) NOT NULL,
    ->   `EMAIL` varchar(25) NOT NULL,
    ->   `PHONE_NUMBER` varchar(20) DEFAULT NULL,
    ->   `HIRE_DATE` date NOT NULL,
    ->   `JOB_ID` varchar(10) NOT NULL,
    ->   `SALARY` decimal(8,2) DEFAULT NULL,
    ->   `COMMISSION_PCT` decimal(2,2) DEFAULT NULL,
    ->   `MANAGER_ID` decimal(6,0) DEFAULT NULL,
    ->   `DEPARTMENT_ID` decimal(4,0) DEFAULT NULL,
    ->   PRIMARY KEY (`EMPLOYEE_ID`),
    ->   UNIQUE KEY `EMP_EMAIL_UK` (`EMAIL`),
    ->   KEY `EMP_DEPARTMENT_IX` (`DEPARTMENT_ID`),
    ->   KEY `EMP_JOB_IX` (`JOB_ID`),
    ->   KEY `EMP_MANAGER_IX` (`MANAGER_ID`),
    ->   KEY `EMP_NAME_IX` (`LAST_NAME`,`FIRST_NAME`)
    -> ) ENGINE=MyISAM DEFAULT CHARSET=latin1;
Query OK, 0 rows affected (0.10 sec)

MariaDB [csd2204w18]>
MariaDB [csd2204w18]> --
MariaDB [csd2204w18]> -- Dumping data for table `employees`
MariaDB [csd2204w18]> --
MariaDB [csd2204w18]>
MariaDB [csd2204w18]> INSERT INTO `employees` (`EMPLOYEE_ID`, `FIRST_NAME`, `LAST_NAME`, `EMAIL`, `PHONE_NUMBER`, `HIRE_DATE`, `JOB_ID`, `SALARY`, `COMMISSION_PCT`, `MANAGER_ID`, `DEPARTMENT_ID`) VALUES
    -> ('100', 'Steven', 'King', 'SKING', '515.123.4567', '1987-06-17', 'AD_PRES', '24000.00', '0.00', '0', '90'),
    -> ('101', 'Neena', 'Kochhar', 'NKOCHHAR', '515.123.4568', '1987-06-18', 'AD_VP', '17000.00', '0.00', '100', '90'),
    -> ('102', 'Lex', 'De Haan', 'LDEHAAN', '515.123.4569', '1987-06-19', 'AD_VP', '17000.00', '0.00', '100', '90'),
    -> ('103', 'Alexander', 'Hunold', 'AHUNOLD', '590.423.4567', '1987-06-20', 'IT_PROG', '9000.00', '0.00', '102', '60'),
    -> ('104', 'Bruce', 'Ernst', 'BERNST', '590.423.4568', '1987-06-21', 'IT_PROG', '6000.00', '0.00', '103', '60'),
    -> ('105', 'David', 'Austin', 'DAUSTIN', '590.423.4569', '1987-06-22', 'IT_PROG', '4800.00', '0.00', '103', '60'),
    -> ('106', 'Valli', 'Pataballa', 'VPATABAL', '590.423.4560', '1987-06-23', 'IT_PROG', '4800.00', '0.00', '103', '60'),
    -> ('107', 'Diana', 'Lorentz', 'DLORENTZ', '590.423.5567', '1987-06-24', 'IT_PROG', '4200.00', '0.00', '103', '60'),
    -> ('108', 'Nancy', 'Greenberg', 'NGREENBE', '515.124.4569', '1987-06-25', 'FI_MGR', '12000.00', '0.00', '101', '100'),
    -> ('109', 'Daniel', 'Faviet', 'DFAVIET', '515.124.4169', '1987-06-26', 'FI_ACCOUNT', '9000.00', '0.00', '108', '100'),
    -> ('110', 'John', 'Chen', 'JCHEN', '515.124.4269', '1987-06-27', 'FI_ACCOUNT', '8200.00', '0.00', '108', '100'),
    -> ('111', 'Ismael', 'Sciarra', 'ISCIARRA', '515.124.4369', '1987-06-28', 'FI_ACCOUNT', '7700.00', '0.00', '108', '100'),
    -> ('112', 'Jose Manuel', 'Urman', 'JMURMAN', '515.124.4469', '1987-06-29', 'FI_ACCOUNT', '7800.00', '0.00', '108', '100'),
    -> ('113', 'Luis', 'Popp', 'LPOPP', '515.124.4567', '1987-06-30', 'FI_ACCOUNT', '6900.00', '0.00', '108', '100'),
    -> ('114', 'Den', 'Raphaely', 'DRAPHEAL', '515.127.4561', '1987-07-01', 'PU_MAN', '11000.00', '0.00', '100', '30'),
    -> ('115', 'Alexander', 'Khoo', 'AKHOO', '515.127.4562', '1987-07-02', 'PU_CLERK', '3100.00', '0.00', '114', '30'),
    -> ('116', 'Shelli', 'Baida', 'SBAIDA', '515.127.4563', '1987-07-03', 'PU_CLERK', '2900.00', '0.00', '114', '30'),
    -> ('117', 'Sigal', 'Tobias', 'STOBIAS', '515.127.4564', '1987-07-04', 'PU_CLERK', '2800.00', '0.00', '114', '30'),
    -> ('118', 'Guy', 'Himuro', 'GHIMURO', '515.127.4565', '1987-07-05', 'PU_CLERK', '2600.00', '0.00', '114', '30'),
    -> ('119', 'Karen', 'Colmenares', 'KCOLMENA', '515.127.4566', '1987-07-06', 'PU_CLERK', '2500.00', '0.00', '114', '30'),
    -> ('120', 'Matthew', 'Weiss', 'MWEISS', '650.123.1234', '1987-07-07', 'ST_MAN', '8000.00', '0.00', '100', '50'),
    -> ('121', 'Adam', 'Fripp', 'AFRIPP', '650.123.2234', '1987-07-08', 'ST_MAN', '8200.00', '0.00', '100', '50'),
    -> ('122', 'Payam', 'Kaufling', 'PKAUFLIN', '650.123.3234', '1987-07-09', 'ST_MAN', '7900.00', '0.00', '100', '50'),
    -> ('123', 'Shanta', 'Vollman', 'SVOLLMAN', '650.123.4234', '1987-07-10', 'ST_MAN', '6500.00', '0.00', '100', '50'),
    -> ('124', 'Kevin', 'Mourgos', 'KMOURGOS', '650.123.5234', '1987-07-11', 'ST_MAN', '5800.00', '0.00', '100', '50'),
    -> ('125', 'Julia', 'Nayer', 'JNAYER', '650.124.1214', '1987-07-12', 'ST_CLERK', '3200.00', '0.00', '120', '50'),
    -> ('126', 'Irene', 'Mikkilineni', 'IMIKKILI', '650.124.1224', '1987-07-13', 'ST_CLERK', '2700.00', '0.00', '120', '50'),
    -> ('127', 'James', 'Landry', 'JLANDRY', '650.124.1334', '1987-07-14', 'ST_CLERK', '2400.00', '0.00', '120', '50'),
    -> ('128', 'Steven', 'Markle', 'SMARKLE', '650.124.1434', '1987-07-15', 'ST_CLERK', '2200.00', '0.00', '120', '50'),
    -> ('129', 'Laura', 'Bissot', 'LBISSOT', '650.124.5234', '1987-07-16', 'ST_CLERK', '3300.00', '0.00', '121', '50'),
    -> ('130', 'Mozhe', 'Atkinson', 'MATKINSO', '650.124.6234', '1987-07-17', 'ST_CLERK', '2800.00', '0.00', '121', '50'),
    -> ('131', 'James', 'Marlow', 'JAMRLOW', '650.124.7234', '1987-07-18', 'ST_CLERK', '2500.00', '0.00', '121', '50'),
    -> ('132', 'TJ', 'Olson', 'TJOLSON', '650.124.8234', '1987-07-19', 'ST_CLERK', '2100.00', '0.00', '121', '50'),
    -> ('133', 'Jason', 'Mallin', 'JMALLIN', '650.127.1934', '1987-07-20', 'ST_CLERK', '3300.00', '0.00', '122', '50'),
    -> ('134', 'Michael', 'Rogers', 'MROGERS', '650.127.1834', '1987-07-21', 'ST_CLERK', '2900.00', '0.00', '122', '50'),
    -> ('135', 'Ki', 'Gee', 'KGEE', '650.127.1734', '1987-07-22', 'ST_CLERK', '2400.00', '0.00', '122', '50'),
    -> ('136', 'Hazel', 'Philtanker', 'HPHILTAN', '650.127.1634', '1987-07-23', 'ST_CLERK', '2200.00', '0.00', '122', '50'),
    -> ('137', 'Renske', 'Ladwig', 'RLADWIG', '650.121.1234', '1987-07-24', 'ST_CLERK', '3600.00', '0.00', '123', '50'),
    -> ('138', 'Stephen', 'Stiles', 'SSTILES', '650.121.2034', '1987-07-25', 'ST_CLERK', '3200.00', '0.00', '123', '50'),
    -> ('139', 'John', 'Seo', 'JSEO', '650.121.2019', '1987-07-26', 'ST_CLERK', '2700.00', '0.00', '123', '50'),
    -> ('140', 'Joshua', 'Patel', 'JPATEL', '650.121.1834', '1987-07-27', 'ST_CLERK', '2500.00', '0.00', '123', '50'),
    -> ('141', 'Trenna', 'Rajs', 'TRAJS', '650.121.8009', '1987-07-28', 'ST_CLERK', '3500.00', '0.00', '124', '50'),
    -> ('142', 'Curtis', 'Davies', 'CDAVIES', '650.121.2994', '1987-07-29', 'ST_CLERK', '3100.00', '0.00', '124', '50'),
    -> ('143', 'Randall', 'Matos', 'RMATOS', '650.121.2874', '1987-07-30', 'ST_CLERK', '2600.00', '0.00', '124', '50'),
    -> ('144', 'Peter', 'Vargas', 'PVARGAS', '650.121.2004', '1987-07-31', 'ST_CLERK', '2500.00', '0.00', '124', '50'),
    -> ('145', 'John', 'Russell', 'JRUSSEL', '011.44.1344.429268', '1987-08-01', 'SA_MAN', '14000.00', '0.40', '100', '80'),
    -> ('146', 'Karen', 'Partners', 'KPARTNER', '011.44.1344.467268', '1987-08-02', 'SA_MAN', '13500.00', '0.30', '100', '80'),
    -> ('147', 'Alberto', 'Errazuriz', 'AERRAZUR', '011.44.1344.429278', '1987-08-03', 'SA_MAN', '12000.00', '0.30', '100', '80'),
    -> ('148', 'Gerald', 'Cambrault', 'GCAMBRAU', '011.44.1344.619268', '1987-08-04', 'SA_MAN', '11000.00', '0.30', '100', '80'),
    -> ('149', 'Eleni', 'Zlotkey', 'EZLOTKEY', '011.44.1344.429018', '1987-08-05', 'SA_MAN', '10500.00', '0.20', '100', '80'),
    -> ('150', 'Peter', 'Tucker', 'PTUCKER', '011.44.1344.129268', '1987-08-06', 'SA_REP', '10000.00', '0.30', '145', '80'),
    -> ('151', 'David', 'Bernstein', 'DBERNSTE', '011.44.1344.345268', '1987-08-07', 'SA_REP', '9500.00', '0.25', '145', '80'),
    -> ('152', 'Peter', 'Hall', 'PHALL', '011.44.1344.478968', '1987-08-08', 'SA_REP', '9000.00', '0.25', '145', '80'),
    -> ('153', 'Christopher', 'Olsen', 'COLSEN', '011.44.1344.498718', '1987-08-09', 'SA_REP', '8000.00', '0.20', '145', '80'),
    -> ('154', 'Nanette', 'Cambrault', 'NCAMBRAU', '011.44.1344.987668', '1987-08-10', 'SA_REP', '7500.00', '0.20', '145', '80'),
    -> ('155', 'Oliver', 'Tuvault', 'OTUVAULT', '011.44.1344.486508', '1987-08-11', 'SA_REP', '7000.00', '0.15', '145', '80'),
    -> ('156', 'Janette', 'King', 'JKING', '011.44.1345.429268', '1987-08-12', 'SA_REP', '10000.00', '0.35', '146', '80'),
    -> ('157', 'Patrick', 'Sully', 'PSULLY', '011.44.1345.929268', '1987-08-13', 'SA_REP', '9500.00', '0.35', '146', '80'),
    -> ('158', 'Allan', 'McEwen', 'AMCEWEN', '011.44.1345.829268', '1987-08-14', 'SA_REP', '9000.00', '0.35', '146', '80'),
    -> ('159', 'Lindsey', 'Smith', 'LSMITH', '011.44.1345.729268', '1987-08-15', 'SA_REP', '8000.00', '0.30', '146', '80'),
    -> ('160', 'Louise', 'Doran', 'LDORAN', '011.44.1345.629268', '1987-08-16', 'SA_REP', '7500.00', '0.30', '146', '80'),
    -> ('161', 'Sarath', 'Sewall', 'SSEWALL', '011.44.1345.529268', '1987-08-17', 'SA_REP', '7000.00', '0.25', '146', '80'),
    -> ('162', 'Clara', 'Vishney', 'CVISHNEY', '011.44.1346.129268', '1987-08-18', 'SA_REP', '10500.00', '0.25', '147', '80'),
    -> ('163', 'Danielle', 'Greene', 'DGREENE', '011.44.1346.229268', '1987-08-19', 'SA_REP', '9500.00', '0.15', '147', '80'),
    -> ('164', 'Mattea', 'Marvins', 'MMARVINS', '011.44.1346.329268', '1987-08-20', 'SA_REP', '7200.00', '0.10', '147', '80'),
    -> ('165', 'David', 'Lee', 'DLEE', '011.44.1346.529268', '1987-08-21', 'SA_REP', '6800.00', '0.10', '147', '80'),
    -> ('166', 'Sundar', 'Ande', 'SANDE', '011.44.1346.629268', '1987-08-22', 'SA_REP', '6400.00', '0.10', '147', '80'),
    -> ('167', 'Amit', 'Banda', 'ABANDA', '011.44.1346.729268', '1987-08-23', 'SA_REP', '6200.00', '0.10', '147', '80'),
    -> ('168', 'Lisa', 'Ozer', 'LOZER', '011.44.1343.929268', '1987-08-24', 'SA_REP', '11500.00', '0.25', '148', '80'),
    -> ('169', 'Harrison', 'Bloom', 'HBLOOM', '011.44.1343.829268', '1987-08-25', 'SA_REP', '10000.00', '0.20', '148', '80'),
    -> ('170', 'Tayler', 'Fox', 'TFOX', '011.44.1343.729268', '1987-08-26', 'SA_REP', '9600.00', '0.20', '148', '80'),
    -> ('171', 'William', 'Smith', 'WSMITH', '011.44.1343.629268', '1987-08-27', 'SA_REP', '7400.00', '0.15', '148', '80'),
    -> ('172', 'Elizabeth', 'Bates', 'EBATES', '011.44.1343.529268', '1987-08-28', 'SA_REP', '7300.00', '0.15', '148', '80'),
    -> ('173', 'Sundita', 'Kumar', 'SKUMAR', '011.44.1343.329268', '1987-08-29', 'SA_REP', '6100.00', '0.10', '148', '80'),
    -> ('174', 'Ellen', 'Abel', 'EABEL', '011.44.1644.429267', '1987-08-30', 'SA_REP', '11000.00', '0.30', '149', '80'),
    -> ('175', 'Alyssa', 'Hutton', 'AHUTTON', '011.44.1644.429266', '1987-08-31', 'SA_REP', '8800.00', '0.25', '149', '80'),
    -> ('176', 'Jonathon', 'Taylor', 'JTAYLOR', '011.44.1644.429265', '1987-09-01', 'SA_REP', '8600.00', '0.20', '149', '80'),
    -> ('177', 'Jack', 'Livingston', 'JLIVINGS', '011.44.1644.429264', '1987-09-02', 'SA_REP', '8400.00', '0.20', '149', '80'),
    -> ('178', 'Kimberely', 'Grant', 'KGRANT', '011.44.1644.429263', '1987-09-03', 'SA_REP', '7000.00', '0.15', '149', '0'),
    -> ('179', 'Charles', 'Johnson', 'CJOHNSON', '011.44.1644.429262', '1987-09-04', 'SA_REP', '6200.00', '0.10', '149', '80'),
    -> ('180', 'Winston', 'Taylor', 'WTAYLOR', '650.507.9876', '1987-09-05', 'SH_CLERK', '3200.00', '0.00', '120', '50'),
    -> ('181', 'Jean', 'Fleaur', 'JFLEAUR', '650.507.9877', '1987-09-06', 'SH_CLERK', '3100.00', '0.00', '120', '50'),
    -> ('182', 'Martha', 'Sullivan', 'MSULLIVA', '650.507.9878', '1987-09-07', 'SH_CLERK', '2500.00', '0.00', '120', '50'),
    -> ('183', 'Girard', 'Geoni', 'GGEONI', '650.507.9879', '1987-09-08', 'SH_CLERK', '2800.00', '0.00', '120', '50'),
    -> ('184', 'Nandita', 'Sarchand', 'NSARCHAN', '650.509.1876', '1987-09-09', 'SH_CLERK', '4200.00', '0.00', '121', '50'),
    -> ('185', 'Alexis', 'Bull', 'ABULL', '650.509.2876', '1987-09-10', 'SH_CLERK', '4100.00', '0.00', '121', '50'),
    -> ('186', 'Julia', 'Dellinger', 'JDELLING', '650.509.3876', '1987-09-11', 'SH_CLERK', '3400.00', '0.00', '121', '50'),
    -> ('187', 'Anthony', 'Cabrio', 'ACABRIO', '650.509.4876', '1987-09-12', 'SH_CLERK', '3000.00', '0.00', '121', '50'),
    -> ('188', 'Kelly', 'Chung', 'KCHUNG', '650.505.1876', '1987-09-13', 'SH_CLERK', '3800.00', '0.00', '122', '50'),
    -> ('189', 'Jennifer', 'Dilly', 'JDILLY', '650.505.2876', '1987-09-14', 'SH_CLERK', '3600.00', '0.00', '122', '50'),
    -> ('190', 'Timothy', 'Gates', 'TGATES', '650.505.3876', '1987-09-15', 'SH_CLERK', '2900.00', '0.00', '122', '50'),
    -> ('191', 'Randall', 'Perkins', 'RPERKINS', '650.505.4876', '1987-09-16', 'SH_CLERK', '2500.00', '0.00', '122', '50'),
    -> ('192', 'Sarah', 'Bell', 'SBELL', '650.501.1876', '1987-09-17', 'SH_CLERK', '4000.00', '0.00', '123', '50'),
    -> ('193', 'Britney', 'Everett', 'BEVERETT', '650.501.2876', '1987-09-18', 'SH_CLERK', '3900.00', '0.00', '123', '50'),
    -> ('194', 'Samuel', 'McCain', 'SMCCAIN', '650.501.3876', '1987-09-19', 'SH_CLERK', '3200.00', '0.00', '123', '50'),
    -> ('195', 'Vance', 'Jones', 'VJONES', '650.501.4876', '1987-09-20', 'SH_CLERK', '2800.00', '0.00', '123', '50'),
    -> ('196', 'Alana', 'Walsh', 'AWALSH', '650.507.9811', '1987-09-21', 'SH_CLERK', '3100.00', '0.00', '124', '50'),
    -> ('197', 'Kevin', 'Feeney', 'KFEENEY', '650.507.9822', '1987-09-22', 'SH_CLERK', '3000.00', '0.00', '124', '50'),
    -> ('198', 'Donald', 'OConnell', 'DOCONNEL', '650.507.9833', '1987-09-23', 'SH_CLERK', '2600.00', '0.00', '124', '50'),
    -> ('199', 'Douglas', 'Grant', 'DGRANT', '650.507.9844', '1987-09-24', 'SH_CLERK', '2600.00', '0.00', '124', '50'),
    -> ('200', 'Jennifer', 'Whalen', 'JWHALEN', '515.123.4444', '1987-09-25', 'AD_ASST', '4400.00', '0.00', '101', '10'),
    -> ('201', 'Michael', 'Hartstein', 'MHARTSTE', '515.123.5555', '1987-09-26', 'MK_MAN', '13000.00', '0.00', '100', '20'),
    -> ('202', 'Pat', 'Fay', 'PFAY', '603.123.6666', '1987-09-27', 'MK_REP', '6000.00', '0.00', '201', '20'),
    -> ('203', 'Susan', 'Mavris', 'SMAVRIS', '515.123.7777', '1987-09-28', 'HR_REP', '6500.00', '0.00', '101', '40'),
    -> ('204', 'Hermann', 'Baer', 'HBAER', '515.123.8888', '1987-09-29', 'PR_REP', '10000.00', '0.00', '101', '70'),
    -> ('205', 'Shelley', 'Higgins', 'SHIGGINS', '515.123.8080', '1987-09-30', 'AC_MGR', '12000.00', '0.00', '101', '110'),
    -> ('206', 'William', 'Gietz', 'WGIETZ', '515.123.8181', '1987-10-01', 'AC_ACCOUNT', '8300.00', '0.00', '205', '110');
Query OK, 107 rows affected (0.00 sec)
Records: 107  Duplicates: 0  Warnings: 0

MariaDB [csd2204w18]>
MariaDB [csd2204w18]> -- --------------------------------------------------------
MariaDB [csd2204w18]>
MariaDB [csd2204w18]> --
MariaDB [csd2204w18]> -- Table structure for table `job_history`
MariaDB [csd2204w18]> --
MariaDB [csd2204w18]>
MariaDB [csd2204w18]> CREATE TABLE IF NOT EXISTS `job_history` (
    ->   `EMPLOYEE_ID` decimal(6,0) NOT NULL,
    ->   `START_DATE` date NOT NULL,
    ->   `END_DATE` date NOT NULL,
    ->   `JOB_ID` varchar(10) NOT NULL,
    ->   `DEPARTMENT_ID` decimal(4,0) DEFAULT NULL,
    ->   PRIMARY KEY (`EMPLOYEE_ID`,`START_DATE`),
    ->   KEY `JHIST_DEPARTMENT_IX` (`DEPARTMENT_ID`),
    ->   KEY `JHIST_EMPLOYEE_IX` (`EMPLOYEE_ID`),
    ->   KEY `JHIST_JOB_IX` (`JOB_ID`)
    -> ) ENGINE=MyISAM DEFAULT CHARSET=latin1;
Query OK, 0 rows affected (0.17 sec)

MariaDB [csd2204w18]>
MariaDB [csd2204w18]> --
MariaDB [csd2204w18]> -- Dumping data for table `job_history`
MariaDB [csd2204w18]> --
MariaDB [csd2204w18]>
MariaDB [csd2204w18]> INSERT INTO `job_history` (`EMPLOYEE_ID`, `START_DATE`, `END_DATE`, `JOB_ID`, `DEPARTMENT_ID`) VALUES
    -> ('102', '1993-01-13', '1998-07-24', 'IT_PROG', '60'),
    -> ('101', '1989-09-21', '1993-10-27', 'AC_ACCOUNT', '110'),
    -> ('101', '1993-10-28', '1997-03-15', 'AC_MGR', '110'),
    -> ('201', '1996-02-17', '1999-12-19', 'MK_REP', '20'),
    -> ('114', '1998-03-24', '1999-12-31', 'ST_CLERK', '50'),
    -> ('122', '1999-01-01', '1999-12-31', 'ST_CLERK', '50'),
    -> ('200', '1987-09-17', '1993-06-17', 'AD_ASST', '90'),
    -> ('176', '1998-03-24', '1998-12-31', 'SA_REP', '80'),
    -> ('176', '1999-01-01', '1999-12-31', 'SA_MAN', '80'),
    -> ('200', '1994-07-01', '1998-12-31', 'AC_ACCOUNT', '90'),
    -> ('0', '0000-00-00', '0000-00-00', '', '0');
Query OK, 11 rows affected (0.00 sec)
Records: 11  Duplicates: 0  Warnings: 0

MariaDB [csd2204w18]>
MariaDB [csd2204w18]> -- --------------------------------------------------------
MariaDB [csd2204w18]>
MariaDB [csd2204w18]> --
MariaDB [csd2204w18]> -- Table structure for table `jobs`
MariaDB [csd2204w18]> --
MariaDB [csd2204w18]>
MariaDB [csd2204w18]> CREATE TABLE IF NOT EXISTS `jobs` (
    ->   `JOB_ID` varchar(10) NOT NULL DEFAULT '',
    ->   `JOB_TITLE` varchar(35) NOT NULL,
    ->   `MIN_SALARY` decimal(6,0) DEFAULT NULL,
    ->   `MAX_SALARY` decimal(6,0) DEFAULT NULL,
    ->   PRIMARY KEY (`JOB_ID`)
    -> ) ENGINE=MyISAM DEFAULT CHARSET=latin1;
Query OK, 0 rows affected (0.18 sec)

MariaDB [csd2204w18]>
MariaDB [csd2204w18]> --
MariaDB [csd2204w18]> -- Dumping data for table `jobs`
MariaDB [csd2204w18]> --
MariaDB [csd2204w18]>
MariaDB [csd2204w18]> INSERT INTO `jobs` (`JOB_ID`, `JOB_TITLE`, `MIN_SALARY`, `MAX_SALARY`) VALUES
    -> ('AD_PRES', 'President', '20000', '40000'),
    -> ('AD_VP', 'Administration Vice President', '15000', '30000'),
    -> ('AD_ASST', 'Administration Assistant', '3000', '6000'),
    -> ('FI_MGR', 'Finance Manager', '8200', '16000'),
    -> ('FI_ACCOUNT', 'Accountant', '4200', '9000'),
    -> ('AC_MGR', 'Accounting Manager', '8200', '16000'),
    -> ('AC_ACCOUNT', 'Public Accountant', '4200', '9000'),
    -> ('SA_MAN', 'Sales Manager', '10000', '20000'),
    -> ('SA_REP', 'Sales Representative', '6000', '12000'),
    -> ('PU_MAN', 'Purchasing Manager', '8000', '15000'),
    -> ('PU_CLERK', 'Purchasing Clerk', '2500', '5500'),
    -> ('ST_MAN', 'Stock Manager', '5500', '8500'),
    -> ('ST_CLERK', 'Stock Clerk', '2000', '5000'),
    -> ('SH_CLERK', 'Shipping Clerk', '2500', '5500'),
    -> ('IT_PROG', 'Programmer', '4000', '10000'),
    -> ('MK_MAN', 'Marketing Manager', '9000', '15000'),
    -> ('MK_REP', 'Marketing Representative', '4000', '9000'),
    -> ('HR_REP', 'Human Resources Representative', '4000', '9000'),
    -> ('PR_REP', 'Public Relations Representative', '4500', '10500');
Query OK, 19 rows affected (0.00 sec)
Records: 19  Duplicates: 0  Warnings: 0

MariaDB [csd2204w18]>
MariaDB [csd2204w18]> -- --------------------------------------------------------
MariaDB [csd2204w18]>
MariaDB [csd2204w18]> --
MariaDB [csd2204w18]> -- Table structure for table `locations`
MariaDB [csd2204w18]> --
MariaDB [csd2204w18]>
MariaDB [csd2204w18]> CREATE TABLE IF NOT EXISTS `locations` (
    ->   `LOCATION_ID` decimal(4,0) NOT NULL DEFAULT '0',
    ->   `STREET_ADDRESS` varchar(40) DEFAULT NULL,
    ->   `POSTAL_CODE` varchar(12) DEFAULT NULL,
    ->   `CITY` varchar(30) NOT NULL,
    ->   `STATE_PROVINCE` varchar(25) DEFAULT NULL,
    ->   `COUNTRY_ID` varchar(2) DEFAULT NULL,
    ->   PRIMARY KEY (`LOCATION_ID`),
    ->   KEY `LOC_CITY_IX` (`CITY`),
    ->   KEY `LOC_COUNTRY_IX` (`COUNTRY_ID`),
    ->   KEY `LOC_STATE_PROVINCE_IX` (`STATE_PROVINCE`)
    -> ) ENGINE=MyISAM DEFAULT CHARSET=latin1;
Query OK, 0 rows affected (0.17 sec)

MariaDB [csd2204w18]>
MariaDB [csd2204w18]> --
MariaDB [csd2204w18]> -- Dumping data for table `locations`
MariaDB [csd2204w18]> --
MariaDB [csd2204w18]>
MariaDB [csd2204w18]> INSERT INTO `locations` (`LOCATION_ID`, `STREET_ADDRESS`, `POSTAL_CODE`, `CITY`, `STATE_PROVINCE`, `COUNTRY_ID`) VALUES
    -> ('1000', '1297 Via Cola di Rie', '989', 'Roma', '', 'IT'),
    -> ('1100', '93091 Calle della Testa', '10934', 'Venice', '', 'IT'),
    -> ('1200', '2017 Shinjuku-ku', '1689', 'Tokyo', 'Tokyo Prefecture', 'JP'),
    -> ('1300', '9450 Kamiya-cho', '6823', 'Hiroshima', '', 'JP'),
    -> ('1400', '2014 Jabberwocky Rd', '26192', 'Southlake', 'Texas', 'US'),
    -> ('1500', '2011 Interiors Blvd', '99236', 'South San Francisco', 'California', 'US'),
    -> ('1600', '2007 Zagora St', '50090', 'South Brunswick', 'New Jersey', 'US'),
    -> ('1700', '2004 Charade Rd', '98199', 'Seattle', 'Washington', 'US'),
    -> ('1800', '147 Spadina Ave', 'M5V 2L7', 'Toronto', 'Ontario', 'CA'),
    -> ('1900', '6092 Boxwood St', 'YSW 9T2', 'Whitehorse', 'Yukon', 'CA'),
    -> ('2000', '40-5-12 Laogianggen', '190518', 'Beijing', '', 'CN'),
    -> ('2100', '1298 Vileparle (E)', '490231', 'Bombay', 'Maharashtra', 'IN'),
    -> ('2200', '12-98 Victoria Street', '2901', 'Sydney', 'New South Wales', 'AU'),
    -> ('2300', '198 Clementi North', '540198', 'Singapore', '', 'SG'),
    -> ('2400', '8204 Arthur St', '', 'London', '', 'UK'),
    -> ('2500', '"Magdalen Centre', ' The Oxford ', 'OX9 9ZB', 'Oxford', 'Ox'),
    -> ('2600', '9702 Chester Road', '9629850293', 'Stretford', 'Manchester', 'UK'),
    -> ('2700', 'Schwanthalerstr. 7031', '80925', 'Munich', 'Bavaria', 'DE'),
    -> ('2800', 'Rua Frei Caneca 1360', '01307-002', 'Sao Paulo', 'Sao Paulo', 'BR'),
    -> ('2900', '20 Rue des Corps-Saints', '1730', 'Geneva', 'Geneve', 'CH'),
    -> ('3000', 'Murtenstrasse 921', '3095', 'Bern', 'BE', 'CH'),
    -> ('3100', 'Pieter Breughelstraat 837', '3029SK', 'Utrecht', 'Utrecht', 'NL'),
    -> ('3200', 'Mariano Escobedo 9991', '11932', 'Mexico City', '"Distrito Federal', '"');
Query OK, 23 rows affected (0.00 sec)
Records: 23  Duplicates: 0  Warnings: 0

MariaDB [csd2204w18]>
MariaDB [csd2204w18]> -- --------------------------------------------------------
MariaDB [csd2204w18]>
MariaDB [csd2204w18]> --
MariaDB [csd2204w18]> -- Table structure for table `regions`
MariaDB [csd2204w18]> --
MariaDB [csd2204w18]>
MariaDB [csd2204w18]> CREATE TABLE IF NOT EXISTS `regions` (
    ->   `REGION_ID` decimal(5,0) NOT NULL,
    ->   `REGION_NAME` varchar(25) DEFAULT NULL,
    ->   PRIMARY KEY (`REGION_ID`),
    ->   UNIQUE KEY `sss` (`REGION_NAME`)
    -> ) ENGINE=MyISAM DEFAULT CHARSET=latin1;
Query OK, 0 rows affected (0.18 sec)

MariaDB [csd2204w18]>
MariaDB [csd2204w18]> --
MariaDB [csd2204w18]> -- Dumping data for table `regions`
MariaDB [csd2204w18]> --
MariaDB [csd2204w18]>
MariaDB [csd2204w18]> INSERT INTO `regions` (`REGION_ID`, `REGION_NAME`) VALUES
    -> ('1', 'Europe\r'),
    -> ('2', 'Americas\r'),
    -> ('3', 'Asia\r'),
    -> ('4', 'Middle East and Africa\r');
Query OK, 4 rows affected (0.00 sec)
Records: 4  Duplicates: 0  Warnings: 0

MariaDB [csd2204w18]>
MariaDB [csd2204w18]> /*!40101 SET CHARACTER_SET_CLIENT=@OLD_CHARACTER_SET_CLIENT */;
Query OK, 0 rows affected (0.00 sec)

MariaDB [csd2204w18]> /*!40101 SET CHARACTER_SET_RESULTS=@OLD_CHARACTER_SET_RESULTS */;
Query OK, 0 rows affected (0.00 sec)

MariaDB [csd2204w18]> /*!40101 SET COLLATION_CONNECTION=@OLD_COLLATION_CONNECTION */;
Query OK, 0 rows affected (0.00 sec)

MariaDB [csd2204w18]> show tables;
+----------------------+
| Tables_in_csd2204w18 |
+----------------------+
| countries            |
| departments          |
| employees            |
| job_history          |
| jobs                 |
| locations            |
| regions              |
+----------------------+
7 rows in set (0.00 sec)

MariaDB [csd2204w18]> select * from prooducts;
ERROR 1146 (42S02): Table 'csd2204w18.prooducts' doesn't exist
MariaDB [csd2204w18]> SET @n1 = 10;
Query OK, 0 rows affected (0.00 sec)

MariaDB [csd2204w18]> SET @n1;
ERROR 1064 (42000): You have an error in your SQL syntax; check the manual that corresponds to your MariaDB server version for the right syntax to use near '' at line 1
MariaDB [csd2204w18]> Select @n1;
+------+
| @n1  |
+------+
|   10 |
+------+
1 row in set (0.00 sec)

MariaDB [csd2204w18]> select price from products where name like 'Memeory' INTO Mprice;
ERROR 1327 (42000): Undeclared variable: Mprice
MariaDB [csd2204w18]> select price from products where name like 'Memeory' INTO @Mprice;
ERROR 1146 (42S02): Table 'csd2204w18.products' doesn't exist
MariaDB [csd2204w18]> select price from products where name like 'Memeory' INTO @Mprice;
ERROR 1146 (42S02): Table 'csd2204w18.products' doesn't exist
MariaDB [csd2204w18]> CREATE TABLE Products (   Code INTEGER(3) AUTO_INCREMENT,   Name VARCHAR(255) NOT NULL ,   Price DECIMAL NOT NULL ,   Manufacturer INTEGER(3),   CONSTRAINT PK_PRODUCTS PRIMARY KEY (Code),   CONSTRAINT FK_PRODUCTS FOREIGN KEY (Manufacturer) REFERENCES manu(Code)   );INSERT INTO Products(Name,Price,Manufacturer) VALUES('Hard drive',240,5);INSERT INTO Products(Name,Price,Manufacturer) VALUES('Memory',120,6);INSERT INTO Products(Name,Price,Manufacturer) VALUES('ZIP drive',150,4);INSERT INTO Products(Name,Price,Manufacturer) VALUES('Floppy disk',5,6);INSERT INTO Products(Name,Price,Manufacturer) VALUES('Monitor',240,1);INSERT INTO Products(Name,Price,Manufacturer) VALUES('DVD drive',180,2);INSERT INTO Products(Name,Price,Manufacturer) VALUES('CD drive',90,2);INSERT INTO Products(Name,Price,Manufacturer) VALUES('Printer',270,3);INSERT INTO Products(Name,Price,Manufacturer) VALUES('Toner cartridge',66,3);INSERT INTO Products(Name,Price,Manufacturer) VALUES('DVD burner',180,2);INSERT INTO Products(Name,Price,Manufacturer) VALUES('Printer',40.00,7);INSERT INTO Products(Name,Price,Manufacturer) VALUES('Toner cartridge',54.00,7);INSERT INTO Products(Name,Price,Manufacturer) VALUES('DVD burner',78.00,7);
ERROR 1005 (HY000): Can't create table `csd2204w18`.`products` (errno: 150 "Foreign key constraint is incorrectly formed")
ERROR 1146 (42S02): Table 'csd2204w18.products' doesn't exist
ERROR 1146 (42S02): Table 'csd2204w18.products' doesn't exist
ERROR 1146 (42S02): Table 'csd2204w18.products' doesn't exist
ERROR 1146 (42S02): Table 'csd2204w18.products' doesn't exist
ERROR 1146 (42S02): Table 'csd2204w18.products' doesn't exist
ERROR 1146 (42S02): Table 'csd2204w18.products' doesn't exist
ERROR 1146 (42S02): Table 'csd2204w18.products' doesn't exist
ERROR 1146 (42S02): Table 'csd2204w18.products' doesn't exist
ERROR 1146 (42S02): Table 'csd2204w18.products' doesn't exist
ERROR 1146 (42S02): Table 'csd2204w18.products' doesn't exist
ERROR 1146 (42S02): Table 'csd2204w18.products' doesn't exist
ERROR 1146 (42S02): Table 'csd2204w18.products' doesn't exist
ERROR 1146 (42S02): Table 'csd2204w18.products' doesn't exist
MariaDB [csd2204w18]>
MariaDB [csd2204w18]> CREATE TABLE Products (   Code INTEGER(3) AUTO_INCREMENT,   Name VARCHAR(255) NOT NULL ,   Price DECIMAL NOT NULL ,   Manufacturer INTEGER(3),   CONSTRAINT PK_PRODUCTS PRIMARY KEY (Code),   CONSTRAINT FK_PRODUCTS FOREIGN KEY (Manufacturer) REFERENCES manu(Code));
ERROR 1005 (HY000): Can't create table `csd2204w18`.`products` (errno: 150 "Foreign key constraint is incorrectly formed")
MariaDB [csd2204w18]> select price from products where name like 'Memeory' INTO @Mprice;
ERROR 1146 (42S02): Table 'csd2204w18.products' doesn't exist
MariaDB [csd2204w18]> CREATE TABLE Products (Code INTEGER(3) AUTO_INCREMENT, Name VARCHAR(255) NOT NULL , Price DECIMAL NOT NULL , Manufacturer INTEGER(3), CONSTRAINT PK_PRODUCTS PRIMARY KEY (Code), CONSTRAINT FK_PRODUCTS FOREIGN KEY (Manufacturer) REFERENCES manu(Code));
ERROR 1005 (HY000): Can't create table `csd2204w18`.`products` (errno: 150 "Foreign key constraint is incorrectly formed")
MariaDB [csd2204w18]> CREATE TABLE manu(Code INTEGER(3) AUTO_INCREMENT ,Name VARCHAR(50) NOT NULL,CONSTRAINT PK_MANU PRIMARY KEY (CODE));
Query OK, 0 rows affected (0.61 sec)

MariaDB [csd2204w18]> INSERT INTO manu(Name) VALUES('Sony');INSERT INTO manu(Name) VALUES('Creative Labs');INSERT INTO manu(Name) VALUES('Hewlett-Packard');INSERT INTO manu(Name) VALUES('Iomega');INSERT INTO manu(Name) VALUES('Fujitsu');INSERT INTO manu(Name) VALUES('Winchester');INSERT INTO manu(Name) VALUES('moxDroid Labs Inc');INSERT INTO manu(Name) VALUES("Dell");INSERT INTO manu(Name) VALUES("Bell Labs");
Query OK, 1 row affected (0.06 sec)

Query OK, 1 row affected (0.06 sec)

Query OK, 1 row affected (0.03 sec)

Query OK, 1 row affected (0.05 sec)

Query OK, 1 row affected (0.03 sec)

Query OK, 1 row affected (0.02 sec)

Query OK, 1 row affected (0.03 sec)

Query OK, 1 row affected (0.02 sec)

Query OK, 1 row affected (0.01 sec)

MariaDB [csd2204w18]> select price from products where name like 'Memeory' INTO @Mprice;
ERROR 1146 (42S02): Table 'csd2204w18.products' doesn't exist
MariaDB [csd2204w18]> CREATE TABLE Products (   Code INTEGER(3) AUTO_INCREMENT,   Name VARCHAR(255) NOT NULL ,   Price DECIMAL NOT NULL ,   Manufacturer INTEGER(3),   CONSTRAINT PK_PRODUCTS PRIMARY KEY (Code),   CONSTRAINT FK_PRODUCTS FOREIGN KEY (Manufacturer) REFERENCES manu(Code));
Query OK, 0 rows affected (0.73 sec)

MariaDB [csd2204w18]> INSERT INTO Products(Name,Price,Manufacturer) VALUES('Hard drive',240,5);INSERT INTO Products(Name,Price,Manufacturer) VALUES('Memory',120,6);INSERT INTO Products(Name,Price,Manufacturer) VALUES('ZIP drive',150,4);INSERT INTO Products(Name,Price,Manufacturer) VALUES('Floppy disk',5,6);INSERT INTO Products(Name,Price,Manufacturer) VALUES('Monitor',240,1);INSERT INTO Products(Name,Price,Manufacturer) VALUES('DVD drive',180,2);INSERT INTO Products(Name,Price,Manufacturer) VALUES('CD drive',90,2);INSERT INTO Products(Name,Price,Manufacturer) VALUES('Printer',270,3);INSERT INTO Products(Name,Price,Manufacturer) VALUES('Toner cartridge',66,3);INSERT INTO Products(Name,Price,Manufacturer) VALUES('DVD burner',180,2);INSERT INTO Products(Name,Price,Manufacturer) VALUES('Printer',40.00,7);INSERT INTO Products(Name,Price,Manufacturer) VALUES('Toner cartridge',54.00,7);INSERT INTO Products(Name,Price,Manufacturer) VALUES('DVD burner',78.00,7);
Query OK, 1 row affected (0.05 sec)

Query OK, 1 row affected (0.03 sec)

Query OK, 1 row affected (0.08 sec)

Query OK, 1 row affected (0.03 sec)

Query OK, 1 row affected (0.01 sec)

Query OK, 1 row affected (0.03 sec)

Query OK, 1 row affected (0.02 sec)

Query OK, 1 row affected (0.03 sec)

Query OK, 1 row affected (0.02 sec)

Query OK, 1 row affected (0.02 sec)

Query OK, 1 row affected (0.02 sec)

Query OK, 1 row affected (0.03 sec)

Query OK, 1 row affected (0.01 sec)

MariaDB [csd2204w18]> select price from products where name like 'Memeory' INTO @Mprice;
Query OK, 0 rows affected, 1 warning (0.00 sec)

MariaDB [csd2204w18]> select * from animals;
ERROR 1146 (42S02): Table 'csd2204w18.animals' doesn't exist
MariaDB [csd2204w18]> tee c:/xampp/Day8Log.txt
Logging to file 'c:/xampp/Day8Log.txt'
MariaDB [csd2204w18]> CREATE TABLE animals ([8:59] CREATE TABLE animals ([8:59] CREATE TABLE animals (    id MEDIUMINT NOT NULL AUTO_INCREMENT,    name CHAR(30) NOT NULL,    CONSTRAINT PK_animals PRIMARY KEY (id));INSERT INTO animals (name) VALUES   ('dog'),('cat'),('penguin'),   ('lax'),('whale'),('ostrich');SELECT * FROM animals;CREATE TABLE pet (    name VARCHAR(20),     owner VARCHAR(20),   species VARCHAR(20),   sex CHAR(1),   birth DATE,   death DATE);
ERROR 1064 (42000): You have an error in your SQL syntax; check the manual that corresponds to your MariaDB server version for the right syntax to use near '[8:59] CREATE TABLE animals ([8:59] CREATE TABLE animals (    id MEDIUMINT NOT N' at line 1
ERROR 1146 (42S02): Table 'csd2204w18.animals' doesn't exist
ERROR 1146 (42S02): Table 'csd2204w18.animals' doesn't exist
Query OK, 0 rows affected (1.56 sec)

MariaDB [csd2204w18]> CREATE TABLE animals (    id MEDIUMINT NOT NULL AUTO_INCREMENT,    name CHAR(30) NOT NULL,    CONSTRAINT PK_animals PRIMARY KEY (id));INSERT INTO animals (name) VALUES   ('dog'),('cat'),('penguin'),   ('lax'),('whale'),('ostrich');SELECT * FROM animals;CREATE TABLE pet (    name VARCHAR(20),     owner VARCHAR(20),   species VARCHAR(20),   sex CHAR(1),   birth DATE,   death DATE);
Query OK, 0 rows affected (2.25 sec)

Query OK, 6 rows affected (0.19 sec)
Records: 6  Duplicates: 0  Warnings: 0

+----+---------+
| id | name    |
+----+---------+
|  1 | dog     |
|  2 | cat     |
|  3 | penguin |
|  4 | lax     |
|  5 | whale   |
|  6 | ostrich |
+----+---------+
6 rows in set (0.00 sec)

ERROR 1050 (42S01): Table 'pet' already exists
MariaDB [csd2204w18]> select * from animals;
+----+---------+
| id | name    |
+----+---------+
|  1 | dog     |
|  2 | cat     |
|  3 | penguin |
|  4 | lax     |
|  5 | whale   |
|  6 | ostrich |
+----+---------+
6 rows in set (0.00 sec)

MariaDB [csd2204w18]> show tables;
+----------------------+
| Tables_in_csd2204w18 |
+----------------------+
| animals              |
| countries            |
| departments          |
| employees            |
| job_history          |
| jobs                 |
| locations            |
| manu                 |
| pet                  |
| products             |
| regions              |
+----------------------+
11 rows in set (0.00 sec)

MariaDB [csd2204w18]> show employees;
ERROR 1064 (42000): You have an error in your SQL syntax; check the manual that corresponds to your MariaDB server version for the right syntax to use near 'employees' at line 1
MariaDB [csd2204w18]> desc employees;
+----------------+--------------+------+-----+---------+-------+
| Field          | Type         | Null | Key | Default | Extra |
+----------------+--------------+------+-----+---------+-------+
| EMPLOYEE_ID    | decimal(6,0) | NO   | PRI | 0       |       |
| FIRST_NAME     | varchar(20)  | YES  |     | NULL    |       |
| LAST_NAME      | varchar(25)  | NO   | MUL | NULL    |       |
| EMAIL          | varchar(25)  | NO   | UNI | NULL    |       |
| PHONE_NUMBER   | varchar(20)  | YES  |     | NULL    |       |
| HIRE_DATE      | date         | NO   |     | NULL    |       |
| JOB_ID         | varchar(10)  | NO   | MUL | NULL    |       |
| SALARY         | decimal(8,2) | YES  |     | NULL    |       |
| COMMISSION_PCT | decimal(2,2) | YES  |     | NULL    |       |
| MANAGER_ID     | decimal(6,0) | YES  | MUL | NULL    |       |
| DEPARTMENT_ID  | decimal(4,0) | YES  | MUL | NULL    |       |
+----------------+--------------+------+-----+---------+-------+
11 rows in set (0.77 sec)

MariaDB [csd2204w18]> show employess;
ERROR 1064 (42000): You have an error in your SQL syntax; check the manual that corresponds to your MariaDB server version for the right syntax to use near 'employess' at line 1
MariaDB [csd2204w18]> select first_name,last_name,salary from employees where salary > (select salary from employees where last_name="Bull");
+-------------+------------+----------+
| first_name  | last_name  | salary   |
+-------------+------------+----------+
| Steven      | King       | 24000.00 |
| Neena       | Kochhar    | 17000.00 |
| Lex         | De Haan    | 17000.00 |
| Alexander   | Hunold     |  9000.00 |
| Bruce       | Ernst      |  6000.00 |
| David       | Austin     |  4800.00 |
| Valli       | Pataballa  |  4800.00 |
| Diana       | Lorentz    |  4200.00 |
| Nancy       | Greenberg  | 12000.00 |
| Daniel      | Faviet     |  9000.00 |
| John        | Chen       |  8200.00 |
| Ismael      | Sciarra    |  7700.00 |
| Jose Manuel | Urman      |  7800.00 |
| Luis        | Popp       |  6900.00 |
| Den         | Raphaely   | 11000.00 |
| Matthew     | Weiss      |  8000.00 |
| Adam        | Fripp      |  8200.00 |
| Payam       | Kaufling   |  7900.00 |
| Shanta      | Vollman    |  6500.00 |
| Kevin       | Mourgos    |  5800.00 |
| John        | Russell    | 14000.00 |
| Karen       | Partners   | 13500.00 |
| Alberto     | Errazuriz  | 12000.00 |
| Gerald      | Cambrault  | 11000.00 |
| Eleni       | Zlotkey    | 10500.00 |
| Peter       | Tucker     | 10000.00 |
| David       | Bernstein  |  9500.00 |
| Peter       | Hall       |  9000.00 |
| Christopher | Olsen      |  8000.00 |
| Nanette     | Cambrault  |  7500.00 |
| Oliver      | Tuvault    |  7000.00 |
| Janette     | King       | 10000.00 |
| Patrick     | Sully      |  9500.00 |
| Allan       | McEwen     |  9000.00 |
| Lindsey     | Smith      |  8000.00 |
| Louise      | Doran      |  7500.00 |
| Sarath      | Sewall     |  7000.00 |
| Clara       | Vishney    | 10500.00 |
| Danielle    | Greene     |  9500.00 |
| Mattea      | Marvins    |  7200.00 |
| David       | Lee        |  6800.00 |
| Sundar      | Ande       |  6400.00 |
| Amit        | Banda      |  6200.00 |
| Lisa        | Ozer       | 11500.00 |
| Harrison    | Bloom      | 10000.00 |
| Tayler      | Fox        |  9600.00 |
| William     | Smith      |  7400.00 |
| Elizabeth   | Bates      |  7300.00 |
| Sundita     | Kumar      |  6100.00 |
| Ellen       | Abel       | 11000.00 |
| Alyssa      | Hutton     |  8800.00 |
| Jonathon    | Taylor     |  8600.00 |
| Jack        | Livingston |  8400.00 |
| Kimberely   | Grant      |  7000.00 |
| Charles     | Johnson    |  6200.00 |
| Nandita     | Sarchand   |  4200.00 |
| Jennifer    | Whalen     |  4400.00 |
| Michael     | Hartstein  | 13000.00 |
| Pat         | Fay        |  6000.00 |
| Susan       | Mavris     |  6500.00 |
| Hermann     | Baer       | 10000.00 |
| Shelley     | Higgins    | 12000.00 |
| William     | Gietz      |  8300.00 |
+-------------+------------+----------+
63 rows in set (0.00 sec)

MariaDB [csd2204w18]> select first_name,last_name,salary from employees where salary > (select salary from employees LIKE first_name="n%");
ERROR 1064 (42000): You have an error in your SQL syntax; check the manual that corresponds to your MariaDB server version for the right syntax to use near 'LIKE first_name="n%")' at line 1
MariaDB [csd2204w18]> select first_name,last_name,salary from employees where salary > (select salary from employees first_name LIKE 'n%';
ERROR 1064 (42000): You have an error in your SQL syntax; check the manual that corresponds to your MariaDB server version for the right syntax to use near 'LIKE 'n%'' at line 1
MariaDB [csd2204w18]> select  * from departments;
+---------------+----------------------+------------+-------------+
| DEPARTMENT_ID | DEPARTMENT_NAME      | MANAGER_ID | LOCATION_ID |
+---------------+----------------------+------------+-------------+
|            10 | Administration       |        200 |        1700 |
|            20 | Marketing            |        201 |        1800 |
|            30 | Purchasing           |        114 |        1700 |
|            40 | Human Resources      |        203 |        2400 |
|            50 | Shipping             |        121 |        1500 |
|            60 | IT                   |        103 |        1400 |
|            70 | Public Relations     |        204 |        2700 |
|            80 | Sales                |        145 |        2500 |
|            90 | Executive            |        100 |        1700 |
|           100 | Finance              |        108 |        1700 |
|           110 | Accounting           |        205 |        1700 |
|           120 | Treasury             |          0 |        1700 |
|           130 | Corporate Tax        |          0 |        1700 |
|           140 | Control And Credit   |          0 |        1700 |
|           150 | Shareholder Services |          0 |        1700 |
|           160 | Benefits             |          0 |        1700 |
|           170 | Manufacturing        |          0 |        1700 |
|           180 | Construction         |          0 |        1700 |
|           190 | Contracting          |          0 |        1700 |
|           200 | Operations           |          0 |        1700 |
|           210 | IT Support           |          0 |        1700 |
|           220 | NOC                  |          0 |        1700 |
|           230 | IT Helpdesk          |          0 |        1700 |
|           240 | Government Sales     |          0 |        1700 |
|           250 | Retail Sales         |          0 |        1700 |
|           260 | Recruiting           |          0 |        1700 |
|           270 | Payroll              |          0 |        1700 |
+---------------+----------------------+------------+-------------+
27 rows in set (0.00 sec)

MariaDB [csd2204w18]> desc employees;
+----------------+--------------+------+-----+---------+-------+
| Field          | Type         | Null | Key | Default | Extra |
+----------------+--------------+------+-----+---------+-------+
| EMPLOYEE_ID    | decimal(6,0) | NO   | PRI | 0       |       |
| FIRST_NAME     | varchar(20)  | YES  |     | NULL    |       |
| LAST_NAME      | varchar(25)  | NO   | MUL | NULL    |       |
| EMAIL          | varchar(25)  | NO   | UNI | NULL    |       |
| PHONE_NUMBER   | varchar(20)  | YES  |     | NULL    |       |
| HIRE_DATE      | date         | NO   |     | NULL    |       |
| JOB_ID         | varchar(10)  | NO   | MUL | NULL    |       |
| SALARY         | decimal(8,2) | YES  |     | NULL    |       |
| COMMISSION_PCT | decimal(2,2) | YES  |     | NULL    |       |
| MANAGER_ID     | decimal(6,0) | YES  | MUL | NULL    |       |
| DEPARTMENT_ID  | decimal(4,0) | YES  | MUL | NULL    |       |
+----------------+--------------+------+-----+---------+-------+
11 rows in set (0.02 sec)

MariaDB [csd2204w18]> select department_id from departments where department_name LIKE "IT";
+---------------+
| department_id |
+---------------+
|            60 |
+---------------+
1 row in set (0.00 sec)

MariaDB [csd2204w18]> select first_name,last_name,salary from employees where department_id = 60;
+------------+-----------+---------+
| first_name | last_name | salary  |
+------------+-----------+---------+
| Alexander  | Hunold    | 9000.00 |
| Bruce      | Ernst     | 6000.00 |
| David      | Austin    | 4800.00 |
| Valli      | Pataballa | 4800.00 |
| Diana      | Lorentz   | 4200.00 |
+------------+-----------+---------+
5 rows in set (0.00 sec)

MariaDB [csd2204w18]> select first_name,last_name from employees where department_id = 60;
+------------+-----------+
| first_name | last_name |
+------------+-----------+
| Alexander  | Hunold    |
| Bruce      | Ernst     |
| David      | Austin    |
| Valli      | Pataballa |
| Diana      | Lorentz   |
+------------+-----------+
5 rows in set (0.00 sec)

MariaDB [csd2204w18]> select first_name,last_name,salary from employees where department_id = (select department_id from department_name LIKE "IT";
ERROR 1064 (42000): You have an error in your SQL syntax; check the manual that corresponds to your MariaDB server version for the right syntax to use near 'LIKE "IT"' at line 1
MariaDB [csd2204w18]> select first_name,last_name from employees where department_id = (select department_id from department_name LIKE "IT";
ERROR 1064 (42000): You have an error in your SQL syntax; check the manual that corresponds to your MariaDB server version for the right syntax to use near 'LIKE "IT"' at line 1
MariaDB [csd2204w18]> show tables;
+----------------------+
| Tables_in_csd2204w18 |
+----------------------+
| animals              |
| countries            |
| departments          |
| employees            |
| job_history          |
| jobs                 |
| locations            |
| manu                 |
| pet                  |
| products             |
| regions              |
+----------------------+
11 rows in set (0.00 sec)

MariaDB [csd2204w18]> desc departments;
+-----------------+--------------+------+-----+---------+-------+
| Field           | Type         | Null | Key | Default | Extra |
+-----------------+--------------+------+-----+---------+-------+
| DEPARTMENT_ID   | decimal(4,0) | NO   | PRI | 0       |       |
| DEPARTMENT_NAME | varchar(30)  | NO   |     | NULL    |       |
| MANAGER_ID      | decimal(6,0) | YES  | MUL | NULL    |       |
| LOCATION_ID     | decimal(4,0) | YES  | MUL | NULL    |       |
+-----------------+--------------+------+-----+---------+-------+
4 rows in set (0.00 sec)

MariaDB [csd2204w18]> desc locations;
+----------------+--------------+------+-----+---------+-------+
| Field          | Type         | Null | Key | Default | Extra |
+----------------+--------------+------+-----+---------+-------+
| LOCATION_ID    | decimal(4,0) | NO   | PRI | 0       |       |
| STREET_ADDRESS | varchar(40)  | YES  |     | NULL    |       |
| POSTAL_CODE    | varchar(12)  | YES  |     | NULL    |       |
| CITY           | varchar(30)  | NO   | MUL | NULL    |       |
| STATE_PROVINCE | varchar(25)  | YES  | MUL | NULL    |       |
| COUNTRY_ID     | varchar(2)   | YES  | MUL | NULL    |       |
+----------------+--------------+------+-----+---------+-------+
6 rows in set (0.00 sec)

MariaDB [csd2204w18]> desc countries;
+--------------+---------------+------+-----+---------+-------+
| Field        | Type          | Null | Key | Default | Extra |
+--------------+---------------+------+-----+---------+-------+
| COUNTRY_ID   | varchar(2)    | NO   | PRI | NULL    |       |
| COUNTRY_NAME | varchar(40)   | YES  |     | NULL    |       |
| REGION_ID    | decimal(10,0) | YES  | MUL | NULL    |       |
+--------------+---------------+------+-----+---------+-------+
3 rows in set (0.01 sec)

MariaDB [csd2204w18]> select * from countries;
+------------+--------------------------+-----------+
| COUNTRY_ID | COUNTRY_NAME             | REGION_ID |
+------------+--------------------------+-----------+
| AR         | Argentina                |         2 |
| AU         | Australia                |         3 |
| BE         | Belgium                  |         1 |
| BR         | Brazil                   |         2 |
| CA         | Canada                   |         2 |
| CH         | Switzerland              |         1 |
| CN         | China                    |         3 |
| DE         | Germany                  |         1 |
| DK         | Denmark                  |         1 |
| EG         | Egypt                    |         4 |
| FR         | France                   |         1 |
| HK         | HongKong                 |         3 |
| IL         | Israel                   |         4 |
| IN         | India                    |         3 |
| IT         | Italy                    |         1 |
| JP         | Japan                    |         3 |
| KW         | Kuwait                   |         4 |
| MX         | Mexico                   |         2 |
| NG         | Nigeria                  |         4 |
| NL         | Netherlands              |         1 |
| SG         | Singapore                |         3 |
| UK         | United Kingdom           |         1 |
| US         | United States of America |         2 |
| ZM         | Zambia                   |         4 |
| ZW         | Zimbabwe                 |         4 |
+------------+--------------------------+-----------+
25 rows in set (0.00 sec)

MariaDB [csd2204w18]> select * from locations;
+-------------+---------------------------+--------------+---------------------+-------------------+------------+
| LOCATION_ID | STREET_ADDRESS            | POSTAL_CODE  | CITY                | STATE_PROVINCE    | COUNTRY_ID |
+-------------+---------------------------+--------------+---------------------+-------------------+------------+
|        1000 | 1297 Via Cola di Rie      | 989          | Roma                |                   | IT         |
|        1100 | 93091 Calle della Testa   | 10934        | Venice              |                   | IT         |
|        1200 | 2017 Shinjuku-ku          | 1689         | Tokyo               | Tokyo Prefecture  | JP         |
|        1300 | 9450 Kamiya-cho           | 6823         | Hiroshima           |                   | JP         |
|        1400 | 2014 Jabberwocky Rd       | 26192        | Southlake           | Texas             | US         |
|        1500 | 2011 Interiors Blvd       | 99236        | South San Francisco | California        | US         |
|        1600 | 2007 Zagora St            | 50090        | South Brunswick     | New Jersey        | US         |
|        1700 | 2004 Charade Rd           | 98199        | Seattle             | Washington        | US         |
|        1800 | 147 Spadina Ave           | M5V 2L7      | Toronto             | Ontario           | CA         |
|        1900 | 6092 Boxwood St           | YSW 9T2      | Whitehorse          | Yukon             | CA         |
|        2000 | 40-5-12 Laogianggen       | 190518       | Beijing             |                   | CN         |
|        2100 | 1298 Vileparle (E)        | 490231       | Bombay              | Maharashtra       | IN         |
|        2200 | 12-98 Victoria Street     | 2901         | Sydney              | New South Wales   | AU         |
|        2300 | 198 Clementi North        | 540198       | Singapore           |                   | SG         |
|        2400 | 8204 Arthur St            |              | London              |                   | UK         |
|        2500 | "Magdalen Centre          |  The Oxford  | OX9 9ZB             | Oxford            | Ox         |
|        2600 | 9702 Chester Road         | 9629850293   | Stretford           | Manchester        | UK         |
|        2700 | Schwanthalerstr. 7031     | 80925        | Munich              | Bavaria           | DE         |
|        2800 | Rua Frei Caneca 1360      | 01307-002    | Sao Paulo           | Sao Paulo         | BR         |
|        2900 | 20 Rue des Corps-Saints   | 1730         | Geneva              | Geneve            | CH         |
|        3000 | Murtenstrasse 921         | 3095         | Bern                | BE                | CH         |
|        3100 | Pieter Breughelstraat 837 | 3029SK       | Utrecht             | Utrecht           | NL         |
|        3200 | Mariano Escobedo 9991     | 11932        | Mexico City         | "Distrito Federal | "          |
+-------------+---------------------------+--------------+---------------------+-------------------+------------+
23 rows in set (0.00 sec)

MariaDB [csd2204w18]> select * from location where country_id = US;
ERROR 1146 (42S02): Table 'csd2204w18.location' doesn't exist
MariaDB [csd2204w18]> select * from location where COUNTRY_ID = US;
ERROR 1146 (42S02): Table 'csd2204w18.location' doesn't exist
MariaDB [csd2204w18]> select location_id from locations where country_id="US";
+-------------+
| location_id |
+-------------+
|        1400 |
|        1500 |
|        1600 |
|        1700 |
+-------------+
4 rows in set (0.00 sec)

MariaDB [csd2204w18]> select country_id from locations where country_id="US";
+------------+
| country_id |
+------------+
| US         |
| US         |
| US         |
| US         |
+------------+
4 rows in set (0.00 sec)

MariaDB [csd2204w18]> select department_id from locations where country_id="US";
ERROR 1054 (42S22): Unknown column 'department_id' in 'field list'
MariaDB [csd2204w18]>
MariaDB [csd2204w18]> select first_name,last_name from employees where manager_id <> 0 AND department_id IN (select depart_id from departments where location_id IN (select location_id  from location where country_id="US"))
    ->
    -> ;
ERROR 1146 (42S02): Table 'csd2204w18.location' doesn't exist
MariaDB [csd2204w18]> select first_name,last_name from employees where manager_id <> 0 AND department_id IN (select depart_id from departments where location_id IN (select location_id  from location where country_id="US"));
ERROR 1146 (42S02): Table 'csd2204w18.location' doesn't exist
MariaDB [csd2204w18]> desc locations;
+----------------+--------------+------+-----+---------+-------+
| Field          | Type         | Null | Key | Default | Extra |
+----------------+--------------+------+-----+---------+-------+
| LOCATION_ID    | decimal(4,0) | NO   | PRI | 0       |       |
| STREET_ADDRESS | varchar(40)  | YES  |     | NULL    |       |
| POSTAL_CODE    | varchar(12)  | YES  |     | NULL    |       |
| CITY           | varchar(30)  | NO   | MUL | NULL    |       |
| STATE_PROVINCE | varchar(25)  | YES  | MUL | NULL    |       |
| COUNTRY_ID     | varchar(2)   | YES  | MUL | NULL    |       |
+----------------+--------------+------+-----+---------+-------+
6 rows in set (0.00 sec)

MariaDB [csd2204w18]> shoe locations;
ERROR 1064 (42000): You have an error in your SQL syntax; check the manual that corresponds to your MariaDB server version for the right syntax to use near 'shoe locations' at line 1
MariaDB [csd2204w18]> show locations;
ERROR 1064 (42000): You have an error in your SQL syntax; check the manual that corresponds to your MariaDB server version for the right syntax to use near 'locations' at line 1
MariaDB [csd2204w18]> select * from locations;
+-------------+---------------------------+--------------+---------------------+-------------------+------------+
| LOCATION_ID | STREET_ADDRESS            | POSTAL_CODE  | CITY                | STATE_PROVINCE    | COUNTRY_ID |
+-------------+---------------------------+--------------+---------------------+-------------------+------------+
|        1000 | 1297 Via Cola di Rie      | 989          | Roma                |                   | IT         |
|        1100 | 93091 Calle della Testa   | 10934        | Venice              |                   | IT         |
|        1200 | 2017 Shinjuku-ku          | 1689         | Tokyo               | Tokyo Prefecture  | JP         |
|        1300 | 9450 Kamiya-cho           | 6823         | Hiroshima           |                   | JP         |
|        1400 | 2014 Jabberwocky Rd       | 26192        | Southlake           | Texas             | US         |
|        1500 | 2011 Interiors Blvd       | 99236        | South San Francisco | California        | US         |
|        1600 | 2007 Zagora St            | 50090        | South Brunswick     | New Jersey        | US         |
|        1700 | 2004 Charade Rd           | 98199        | Seattle             | Washington        | US         |
|        1800 | 147 Spadina Ave           | M5V 2L7      | Toronto             | Ontario           | CA         |
|        1900 | 6092 Boxwood St           | YSW 9T2      | Whitehorse          | Yukon             | CA         |
|        2000 | 40-5-12 Laogianggen       | 190518       | Beijing             |                   | CN         |
|        2100 | 1298 Vileparle (E)        | 490231       | Bombay              | Maharashtra       | IN         |
|        2200 | 12-98 Victoria Street     | 2901         | Sydney              | New South Wales   | AU         |
|        2300 | 198 Clementi North        | 540198       | Singapore           |                   | SG         |
|        2400 | 8204 Arthur St            |              | London              |                   | UK         |
|        2500 | "Magdalen Centre          |  The Oxford  | OX9 9ZB             | Oxford            | Ox         |
|        2600 | 9702 Chester Road         | 9629850293   | Stretford           | Manchester        | UK         |
|        2700 | Schwanthalerstr. 7031     | 80925        | Munich              | Bavaria           | DE         |
|        2800 | Rua Frei Caneca 1360      | 01307-002    | Sao Paulo           | Sao Paulo         | BR         |
|        2900 | 20 Rue des Corps-Saints   | 1730         | Geneva              | Geneve            | CH         |
|        3000 | Murtenstrasse 921         | 3095         | Bern                | BE                | CH         |
|        3100 | Pieter Breughelstraat 837 | 3029SK       | Utrecht             | Utrecht           | NL         |
|        3200 | Mariano Escobedo 9991     | 11932        | Mexico City         | "Distrito Federal | "          |
+-------------+---------------------------+--------------+---------------------+-------------------+------------+
23 rows in set (0.00 sec)

MariaDB [csd2204w18]> select first_name,last_name from employees where manager_id <> 0 AND department_id IN (select depart_id from departments where location_id IN (select location_id  from location where country_id="US"));
ERROR 1146 (42S02): Table 'csd2204w18.location' doesn't exist
MariaDB [csd2204w18]> select department_id from locations where country_id="US";
ERROR 1054 (42S22): Unknown column 'department_id' in 'field list'
MariaDB [csd2204w18]> select * from location where COUNTRY_ID = US;
ERROR 1146 (42S02): Table 'csd2204w18.location' doesn't exist
MariaDB [csd2204w18]> select department_id from locations where country_id="US";
ERROR 1054 (42S22): Unknown column 'department_id' in 'field list'
MariaDB [csd2204w18]> desc locations;
+----------------+--------------+------+-----+---------+-------+
| Field          | Type         | Null | Key | Default | Extra |
+----------------+--------------+------+-----+---------+-------+
| LOCATION_ID    | decimal(4,0) | NO   | PRI | 0       |       |
| STREET_ADDRESS | varchar(40)  | YES  |     | NULL    |       |
| POSTAL_CODE    | varchar(12)  | YES  |     | NULL    |       |
| CITY           | varchar(30)  | NO   | MUL | NULL    |       |
| STATE_PROVINCE | varchar(25)  | YES  | MUL | NULL    |       |
| COUNTRY_ID     | varchar(2)   | YES  | MUL | NULL    |       |
+----------------+--------------+------+-----+---------+-------+
6 rows in set (0.01 sec)

MariaDB [csd2204w18]> desc employees;
+----------------+--------------+------+-----+---------+-------+
| Field          | Type         | Null | Key | Default | Extra |
+----------------+--------------+------+-----+---------+-------+
| EMPLOYEE_ID    | decimal(6,0) | NO   | PRI | 0       |       |
| FIRST_NAME     | varchar(20)  | YES  |     | NULL    |       |
| LAST_NAME      | varchar(25)  | NO   | MUL | NULL    |       |
| EMAIL          | varchar(25)  | NO   | UNI | NULL    |       |
| PHONE_NUMBER   | varchar(20)  | YES  |     | NULL    |       |
| HIRE_DATE      | date         | NO   |     | NULL    |       |
| JOB_ID         | varchar(10)  | NO   | MUL | NULL    |       |
| SALARY         | decimal(8,2) | YES  |     | NULL    |       |
| COMMISSION_PCT | decimal(2,2) | YES  |     | NULL    |       |
| MANAGER_ID     | decimal(6,0) | YES  | MUL | NULL    |       |
| DEPARTMENT_ID  | decimal(4,0) | YES  | MUL | NULL    |       |
+----------------+--------------+------+-----+---------+-------+
11 rows in set (0.00 sec)

MariaDB [csd2204w18]> desc departments;
+-----------------+--------------+------+-----+---------+-------+
| Field           | Type         | Null | Key | Default | Extra |
+-----------------+--------------+------+-----+---------+-------+
| DEPARTMENT_ID   | decimal(4,0) | NO   | PRI | 0       |       |
| DEPARTMENT_NAME | varchar(30)  | NO   |     | NULL    |       |
| MANAGER_ID      | decimal(6,0) | YES  | MUL | NULL    |       |
| LOCATION_ID     | decimal(4,0) | YES  | MUL | NULL    |       |
+-----------------+--------------+------+-----+---------+-------+
4 rows in set (0.01 sec)

MariaDB [csd2204w18]> select distinct manager_id from employees;
+------------+
| manager_id |
+------------+
|          0 |
|        100 |
|        101 |
|        102 |
|        103 |
|        108 |
|        114 |
|        120 |
|        121 |
|        122 |
|        123 |
|        124 |
|        145 |
|        146 |
|        147 |
|        148 |
|        149 |
|        201 |
|        205 |
+------------+
19 rows in set (0.00 sec)

MariaDB [csd2204w18]> select first_name,last_name manager_id from employees;
+-------------+-------------+
| first_name  | manager_id  |
+-------------+-------------+
| Ellen       | Abel        |
| Sundar      | Ande        |
| Mozhe       | Atkinson    |
| David       | Austin      |
| Hermann     | Baer        |
| Shelli      | Baida       |
| Amit        | Banda       |
| Elizabeth   | Bates       |
| Sarah       | Bell        |
| David       | Bernstein   |
| Laura       | Bissot      |
| Harrison    | Bloom       |
| Alexis      | Bull        |
| Anthony     | Cabrio      |
| Gerald      | Cambrault   |
| Nanette     | Cambrault   |
| John        | Chen        |
| Kelly       | Chung       |
| Karen       | Colmenares  |
| Curtis      | Davies      |
| Lex         | De Haan     |
| Julia       | Dellinger   |
| Jennifer    | Dilly       |
| Louise      | Doran       |
| Bruce       | Ernst       |
| Alberto     | Errazuriz   |
| Britney     | Everett     |
| Daniel      | Faviet      |
| Pat         | Fay         |
| Kevin       | Feeney      |
| Jean        | Fleaur      |
| Tayler      | Fox         |
| Adam        | Fripp       |
| Timothy     | Gates       |
| Ki          | Gee         |
| Girard      | Geoni       |
| William     | Gietz       |
| Douglas     | Grant       |
| Kimberely   | Grant       |
| Nancy       | Greenberg   |
| Danielle    | Greene      |
| Peter       | Hall        |
| Michael     | Hartstein   |
| Shelley     | Higgins     |
| Guy         | Himuro      |
| Alexander   | Hunold      |
| Alyssa      | Hutton      |
| Charles     | Johnson     |
| Vance       | Jones       |
| Payam       | Kaufling    |
| Alexander   | Khoo        |
| Janette     | King        |
| Steven      | King        |
| Neena       | Kochhar     |
| Sundita     | Kumar       |
| Renske      | Ladwig      |
| James       | Landry      |
| David       | Lee         |
| Jack        | Livingston  |
| Diana       | Lorentz     |
| Jason       | Mallin      |
| Steven      | Markle      |
| James       | Marlow      |
| Mattea      | Marvins     |
| Randall     | Matos       |
| Susan       | Mavris      |
| Samuel      | McCain      |
| Allan       | McEwen      |
| Irene       | Mikkilineni |
| Kevin       | Mourgos     |
| Julia       | Nayer       |
| Donald      | OConnell    |
| Christopher | Olsen       |
| TJ          | Olson       |
| Lisa        | Ozer        |
| Karen       | Partners    |
| Valli       | Pataballa   |
| Joshua      | Patel       |
| Randall     | Perkins     |
| Hazel       | Philtanker  |
| Luis        | Popp        |
| Trenna      | Rajs        |
| Den         | Raphaely    |
| Michael     | Rogers      |
| John        | Russell     |
| Nandita     | Sarchand    |
| Ismael      | Sciarra     |
| John        | Seo         |
| Sarath      | Sewall      |
| Lindsey     | Smith       |
| William     | Smith       |
| Stephen     | Stiles      |
| Martha      | Sullivan    |
| Patrick     | Sully       |
| Jonathon    | Taylor      |
| Winston     | Taylor      |
| Sigal       | Tobias      |
| Peter       | Tucker      |
| Oliver      | Tuvault     |
| Jose Manuel | Urman       |
| Peter       | Vargas      |
| Clara       | Vishney     |
| Shanta      | Vollman     |
| Alana       | Walsh       |
| Matthew     | Weiss       |
| Jennifer    | Whalen      |
| Eleni       | Zlotkey     |
+-------------+-------------+
107 rows in set (0.00 sec)

MariaDB [csd2204w18]> select first_name,last_name, manager_id from employees;
+-------------+-------------+------------+
| first_name  | last_name   | manager_id |
+-------------+-------------+------------+
| Steven      | King        |          0 |
| Neena       | Kochhar     |        100 |
| Lex         | De Haan     |        100 |
| Alexander   | Hunold      |        102 |
| Bruce       | Ernst       |        103 |
| David       | Austin      |        103 |
| Valli       | Pataballa   |        103 |
| Diana       | Lorentz     |        103 |
| Nancy       | Greenberg   |        101 |
| Daniel      | Faviet      |        108 |
| John        | Chen        |        108 |
| Ismael      | Sciarra     |        108 |
| Jose Manuel | Urman       |        108 |
| Luis        | Popp        |        108 |
| Den         | Raphaely    |        100 |
| Alexander   | Khoo        |        114 |
| Shelli      | Baida       |        114 |
| Sigal       | Tobias      |        114 |
| Guy         | Himuro      |        114 |
| Karen       | Colmenares  |        114 |
| Matthew     | Weiss       |        100 |
| Adam        | Fripp       |        100 |
| Payam       | Kaufling    |        100 |
| Shanta      | Vollman     |        100 |
| Kevin       | Mourgos     |        100 |
| Julia       | Nayer       |        120 |
| Irene       | Mikkilineni |        120 |
| James       | Landry      |        120 |
| Steven      | Markle      |        120 |
| Laura       | Bissot      |        121 |
| Mozhe       | Atkinson    |        121 |
| James       | Marlow      |        121 |
| TJ          | Olson       |        121 |
| Jason       | Mallin      |        122 |
| Michael     | Rogers      |        122 |
| Ki          | Gee         |        122 |
| Hazel       | Philtanker  |        122 |
| Renske      | Ladwig      |        123 |
| Stephen     | Stiles      |        123 |
| John        | Seo         |        123 |
| Joshua      | Patel       |        123 |
| Trenna      | Rajs        |        124 |
| Curtis      | Davies      |        124 |
| Randall     | Matos       |        124 |
| Peter       | Vargas      |        124 |
| John        | Russell     |        100 |
| Karen       | Partners    |        100 |
| Alberto     | Errazuriz   |        100 |
| Gerald      | Cambrault   |        100 |
| Eleni       | Zlotkey     |        100 |
| Peter       | Tucker      |        145 |
| David       | Bernstein   |        145 |
| Peter       | Hall        |        145 |
| Christopher | Olsen       |        145 |
| Nanette     | Cambrault   |        145 |
| Oliver      | Tuvault     |        145 |
| Janette     | King        |        146 |
| Patrick     | Sully       |        146 |
| Allan       | McEwen      |        146 |
| Lindsey     | Smith       |        146 |
| Louise      | Doran       |        146 |
| Sarath      | Sewall      |        146 |
| Clara       | Vishney     |        147 |
| Danielle    | Greene      |        147 |
| Mattea      | Marvins     |        147 |
| David       | Lee         |        147 |
| Sundar      | Ande        |        147 |
| Amit        | Banda       |        147 |
| Lisa        | Ozer        |        148 |
| Harrison    | Bloom       |        148 |
| Tayler      | Fox         |        148 |
| William     | Smith       |        148 |
| Elizabeth   | Bates       |        148 |
| Sundita     | Kumar       |        148 |
| Ellen       | Abel        |        149 |
| Alyssa      | Hutton      |        149 |
| Jonathon    | Taylor      |        149 |
| Jack        | Livingston  |        149 |
| Kimberely   | Grant       |        149 |
| Charles     | Johnson     |        149 |
| Winston     | Taylor      |        120 |
| Jean        | Fleaur      |        120 |
| Martha      | Sullivan    |        120 |
| Girard      | Geoni       |        120 |
| Nandita     | Sarchand    |        121 |
| Alexis      | Bull        |        121 |
| Julia       | Dellinger   |        121 |
| Anthony     | Cabrio      |        121 |
| Kelly       | Chung       |        122 |
| Jennifer    | Dilly       |        122 |
| Timothy     | Gates       |        122 |
| Randall     | Perkins     |        122 |
| Sarah       | Bell        |        123 |
| Britney     | Everett     |        123 |
| Samuel      | McCain      |        123 |
| Vance       | Jones       |        123 |
| Alana       | Walsh       |        124 |
| Kevin       | Feeney      |        124 |
| Donald      | OConnell    |        124 |
| Douglas     | Grant       |        124 |
| Jennifer    | Whalen      |        101 |
| Michael     | Hartstein   |        100 |
| Pat         | Fay         |        201 |
| Susan       | Mavris      |        101 |
| Hermann     | Baer        |        101 |
| Shelley     | Higgins     |        101 |
| William     | Gietz       |        205 |
+-------------+-------------+------------+
107 rows in set (0.00 sec)

MariaDB [csd2204w18]> select first_name,last_name from pmployees where meployees_id IN (select employee_id from employees where employee_id (select distinct manager_id from employees;;
ERROR 1064 (42000): You have an error in your SQL syntax; check the manual that corresponds to your MariaDB server version for the right syntax to use near 'select distinct manager_id from employees' at line 1
ERROR: No query specified

MariaDB [csd2204w18]> select first_name,last_name from employees where emloyees_id IN (select employee_id from employees where employee_id (select distinct manager_id from employees;;
ERROR 1064 (42000): You have an error in your SQL syntax; check the manual that corresponds to your MariaDB server version for the right syntax to use near 'select distinct manager_id from employees' at line 1
ERROR: No query specified

MariaDB [csd2204w18]> select first_name,last_name from employees where emloyees_id IN (select employee_id from employees where employee_id IN (select distinct manager_id from employees;;
ERROR 1064 (42000): You have an error in your SQL syntax; check the manual that corresponds to your MariaDB server version for the right syntax to use near '' at line 1
ERROR: No query specified

MariaDB [csd2204w18]> select first_name,last_name from employees where emloyees_id IN (select employee_id from employees where employee_id IN (select distinct manager_id from employees));
ERROR 1054 (42S22): Unknown column 'emloyees_id' in 'IN/ALL/ANY subquery'
MariaDB [csd2204w18]> select first_name,last_name from employees where emloyee_id IN (select employee_id from employees where employee_id IN (select distinct manager_id from employees));
ERROR 1054 (42S22): Unknown column 'emloyee_id' in 'IN/ALL/ANY subquery'
MariaDB [csd2204w18]> select first_name,last_name from employees where employee_id IN (select employee_id from employees where employee_id IN (select distinct manager_id from employees));
+------------+-----------+
| first_name | last_name |
+------------+-----------+
| Steven     | King      |
| Neena      | Kochhar   |
| Lex        | De Haan   |
| Alexander  | Hunold    |
| Nancy      | Greenberg |
| Den        | Raphaely  |
| Matthew    | Weiss     |
| Adam       | Fripp     |
| Payam      | Kaufling  |
| Shanta     | Vollman   |
| Kevin      | Mourgos   |
| John       | Russell   |
| Karen      | Partners  |
| Alberto    | Errazuriz |
| Gerald     | Cambrault |
| Eleni      | Zlotkey   |
| Michael    | Hartstein |
| Shelley    | Higgins   |
+------------+-----------+
18 rows in set (0.00 sec)

MariaDB [csd2204w18]> select avg(salary) from employees;
+-------------+
| avg(salary) |
+-------------+
| 6461.682243 |
+-------------+
1 row in set (0.00 sec)

MariaDB [csd2204w18]> select fisrt
    -> ;
ERROR 1054 (42S22): Unknown column 'fisrt' in 'field list'
MariaDB [csd2204w18]> select first_name,last_name, salary from employees where salary > (select avg(salary) from employees;
ERROR 1064 (42000): You have an error in your SQL syntax; check the manual that corresponds to your MariaDB server version for the right syntax to use near '' at line 1
MariaDB [csd2204w18]> select first_name,last_name,salary from employees where salary > (select avg(salary) from employees;
ERROR 1064 (42000): You have an error in your SQL syntax; check the manual that corresponds to your MariaDB server version for the right syntax to use near '' at line 1
MariaDB [csd2204w18]> select first_name,last_name,salary from employees where salary = (select min(salary) from employees;
ERROR 1064 (42000): You have an error in your SQL syntax; check the manual that corresponds to your MariaDB server version for the right syntax to use near '' at line 1
MariaDB [csd2204w18]> desc jobs;
+------------+--------------+------+-----+---------+-------+
| Field      | Type         | Null | Key | Default | Extra |
+------------+--------------+------+-----+---------+-------+
| JOB_ID     | varchar(10)  | NO   | PRI |         |       |
| JOB_TITLE  | varchar(35)  | NO   |     | NULL    |       |
| MIN_SALARY | decimal(6,0) | YES  |     | NULL    |       |
| MAX_SALARY | decimal(6,0) | YES  |     | NULL    |       |
+------------+--------------+------+-----+---------+-------+
4 rows in set (0.00 sec)

MariaDB [csd2204w18]> select * from jobs;
+------------+---------------------------------+------------+------------+
| JOB_ID     | JOB_TITLE                       | MIN_SALARY | MAX_SALARY |
+------------+---------------------------------+------------+------------+
| AD_PRES    | President                       |      20000 |      40000 |
| AD_VP      | Administration Vice President   |      15000 |      30000 |
| AD_ASST    | Administration Assistant        |       3000 |       6000 |
| FI_MGR     | Finance Manager                 |       8200 |      16000 |
| FI_ACCOUNT | Accountant                      |       4200 |       9000 |
| AC_MGR     | Accounting Manager              |       8200 |      16000 |
| AC_ACCOUNT | Public Accountant               |       4200 |       9000 |
| SA_MAN     | Sales Manager                   |      10000 |      20000 |
| SA_REP     | Sales Representative            |       6000 |      12000 |
| PU_MAN     | Purchasing Manager              |       8000 |      15000 |
| PU_CLERK   | Purchasing Clerk                |       2500 |       5500 |
| ST_MAN     | Stock Manager                   |       5500 |       8500 |
| ST_CLERK   | Stock Clerk                     |       2000 |       5000 |
| SH_CLERK   | Shipping Clerk                  |       2500 |       5500 |
| IT_PROG    | Programmer                      |       4000 |      10000 |
| MK_MAN     | Marketing Manager               |       9000 |      15000 |
| MK_REP     | Marketing Representative        |       4000 |       9000 |
| HR_REP     | Human Resources Representative  |       4000 |       9000 |
| PR_REP     | Public Relations Representative |       4500 |      10500 |
+------------+---------------------------------+------------+------------+
19 rows in set (0.00 sec)

MariaDB [csd2204w18]> desc employees;
+----------------+--------------+------+-----+---------+-------+
| Field          | Type         | Null | Key | Default | Extra |
+----------------+--------------+------+-----+---------+-------+
| EMPLOYEE_ID    | decimal(6,0) | NO   | PRI | 0       |       |
| FIRST_NAME     | varchar(20)  | YES  |     | NULL    |       |
| LAST_NAME      | varchar(25)  | NO   | MUL | NULL    |       |
| EMAIL          | varchar(25)  | NO   | UNI | NULL    |       |
| PHONE_NUMBER   | varchar(20)  | YES  |     | NULL    |       |
| HIRE_DATE      | date         | NO   |     | NULL    |       |
| JOB_ID         | varchar(10)  | NO   | MUL | NULL    |       |
| SALARY         | decimal(8,2) | YES  |     | NULL    |       |
| COMMISSION_PCT | decimal(2,2) | YES  |     | NULL    |       |
| MANAGER_ID     | decimal(6,0) | YES  | MUL | NULL    |       |
| DEPARTMENT_ID  | decimal(4,0) | YES  | MUL | NULL    |       |
+----------------+--------------+------+-----+---------+-------+
11 rows in set (0.00 sec)

MariaDB [csd2204w18]> select first_name,last_name,salary from employees where salary = (select min(salary) from employees;
ERROR 1064 (42000): You have an error in your SQL syntax; check the manual that corresponds to your MariaDB server version for the right syntax to use near '' at line 1
MariaDB [csd2204w18]> select first_name,last_name,salary from employees;
+-------------+-------------+----------+
| first_name  | last_name   | salary   |
+-------------+-------------+----------+
| Steven      | King        | 24000.00 |
| Neena       | Kochhar     | 17000.00 |
| Lex         | De Haan     | 17000.00 |
| Alexander   | Hunold      |  9000.00 |
| Bruce       | Ernst       |  6000.00 |
| David       | Austin      |  4800.00 |
| Valli       | Pataballa   |  4800.00 |
| Diana       | Lorentz     |  4200.00 |
| Nancy       | Greenberg   | 12000.00 |
| Daniel      | Faviet      |  9000.00 |
| John        | Chen        |  8200.00 |
| Ismael      | Sciarra     |  7700.00 |
| Jose Manuel | Urman       |  7800.00 |
| Luis        | Popp        |  6900.00 |
| Den         | Raphaely    | 11000.00 |
| Alexander   | Khoo        |  3100.00 |
| Shelli      | Baida       |  2900.00 |
| Sigal       | Tobias      |  2800.00 |
| Guy         | Himuro      |  2600.00 |
| Karen       | Colmenares  |  2500.00 |
| Matthew     | Weiss       |  8000.00 |
| Adam        | Fripp       |  8200.00 |
| Payam       | Kaufling    |  7900.00 |
| Shanta      | Vollman     |  6500.00 |
| Kevin       | Mourgos     |  5800.00 |
| Julia       | Nayer       |  3200.00 |
| Irene       | Mikkilineni |  2700.00 |
| James       | Landry      |  2400.00 |
| Steven      | Markle      |  2200.00 |
| Laura       | Bissot      |  3300.00 |
| Mozhe       | Atkinson    |  2800.00 |
| James       | Marlow      |  2500.00 |
| TJ          | Olson       |  2100.00 |
| Jason       | Mallin      |  3300.00 |
| Michael     | Rogers      |  2900.00 |
| Ki          | Gee         |  2400.00 |
| Hazel       | Philtanker  |  2200.00 |
| Renske      | Ladwig      |  3600.00 |
| Stephen     | Stiles      |  3200.00 |
| John        | Seo         |  2700.00 |
| Joshua      | Patel       |  2500.00 |
| Trenna      | Rajs        |  3500.00 |
| Curtis      | Davies      |  3100.00 |
| Randall     | Matos       |  2600.00 |
| Peter       | Vargas      |  2500.00 |
| John        | Russell     | 14000.00 |
| Karen       | Partners    | 13500.00 |
| Alberto     | Errazuriz   | 12000.00 |
| Gerald      | Cambrault   | 11000.00 |
| Eleni       | Zlotkey     | 10500.00 |
| Peter       | Tucker      | 10000.00 |
| David       | Bernstein   |  9500.00 |
| Peter       | Hall        |  9000.00 |
| Christopher | Olsen       |  8000.00 |
| Nanette     | Cambrault   |  7500.00 |
| Oliver      | Tuvault     |  7000.00 |
| Janette     | King        | 10000.00 |
| Patrick     | Sully       |  9500.00 |
| Allan       | McEwen      |  9000.00 |
| Lindsey     | Smith       |  8000.00 |
| Louise      | Doran       |  7500.00 |
| Sarath      | Sewall      |  7000.00 |
| Clara       | Vishney     | 10500.00 |
| Danielle    | Greene      |  9500.00 |
| Mattea      | Marvins     |  7200.00 |
| David       | Lee         |  6800.00 |
| Sundar      | Ande        |  6400.00 |
| Amit        | Banda       |  6200.00 |
| Lisa        | Ozer        | 11500.00 |
| Harrison    | Bloom       | 10000.00 |
| Tayler      | Fox         |  9600.00 |
| William     | Smith       |  7400.00 |
| Elizabeth   | Bates       |  7300.00 |
| Sundita     | Kumar       |  6100.00 |
| Ellen       | Abel        | 11000.00 |
| Alyssa      | Hutton      |  8800.00 |
| Jonathon    | Taylor      |  8600.00 |
| Jack        | Livingston  |  8400.00 |
| Kimberely   | Grant       |  7000.00 |
| Charles     | Johnson     |  6200.00 |
| Winston     | Taylor      |  3200.00 |
| Jean        | Fleaur      |  3100.00 |
| Martha      | Sullivan    |  2500.00 |
| Girard      | Geoni       |  2800.00 |
| Nandita     | Sarchand    |  4200.00 |
| Alexis      | Bull        |  4100.00 |
| Julia       | Dellinger   |  3400.00 |
| Anthony     | Cabrio      |  3000.00 |
| Kelly       | Chung       |  3800.00 |
| Jennifer    | Dilly       |  3600.00 |
| Timothy     | Gates       |  2900.00 |
| Randall     | Perkins     |  2500.00 |
| Sarah       | Bell        |  4000.00 |
| Britney     | Everett     |  3900.00 |
| Samuel      | McCain      |  3200.00 |
| Vance       | Jones       |  2800.00 |
| Alana       | Walsh       |  3100.00 |
| Kevin       | Feeney      |  3000.00 |
| Donald      | OConnell    |  2600.00 |
| Douglas     | Grant       |  2600.00 |
| Jennifer    | Whalen      |  4400.00 |
| Michael     | Hartstein   | 13000.00 |
| Pat         | Fay         |  6000.00 |
| Susan       | Mavris      |  6500.00 |
| Hermann     | Baer        | 10000.00 |
| Shelley     | Higgins     | 12000.00 |
| William     | Gietz       |  8300.00 |
+-------------+-------------+----------+
107 rows in set (0.01 sec)

MariaDB [csd2204w18]> select first_name,last_name,salary from employees where salary >= (select min(salary) from employees;
ERROR 1064 (42000): You have an error in your SQL syntax; check the manual that corresponds to your MariaDB server version for the right syntax to use near '' at line 1
MariaDB [csd2204w18]> select first_name,last_name AND salary from employees where salary >= (select min(salary) from employees;
ERROR 1064 (42000): You have an error in your SQL syntax; check the manual that corresponds to your MariaDB server version for the right syntax to use near '' at line 1
MariaDB [csd2204w18]> select first_name,last_name AND salary from employees;
+-------------+----------------------+
| first_name  | last_name AND salary |
+-------------+----------------------+
| Steven      |                    0 |
| Neena       |                    0 |
| Lex         |                    0 |
| Alexander   |                    0 |
| Bruce       |                    0 |
| David       |                    0 |
| Valli       |                    0 |
| Diana       |                    0 |
| Nancy       |                    0 |
| Daniel      |                    0 |
| John        |                    0 |
| Ismael      |                    0 |
| Jose Manuel |                    0 |
| Luis        |                    0 |
| Den         |                    0 |
| Alexander   |                    0 |
| Shelli      |                    0 |
| Sigal       |                    0 |
| Guy         |                    0 |
| Karen       |                    0 |
| Matthew     |                    0 |
| Adam        |                    0 |
| Payam       |                    0 |
| Shanta      |                    0 |
| Kevin       |                    0 |
| Julia       |                    0 |
| Irene       |                    0 |
| James       |                    0 |
| Steven      |                    0 |
| Laura       |                    0 |
| Mozhe       |                    0 |
| James       |                    0 |
| TJ          |                    0 |
| Jason       |                    0 |
| Michael     |                    0 |
| Ki          |                    0 |
| Hazel       |                    0 |
| Renske      |                    0 |
| Stephen     |                    0 |
| John        |                    0 |
| Joshua      |                    0 |
| Trenna      |                    0 |
| Curtis      |                    0 |
| Randall     |                    0 |
| Peter       |                    0 |
| John        |                    0 |
| Karen       |                    0 |
| Alberto     |                    0 |
| Gerald      |                    0 |
| Eleni       |                    0 |
| Peter       |                    0 |
| David       |                    0 |
| Peter       |                    0 |
| Christopher |                    0 |
| Nanette     |                    0 |
| Oliver      |                    0 |
| Janette     |                    0 |
| Patrick     |                    0 |
| Allan       |                    0 |
| Lindsey     |                    0 |
| Louise      |                    0 |
| Sarath      |                    0 |
| Clara       |                    0 |
| Danielle    |                    0 |
| Mattea      |                    0 |
| David       |                    0 |
| Sundar      |                    0 |
| Amit        |                    0 |
| Lisa        |                    0 |
| Harrison    |                    0 |
| Tayler      |                    0 |
| William     |                    0 |
| Elizabeth   |                    0 |
| Sundita     |                    0 |
| Ellen       |                    0 |
| Alyssa      |                    0 |
| Jonathon    |                    0 |
| Jack        |                    0 |
| Kimberely   |                    0 |
| Charles     |                    0 |
| Winston     |                    0 |
| Jean        |                    0 |
| Martha      |                    0 |
| Girard      |                    0 |
| Nandita     |                    0 |
| Alexis      |                    0 |
| Julia       |                    0 |
| Anthony     |                    0 |
| Kelly       |                    0 |
| Jennifer    |                    0 |
| Timothy     |                    0 |
| Randall     |                    0 |
| Sarah       |                    0 |
| Britney     |                    0 |
| Samuel      |                    0 |
| Vance       |                    0 |
| Alana       |                    0 |
| Kevin       |                    0 |
| Donald      |                    0 |
| Douglas     |                    0 |
| Jennifer    |                    0 |
| Michael     |                    0 |
| Pat         |                    0 |
| Susan       |                    0 |
| Hermann     |                    0 |
| Shelley     |                    0 |
| William     |                    0 |
+-------------+----------------------+
107 rows in set, 107 warnings (0.02 sec)

MariaDB [csd2204w18]> select first_name,last_name,salary from employees where salary = (select min_salary from jobs where employees.job_id=job_id;
ERROR 1064 (42000): You have an error in your SQL syntax; check the manual that corresponds to your MariaDB server version for the right syntax to use near '' at line 1
MariaDB [csd2204w18]> select first_name,last_name,salary from employees where salary = (select min_salary from jobs where employees.job_id=job_id);
+------------+------------+---------+
| first_name | last_name  | salary  |
+------------+------------+---------+
| Karen      | Colmenares | 2500.00 |
| Martha     | Sullivan   | 2500.00 |
| Randall    | Perkins    | 2500.00 |
+------------+------------+---------+
3 rows in set (0.00 sec)

MariaDB [csd2204w18]> select department_id from department where department_name LIKE 'IT';
ERROR 1146 (42S02): Table 'csd2204w18.department' doesn't exist
MariaDB [csd2204w18]> desc department;
ERROR 1146 (42S02): Table 'csd2204w18.department' doesn't exist
MariaDB [csd2204w18]> departments;
ERROR 1064 (42000): You have an error in your SQL syntax; check the manual that corresponds to your MariaDB server version for the right syntax to use near 'departments' at line 1
MariaDB [csd2204w18]> desc departments;
+-----------------+--------------+------+-----+---------+-------+
| Field           | Type         | Null | Key | Default | Extra |
+-----------------+--------------+------+-----+---------+-------+
| DEPARTMENT_ID   | decimal(4,0) | NO   | PRI | 0       |       |
| DEPARTMENT_NAME | varchar(30)  | NO   |     | NULL    |       |
| MANAGER_ID      | decimal(6,0) | YES  | MUL | NULL    |       |
| LOCATION_ID     | decimal(4,0) | YES  | MUL | NULL    |       |
+-----------------+--------------+------+-----+---------+-------+
4 rows in set (0.00 sec)

MariaDB [csd2204w18]> select department_id from departments where department_name LIKE 'IT';
+---------------+
| department_id |
+---------------+
|            60 |
+---------------+
1 row in set (0.00 sec)

MariaDB [csd2204w18]> select department_id from departments where department_name LIKE 'IT%';
+---------------+
| department_id |
+---------------+
|            60 |
|           210 |
|           230 |
+---------------+
3 rows in set (0.00 sec)

MariaDB [csd2204w18]> desc departments;
+-----------------+--------------+------+-----+---------+-------+
| Field           | Type         | Null | Key | Default | Extra |
+-----------------+--------------+------+-----+---------+-------+
| DEPARTMENT_ID   | decimal(4,0) | NO   | PRI | 0       |       |
| DEPARTMENT_NAME | varchar(30)  | NO   |     | NULL    |       |
| MANAGER_ID      | decimal(6,0) | YES  | MUL | NULL    |       |
| LOCATION_ID     | decimal(4,0) | YES  | MUL | NULL    |       |
+-----------------+--------------+------+-----+---------+-------+
4 rows in set (0.00 sec)

MariaDB [csd2204w18]> select * from departments;
+---------------+----------------------+------------+-------------+
| DEPARTMENT_ID | DEPARTMENT_NAME      | MANAGER_ID | LOCATION_ID |
+---------------+----------------------+------------+-------------+
|            10 | Administration       |        200 |        1700 |
|            20 | Marketing            |        201 |        1800 |
|            30 | Purchasing           |        114 |        1700 |
|            40 | Human Resources      |        203 |        2400 |
|            50 | Shipping             |        121 |        1500 |
|            60 | IT                   |        103 |        1400 |
|            70 | Public Relations     |        204 |        2700 |
|            80 | Sales                |        145 |        2500 |
|            90 | Executive            |        100 |        1700 |
|           100 | Finance              |        108 |        1700 |
|           110 | Accounting           |        205 |        1700 |
|           120 | Treasury             |          0 |        1700 |
|           130 | Corporate Tax        |          0 |        1700 |
|           140 | Control And Credit   |          0 |        1700 |
|           150 | Shareholder Services |          0 |        1700 |
|           160 | Benefits             |          0 |        1700 |
|           170 | Manufacturing        |          0 |        1700 |
|           180 | Construction         |          0 |        1700 |
|           190 | Contracting          |          0 |        1700 |
|           200 | Operations           |          0 |        1700 |
|           210 | IT Support           |          0 |        1700 |
|           220 | NOC                  |          0 |        1700 |
|           230 | IT Helpdesk          |          0 |        1700 |
|           240 | Government Sales     |          0 |        1700 |
|           250 | Retail Sales         |          0 |        1700 |
|           260 | Recruiting           |          0 |        1700 |
|           270 | Payroll              |          0 |        1700 |
+---------------+----------------------+------------+-------------+
27 rows in set (0.00 sec)

MariaDB [csd2204w18]> select * from employees;
+-------------+-------------+-------------+----------+--------------------+------------+------------+----------+----------------+------------+---------------+
| EMPLOYEE_ID | FIRST_NAME  | LAST_NAME   | EMAIL    | PHONE_NUMBER       | HIRE_DATE  | JOB_ID     | SALARY   | COMMISSION_PCT | MANAGER_ID | DEPARTMENT_ID |
+-------------+-------------+-------------+----------+--------------------+------------+------------+----------+----------------+------------+---------------+
|         100 | Steven      | King        | SKING    | 515.123.4567       | 1987-06-17 | AD_PRES    | 24000.00 |           0.00 |          0 |            90 |
|         101 | Neena       | Kochhar     | NKOCHHAR | 515.123.4568       | 1987-06-18 | AD_VP      | 17000.00 |           0.00 |        100 |            90 |
|         102 | Lex         | De Haan     | LDEHAAN  | 515.123.4569       | 1987-06-19 | AD_VP      | 17000.00 |           0.00 |        100 |            90 |
|         103 | Alexander   | Hunold      | AHUNOLD  | 590.423.4567       | 1987-06-20 | IT_PROG    |  9000.00 |           0.00 |        102 |            60 |
|         104 | Bruce       | Ernst       | BERNST   | 590.423.4568       | 1987-06-21 | IT_PROG    |  6000.00 |           0.00 |        103 |            60 |
|         105 | David       | Austin      | DAUSTIN  | 590.423.4569       | 1987-06-22 | IT_PROG    |  4800.00 |           0.00 |        103 |            60 |
|         106 | Valli       | Pataballa   | VPATABAL | 590.423.4560       | 1987-06-23 | IT_PROG    |  4800.00 |           0.00 |        103 |            60 |
|         107 | Diana       | Lorentz     | DLORENTZ | 590.423.5567       | 1987-06-24 | IT_PROG    |  4200.00 |           0.00 |        103 |            60 |
|         108 | Nancy       | Greenberg   | NGREENBE | 515.124.4569       | 1987-06-25 | FI_MGR     | 12000.00 |           0.00 |        101 |           100 |
|         109 | Daniel      | Faviet      | DFAVIET  | 515.124.4169       | 1987-06-26 | FI_ACCOUNT |  9000.00 |           0.00 |        108 |           100 |
|         110 | John        | Chen        | JCHEN    | 515.124.4269       | 1987-06-27 | FI_ACCOUNT |  8200.00 |           0.00 |        108 |           100 |
|         111 | Ismael      | Sciarra     | ISCIARRA | 515.124.4369       | 1987-06-28 | FI_ACCOUNT |  7700.00 |           0.00 |        108 |           100 |
|         112 | Jose Manuel | Urman       | JMURMAN  | 515.124.4469       | 1987-06-29 | FI_ACCOUNT |  7800.00 |           0.00 |        108 |           100 |
|         113 | Luis        | Popp        | LPOPP    | 515.124.4567       | 1987-06-30 | FI_ACCOUNT |  6900.00 |           0.00 |        108 |           100 |
|         114 | Den         | Raphaely    | DRAPHEAL | 515.127.4561       | 1987-07-01 | PU_MAN     | 11000.00 |           0.00 |        100 |            30 |
|         115 | Alexander   | Khoo        | AKHOO    | 515.127.4562       | 1987-07-02 | PU_CLERK   |  3100.00 |           0.00 |        114 |            30 |
|         116 | Shelli      | Baida       | SBAIDA   | 515.127.4563       | 1987-07-03 | PU_CLERK   |  2900.00 |           0.00 |        114 |            30 |
|         117 | Sigal       | Tobias      | STOBIAS  | 515.127.4564       | 1987-07-04 | PU_CLERK   |  2800.00 |           0.00 |        114 |            30 |
|         118 | Guy         | Himuro      | GHIMURO  | 515.127.4565       | 1987-07-05 | PU_CLERK   |  2600.00 |           0.00 |        114 |            30 |
|         119 | Karen       | Colmenares  | KCOLMENA | 515.127.4566       | 1987-07-06 | PU_CLERK   |  2500.00 |           0.00 |        114 |            30 |
|         120 | Matthew     | Weiss       | MWEISS   | 650.123.1234       | 1987-07-07 | ST_MAN     |  8000.00 |           0.00 |        100 |            50 |
|         121 | Adam        | Fripp       | AFRIPP   | 650.123.2234       | 1987-07-08 | ST_MAN     |  8200.00 |           0.00 |        100 |            50 |
|         122 | Payam       | Kaufling    | PKAUFLIN | 650.123.3234       | 1987-07-09 | ST_MAN     |  7900.00 |           0.00 |        100 |            50 |
|         123 | Shanta      | Vollman     | SVOLLMAN | 650.123.4234       | 1987-07-10 | ST_MAN     |  6500.00 |           0.00 |        100 |            50 |
|         124 | Kevin       | Mourgos     | KMOURGOS | 650.123.5234       | 1987-07-11 | ST_MAN     |  5800.00 |           0.00 |        100 |            50 |
|         125 | Julia       | Nayer       | JNAYER   | 650.124.1214       | 1987-07-12 | ST_CLERK   |  3200.00 |           0.00 |        120 |            50 |
|         126 | Irene       | Mikkilineni | IMIKKILI | 650.124.1224       | 1987-07-13 | ST_CLERK   |  2700.00 |           0.00 |        120 |            50 |
|         127 | James       | Landry      | JLANDRY  | 650.124.1334       | 1987-07-14 | ST_CLERK   |  2400.00 |           0.00 |        120 |            50 |
|         128 | Steven      | Markle      | SMARKLE  | 650.124.1434       | 1987-07-15 | ST_CLERK   |  2200.00 |           0.00 |        120 |            50 |
|         129 | Laura       | Bissot      | LBISSOT  | 650.124.5234       | 1987-07-16 | ST_CLERK   |  3300.00 |           0.00 |        121 |            50 |
|         130 | Mozhe       | Atkinson    | MATKINSO | 650.124.6234       | 1987-07-17 | ST_CLERK   |  2800.00 |           0.00 |        121 |            50 |
|         131 | James       | Marlow      | JAMRLOW  | 650.124.7234       | 1987-07-18 | ST_CLERK   |  2500.00 |           0.00 |        121 |            50 |
|         132 | TJ          | Olson       | TJOLSON  | 650.124.8234       | 1987-07-19 | ST_CLERK   |  2100.00 |           0.00 |        121 |            50 |
|         133 | Jason       | Mallin      | JMALLIN  | 650.127.1934       | 1987-07-20 | ST_CLERK   |  3300.00 |           0.00 |        122 |            50 |
|         134 | Michael     | Rogers      | MROGERS  | 650.127.1834       | 1987-07-21 | ST_CLERK   |  2900.00 |           0.00 |        122 |            50 |
|         135 | Ki          | Gee         | KGEE     | 650.127.1734       | 1987-07-22 | ST_CLERK   |  2400.00 |           0.00 |        122 |            50 |
|         136 | Hazel       | Philtanker  | HPHILTAN | 650.127.1634       | 1987-07-23 | ST_CLERK   |  2200.00 |           0.00 |        122 |            50 |
|         137 | Renske      | Ladwig      | RLADWIG  | 650.121.1234       | 1987-07-24 | ST_CLERK   |  3600.00 |           0.00 |        123 |            50 |
|         138 | Stephen     | Stiles      | SSTILES  | 650.121.2034       | 1987-07-25 | ST_CLERK   |  3200.00 |           0.00 |        123 |            50 |
|         139 | John        | Seo         | JSEO     | 650.121.2019       | 1987-07-26 | ST_CLERK   |  2700.00 |           0.00 |        123 |            50 |
|         140 | Joshua      | Patel       | JPATEL   | 650.121.1834       | 1987-07-27 | ST_CLERK   |  2500.00 |           0.00 |        123 |            50 |
|         141 | Trenna      | Rajs        | TRAJS    | 650.121.8009       | 1987-07-28 | ST_CLERK   |  3500.00 |           0.00 |        124 |            50 |
|         142 | Curtis      | Davies      | CDAVIES  | 650.121.2994       | 1987-07-29 | ST_CLERK   |  3100.00 |           0.00 |        124 |            50 |
|         143 | Randall     | Matos       | RMATOS   | 650.121.2874       | 1987-07-30 | ST_CLERK   |  2600.00 |           0.00 |        124 |            50 |
|         144 | Peter       | Vargas      | PVARGAS  | 650.121.2004       | 1987-07-31 | ST_CLERK   |  2500.00 |           0.00 |        124 |            50 |
|         145 | John        | Russell     | JRUSSEL  | 011.44.1344.429268 | 1987-08-01 | SA_MAN     | 14000.00 |           0.40 |        100 |            80 |
|         146 | Karen       | Partners    | KPARTNER | 011.44.1344.467268 | 1987-08-02 | SA_MAN     | 13500.00 |           0.30 |        100 |            80 |
|         147 | Alberto     | Errazuriz   | AERRAZUR | 011.44.1344.429278 | 1987-08-03 | SA_MAN     | 12000.00 |           0.30 |        100 |            80 |
|         148 | Gerald      | Cambrault   | GCAMBRAU | 011.44.1344.619268 | 1987-08-04 | SA_MAN     | 11000.00 |           0.30 |        100 |            80 |
|         149 | Eleni       | Zlotkey     | EZLOTKEY | 011.44.1344.429018 | 1987-08-05 | SA_MAN     | 10500.00 |           0.20 |        100 |            80 |
|         150 | Peter       | Tucker      | PTUCKER  | 011.44.1344.129268 | 1987-08-06 | SA_REP     | 10000.00 |           0.30 |        145 |            80 |
|         151 | David       | Bernstein   | DBERNSTE | 011.44.1344.345268 | 1987-08-07 | SA_REP     |  9500.00 |           0.25 |        145 |            80 |
|         152 | Peter       | Hall        | PHALL    | 011.44.1344.478968 | 1987-08-08 | SA_REP     |  9000.00 |           0.25 |        145 |            80 |
|         153 | Christopher | Olsen       | COLSEN   | 011.44.1344.498718 | 1987-08-09 | SA_REP     |  8000.00 |           0.20 |        145 |            80 |
|         154 | Nanette     | Cambrault   | NCAMBRAU | 011.44.1344.987668 | 1987-08-10 | SA_REP     |  7500.00 |           0.20 |        145 |            80 |
|         155 | Oliver      | Tuvault     | OTUVAULT | 011.44.1344.486508 | 1987-08-11 | SA_REP     |  7000.00 |           0.15 |        145 |            80 |
|         156 | Janette     | King        | JKING    | 011.44.1345.429268 | 1987-08-12 | SA_REP     | 10000.00 |           0.35 |        146 |            80 |
|         157 | Patrick     | Sully       | PSULLY   | 011.44.1345.929268 | 1987-08-13 | SA_REP     |  9500.00 |           0.35 |        146 |            80 |
|         158 | Allan       | McEwen      | AMCEWEN  | 011.44.1345.829268 | 1987-08-14 | SA_REP     |  9000.00 |           0.35 |        146 |            80 |
|         159 | Lindsey     | Smith       | LSMITH   | 011.44.1345.729268 | 1987-08-15 | SA_REP     |  8000.00 |           0.30 |        146 |            80 |
|         160 | Louise      | Doran       | LDORAN   | 011.44.1345.629268 | 1987-08-16 | SA_REP     |  7500.00 |           0.30 |        146 |            80 |
|         161 | Sarath      | Sewall      | SSEWALL  | 011.44.1345.529268 | 1987-08-17 | SA_REP     |  7000.00 |           0.25 |        146 |            80 |
|         162 | Clara       | Vishney     | CVISHNEY | 011.44.1346.129268 | 1987-08-18 | SA_REP     | 10500.00 |           0.25 |        147 |            80 |
|         163 | Danielle    | Greene      | DGREENE  | 011.44.1346.229268 | 1987-08-19 | SA_REP     |  9500.00 |           0.15 |        147 |            80 |
|         164 | Mattea      | Marvins     | MMARVINS | 011.44.1346.329268 | 1987-08-20 | SA_REP     |  7200.00 |           0.10 |        147 |            80 |
|         165 | David       | Lee         | DLEE     | 011.44.1346.529268 | 1987-08-21 | SA_REP     |  6800.00 |           0.10 |        147 |            80 |
|         166 | Sundar      | Ande        | SANDE    | 011.44.1346.629268 | 1987-08-22 | SA_REP     |  6400.00 |           0.10 |        147 |            80 |
|         167 | Amit        | Banda       | ABANDA   | 011.44.1346.729268 | 1987-08-23 | SA_REP     |  6200.00 |           0.10 |        147 |            80 |
|         168 | Lisa        | Ozer        | LOZER    | 011.44.1343.929268 | 1987-08-24 | SA_REP     | 11500.00 |           0.25 |        148 |            80 |
|         169 | Harrison    | Bloom       | HBLOOM   | 011.44.1343.829268 | 1987-08-25 | SA_REP     | 10000.00 |           0.20 |        148 |            80 |
|         170 | Tayler      | Fox         | TFOX     | 011.44.1343.729268 | 1987-08-26 | SA_REP     |  9600.00 |           0.20 |        148 |            80 |
|         171 | William     | Smith       | WSMITH   | 011.44.1343.629268 | 1987-08-27 | SA_REP     |  7400.00 |           0.15 |        148 |            80 |
|         172 | Elizabeth   | Bates       | EBATES   | 011.44.1343.529268 | 1987-08-28 | SA_REP     |  7300.00 |           0.15 |        148 |            80 |
|         173 | Sundita     | Kumar       | SKUMAR   | 011.44.1343.329268 | 1987-08-29 | SA_REP     |  6100.00 |           0.10 |        148 |            80 |
|         174 | Ellen       | Abel        | EABEL    | 011.44.1644.429267 | 1987-08-30 | SA_REP     | 11000.00 |           0.30 |        149 |            80 |
|         175 | Alyssa      | Hutton      | AHUTTON  | 011.44.1644.429266 | 1987-08-31 | SA_REP     |  8800.00 |           0.25 |        149 |            80 |
|         176 | Jonathon    | Taylor      | JTAYLOR  | 011.44.1644.429265 | 1987-09-01 | SA_REP     |  8600.00 |           0.20 |        149 |            80 |
|         177 | Jack        | Livingston  | JLIVINGS | 011.44.1644.429264 | 1987-09-02 | SA_REP     |  8400.00 |           0.20 |        149 |            80 |
|         178 | Kimberely   | Grant       | KGRANT   | 011.44.1644.429263 | 1987-09-03 | SA_REP     |  7000.00 |           0.15 |        149 |             0 |
|         179 | Charles     | Johnson     | CJOHNSON | 011.44.1644.429262 | 1987-09-04 | SA_REP     |  6200.00 |           0.10 |        149 |            80 |
|         180 | Winston     | Taylor      | WTAYLOR  | 650.507.9876       | 1987-09-05 | SH_CLERK   |  3200.00 |           0.00 |        120 |            50 |
|         181 | Jean        | Fleaur      | JFLEAUR  | 650.507.9877       | 1987-09-06 | SH_CLERK   |  3100.00 |           0.00 |        120 |            50 |
|         182 | Martha      | Sullivan    | MSULLIVA | 650.507.9878       | 1987-09-07 | SH_CLERK   |  2500.00 |           0.00 |        120 |            50 |
|         183 | Girard      | Geoni       | GGEONI   | 650.507.9879       | 1987-09-08 | SH_CLERK   |  2800.00 |           0.00 |        120 |            50 |
|         184 | Nandita     | Sarchand    | NSARCHAN | 650.509.1876       | 1987-09-09 | SH_CLERK   |  4200.00 |           0.00 |        121 |            50 |
|         185 | Alexis      | Bull        | ABULL    | 650.509.2876       | 1987-09-10 | SH_CLERK   |  4100.00 |           0.00 |        121 |            50 |
|         186 | Julia       | Dellinger   | JDELLING | 650.509.3876       | 1987-09-11 | SH_CLERK   |  3400.00 |           0.00 |        121 |            50 |
|         187 | Anthony     | Cabrio      | ACABRIO  | 650.509.4876       | 1987-09-12 | SH_CLERK   |  3000.00 |           0.00 |        121 |            50 |
|         188 | Kelly       | Chung       | KCHUNG   | 650.505.1876       | 1987-09-13 | SH_CLERK   |  3800.00 |           0.00 |        122 |            50 |
|         189 | Jennifer    | Dilly       | JDILLY   | 650.505.2876       | 1987-09-14 | SH_CLERK   |  3600.00 |           0.00 |        122 |            50 |
|         190 | Timothy     | Gates       | TGATES   | 650.505.3876       | 1987-09-15 | SH_CLERK   |  2900.00 |           0.00 |        122 |            50 |
|         191 | Randall     | Perkins     | RPERKINS | 650.505.4876       | 1987-09-16 | SH_CLERK   |  2500.00 |           0.00 |        122 |            50 |
|         192 | Sarah       | Bell        | SBELL    | 650.501.1876       | 1987-09-17 | SH_CLERK   |  4000.00 |           0.00 |        123 |            50 |
|         193 | Britney     | Everett     | BEVERETT | 650.501.2876       | 1987-09-18 | SH_CLERK   |  3900.00 |           0.00 |        123 |            50 |
|         194 | Samuel      | McCain      | SMCCAIN  | 650.501.3876       | 1987-09-19 | SH_CLERK   |  3200.00 |           0.00 |        123 |            50 |
|         195 | Vance       | Jones       | VJONES   | 650.501.4876       | 1987-09-20 | SH_CLERK   |  2800.00 |           0.00 |        123 |            50 |
|         196 | Alana       | Walsh       | AWALSH   | 650.507.9811       | 1987-09-21 | SH_CLERK   |  3100.00 |           0.00 |        124 |            50 |
|         197 | Kevin       | Feeney      | KFEENEY  | 650.507.9822       | 1987-09-22 | SH_CLERK   |  3000.00 |           0.00 |        124 |            50 |
|         198 | Donald      | OConnell    | DOCONNEL | 650.507.9833       | 1987-09-23 | SH_CLERK   |  2600.00 |           0.00 |        124 |            50 |
|         199 | Douglas     | Grant       | DGRANT   | 650.507.9844       | 1987-09-24 | SH_CLERK   |  2600.00 |           0.00 |        124 |            50 |
|         200 | Jennifer    | Whalen      | JWHALEN  | 515.123.4444       | 1987-09-25 | AD_ASST    |  4400.00 |           0.00 |        101 |            10 |
|         201 | Michael     | Hartstein   | MHARTSTE | 515.123.5555       | 1987-09-26 | MK_MAN     | 13000.00 |           0.00 |        100 |            20 |
|         202 | Pat         | Fay         | PFAY     | 603.123.6666       | 1987-09-27 | MK_REP     |  6000.00 |           0.00 |        201 |            20 |
|         203 | Susan       | Mavris      | SMAVRIS  | 515.123.7777       | 1987-09-28 | HR_REP     |  6500.00 |           0.00 |        101 |            40 |
|         204 | Hermann     | Baer        | HBAER    | 515.123.8888       | 1987-09-29 | PR_REP     | 10000.00 |           0.00 |        101 |            70 |
|         205 | Shelley     | Higgins     | SHIGGINS | 515.123.8080       | 1987-09-30 | AC_MGR     | 12000.00 |           0.00 |        101 |           110 |
|         206 | William     | Gietz       | WGIETZ   | 515.123.8181       | 1987-10-01 | AC_ACCOUNT |  8300.00 |           0.00 |        205 |           110 |
+-------------+-------------+-------------+----------+--------------------+------------+------------+----------+----------------+------------+---------------+
107 rows in set (0.00 sec)

MariaDB [csd2204w18]> select salary from employees where last_name='Bell';
+---------+
| salary  |
+---------+
| 4000.00 |
+---------+
1 row in set (0.02 sec)

MariaDB [csd2204w18]> select min_salry from jobs;
ERROR 1054 (42S22): Unknown column 'min_salry' in 'field list'
MariaDB [csd2204w18]> desc jobs;
+------------+--------------+------+-----+---------+-------+
| Field      | Type         | Null | Key | Default | Extra |
+------------+--------------+------+-----+---------+-------+
| JOB_ID     | varchar(10)  | NO   | PRI |         |       |
| JOB_TITLE  | varchar(35)  | NO   |     | NULL    |       |
| MIN_SALARY | decimal(6,0) | YES  |     | NULL    |       |
| MAX_SALARY | decimal(6,0) | YES  |     | NULL    |       |
+------------+--------------+------+-----+---------+-------+
4 rows in set (0.00 sec)

MariaDB [csd2204w18]> select * from jobs;
+------------+---------------------------------+------------+------------+
| JOB_ID     | JOB_TITLE                       | MIN_SALARY | MAX_SALARY |
+------------+---------------------------------+------------+------------+
| AD_PRES    | President                       |      20000 |      40000 |
| AD_VP      | Administration Vice President   |      15000 |      30000 |
| AD_ASST    | Administration Assistant        |       3000 |       6000 |
| FI_MGR     | Finance Manager                 |       8200 |      16000 |
| FI_ACCOUNT | Accountant                      |       4200 |       9000 |
| AC_MGR     | Accounting Manager              |       8200 |      16000 |
| AC_ACCOUNT | Public Accountant               |       4200 |       9000 |
| SA_MAN     | Sales Manager                   |      10000 |      20000 |
| SA_REP     | Sales Representative            |       6000 |      12000 |
| PU_MAN     | Purchasing Manager              |       8000 |      15000 |
| PU_CLERK   | Purchasing Clerk                |       2500 |       5500 |
| ST_MAN     | Stock Manager                   |       5500 |       8500 |
| ST_CLERK   | Stock Clerk                     |       2000 |       5000 |
| SH_CLERK   | Shipping Clerk                  |       2500 |       5500 |
| IT_PROG    | Programmer                      |       4000 |      10000 |
| MK_MAN     | Marketing Manager               |       9000 |      15000 |
| MK_REP     | Marketing Representative        |       4000 |       9000 |
| HR_REP     | Human Resources Representative  |       4000 |       9000 |
| PR_REP     | Public Relations Representative |       4500 |      10500 |
+------------+---------------------------------+------------+------------+
19 rows in set (0.00 sec)

MariaDB [csd2204w18]> select MIN_SALARY from jobs;
+------------+
| MIN_SALARY |
+------------+
|      20000 |
|      15000 |
|       3000 |
|       8200 |
|       4200 |
|       8200 |
|       4200 |
|      10000 |
|       6000 |
|       8000 |
|       2500 |
|       5500 |
|       2000 |
|       2500 |
|       4000 |
|       9000 |
|       4000 |
|       4000 |
|       4500 |
+------------+
19 rows in set (0.00 sec)

MariaDB [csd2204w18]> select min(min_salary) from jobs;
+-----------------+
| min(min_salary) |
+-----------------+
|            2000 |
+-----------------+
1 row in set (0.00 sec)

MariaDB [csd2204w18]> select first_name,last_name,salary from employees where salary = (select min(min_salary)+1000 from jobs);
+------------+-----------+---------+
| first_name | last_name | salary  |
+------------+-----------+---------+
| Anthony    | Cabrio    | 3000.00 |
| Kevin      | Feeney    | 3000.00 |
+------------+-----------+---------+
2 rows in set (0.00 sec)

MariaDB [csd2204w18]> select * from jobs where JOB_ID ='SH_CLERK';
+----------+----------------+------------+------------+
| JOB_ID   | JOB_TITLE      | MIN_SALARY | MAX_SALARY |
+----------+----------------+------------+------------+
| SH_CLERK | Shipping Clerk |       2500 |       5500 |
+----------+----------------+------------+------------+
1 row in set (0.00 sec)

MariaDB [csd2204w18]> desc jobs;
+------------+--------------+------+-----+---------+-------+
| Field      | Type         | Null | Key | Default | Extra |
+------------+--------------+------+-----+---------+-------+
| JOB_ID     | varchar(10)  | NO   | PRI |         |       |
| JOB_TITLE  | varchar(35)  | NO   |     | NULL    |       |
| MIN_SALARY | decimal(6,0) | YES  |     | NULL    |       |
| MAX_SALARY | decimal(6,0) | YES  |     | NULL    |       |
+------------+--------------+------+-----+---------+-------+
4 rows in set (0.00 sec)

MariaDB [csd2204w18]> select * from jobs;
+------------+---------------------------------+------------+------------+
| JOB_ID     | JOB_TITLE                       | MIN_SALARY | MAX_SALARY |
+------------+---------------------------------+------------+------------+
| AD_PRES    | President                       |      20000 |      40000 |
| AD_VP      | Administration Vice President   |      15000 |      30000 |
| AD_ASST    | Administration Assistant        |       3000 |       6000 |
| FI_MGR     | Finance Manager                 |       8200 |      16000 |
| FI_ACCOUNT | Accountant                      |       4200 |       9000 |
| AC_MGR     | Accounting Manager              |       8200 |      16000 |
| AC_ACCOUNT | Public Accountant               |       4200 |       9000 |
| SA_MAN     | Sales Manager                   |      10000 |      20000 |
| SA_REP     | Sales Representative            |       6000 |      12000 |
| PU_MAN     | Purchasing Manager              |       8000 |      15000 |
| PU_CLERK   | Purchasing Clerk                |       2500 |       5500 |
| ST_MAN     | Stock Manager                   |       5500 |       8500 |
| ST_CLERK   | Stock Clerk                     |       2000 |       5000 |
| SH_CLERK   | Shipping Clerk                  |       2500 |       5500 |
| IT_PROG    | Programmer                      |       4000 |      10000 |
| MK_MAN     | Marketing Manager               |       9000 |      15000 |
| MK_REP     | Marketing Representative        |       4000 |       9000 |
| HR_REP     | Human Resources Representative  |       4000 |       9000 |
| PR_REP     | Public Relations Representative |       4500 |      10500 |
+------------+---------------------------------+------------+------------+
19 rows in set (0.00 sec)

MariaDB [csd2204w18]> select first_name,last_name,salary from jobs where JOB_ID ='SH_CLERK';
ERROR 1054 (42S22): Unknown column 'first_name' in 'field list'
MariaDB [csd2204w18]> select first_name,last_name,salary from employees where salary > ALL (select salary from employees where JOB_ID ='SH_CLERK') order by salary;
+-------------+------------+----------+
| first_name  | last_name  | salary   |
+-------------+------------+----------+
| Jennifer    | Whalen     |  4400.00 |
| David       | Austin     |  4800.00 |
| Valli       | Pataballa  |  4800.00 |
| Kevin       | Mourgos    |  5800.00 |
| Bruce       | Ernst      |  6000.00 |
| Pat         | Fay        |  6000.00 |
| Sundita     | Kumar      |  6100.00 |
| Amit        | Banda      |  6200.00 |
| Charles     | Johnson    |  6200.00 |
| Sundar      | Ande       |  6400.00 |
| Susan       | Mavris     |  6500.00 |
| Shanta      | Vollman    |  6500.00 |
| David       | Lee        |  6800.00 |
| Luis        | Popp       |  6900.00 |
| Sarath      | Sewall     |  7000.00 |
| Oliver      | Tuvault    |  7000.00 |
| Kimberely   | Grant      |  7000.00 |
| Mattea      | Marvins    |  7200.00 |
| Elizabeth   | Bates      |  7300.00 |
| William     | Smith      |  7400.00 |
| Nanette     | Cambrault  |  7500.00 |
| Louise      | Doran      |  7500.00 |
| Ismael      | Sciarra    |  7700.00 |
| Jose Manuel | Urman      |  7800.00 |
| Payam       | Kaufling   |  7900.00 |
| Lindsey     | Smith      |  8000.00 |
| Matthew     | Weiss      |  8000.00 |
| Christopher | Olsen      |  8000.00 |
| Adam        | Fripp      |  8200.00 |
| John        | Chen       |  8200.00 |
| William     | Gietz      |  8300.00 |
| Jack        | Livingston |  8400.00 |
| Jonathon    | Taylor     |  8600.00 |
| Alyssa      | Hutton     |  8800.00 |
| Allan       | McEwen     |  9000.00 |
| Peter       | Hall       |  9000.00 |
| Alexander   | Hunold     |  9000.00 |
| Daniel      | Faviet     |  9000.00 |
| Patrick     | Sully      |  9500.00 |
| Danielle    | Greene     |  9500.00 |
| David       | Bernstein  |  9500.00 |
| Tayler      | Fox        |  9600.00 |
| Hermann     | Baer       | 10000.00 |
| Harrison    | Bloom      | 10000.00 |
| Janette     | King       | 10000.00 |
| Peter       | Tucker     | 10000.00 |
| Eleni       | Zlotkey    | 10500.00 |
| Clara       | Vishney    | 10500.00 |
| Gerald      | Cambrault  | 11000.00 |
| Ellen       | Abel       | 11000.00 |
| Den         | Raphaely   | 11000.00 |
| Lisa        | Ozer       | 11500.00 |
| Alberto     | Errazuriz  | 12000.00 |
| Shelley     | Higgins    | 12000.00 |
| Nancy       | Greenberg  | 12000.00 |
| Michael     | Hartstein  | 13000.00 |
| Karen       | Partners   | 13500.00 |
| John        | Russell    | 14000.00 |
| Lex         | De Haan    | 17000.00 |
| Neena       | Kochhar    | 17000.00 |
| Steven      | King       | 24000.00 |
+-------------+------------+----------+
61 rows in set (0.00 sec)

MariaDB [csd2204w18]> select first_name,last_name,salary from employees where salary > max (select salary from employees where JOB_ID ='SH_CLERK') order by salary;
ERROR 1064 (42000): You have an error in your SQL syntax; check the manual that corresponds to your MariaDB server version for the right syntax to use near 'select salary from employees where JOB_ID ='SH_CLERK') order by salary' at line 1
MariaDB [csd2204w18]> select first_name,last_name,salary from employees where salary > min (select salary from employees where JOB_ID ='SH_CLERK') order by salary;
ERROR 1064 (42000): You have an error in your SQL syntax; check the manual that corresponds to your MariaDB server version for the right syntax to use near 'select salary from employees where JOB_ID ='SH_CLERK') order by salary' at line 1
MariaDB [csd2204w18]> select first_name,last_name,salary from employees where salary > sum (select salary from employees where JOB_ID ='SH_CLERK') order by salary;
ERROR 1064 (42000): You have an error in your SQL syntax; check the manual that corresponds to your MariaDB server version for the right syntax to use near 'select salary from employees where JOB_ID ='SH_CLERK') order by salary' at line 1
MariaDB [csd2204w18]> select b.first_name,b.last_name FROM employees b where not exists (select 'x' from employees a where a.managere_id = b.employee_id);
ERROR 1054 (42S22): Unknown column 'a.managere_id' in 'where clause'
MariaDB [csd2204w18]> select b.first_name,b.last_name FROM employees b where not exists (select 'x' from employees a where a.manager_id = b.employee_id);
+-------------+-------------+
| first_name  | last_name   |
+-------------+-------------+
| Bruce       | Ernst       |
| David       | Austin      |
| Valli       | Pataballa   |
| Diana       | Lorentz     |
| Daniel      | Faviet      |
| John        | Chen        |
| Ismael      | Sciarra     |
| Jose Manuel | Urman       |
| Luis        | Popp        |
| Alexander   | Khoo        |
| Shelli      | Baida       |
| Sigal       | Tobias      |
| Guy         | Himuro      |
| Karen       | Colmenares  |
| Julia       | Nayer       |
| Irene       | Mikkilineni |
| James       | Landry      |
| Steven      | Markle      |
| Laura       | Bissot      |
| Mozhe       | Atkinson    |
| James       | Marlow      |
| TJ          | Olson       |
| Jason       | Mallin      |
| Michael     | Rogers      |
| Ki          | Gee         |
| Hazel       | Philtanker  |
| Renske      | Ladwig      |
| Stephen     | Stiles      |
| John        | Seo         |
| Joshua      | Patel       |
| Trenna      | Rajs        |
| Curtis      | Davies      |
| Randall     | Matos       |
| Peter       | Vargas      |
| Peter       | Tucker      |
| David       | Bernstein   |
| Peter       | Hall        |
| Christopher | Olsen       |
| Nanette     | Cambrault   |
| Oliver      | Tuvault     |
| Janette     | King        |
| Patrick     | Sully       |
| Allan       | McEwen      |
| Lindsey     | Smith       |
| Louise      | Doran       |
| Sarath      | Sewall      |
| Clara       | Vishney     |
| Danielle    | Greene      |
| Mattea      | Marvins     |
| David       | Lee         |
| Sundar      | Ande        |
| Amit        | Banda       |
| Lisa        | Ozer        |
| Harrison    | Bloom       |
| Tayler      | Fox         |
| William     | Smith       |
| Elizabeth   | Bates       |
| Sundita     | Kumar       |
| Ellen       | Abel        |
| Alyssa      | Hutton      |
| Jonathon    | Taylor      |
| Jack        | Livingston  |
| Kimberely   | Grant       |
| Charles     | Johnson     |
| Winston     | Taylor      |
| Jean        | Fleaur      |
| Martha      | Sullivan    |
| Girard      | Geoni       |
| Nandita     | Sarchand    |
| Alexis      | Bull        |
| Julia       | Dellinger   |
| Anthony     | Cabrio      |
| Kelly       | Chung       |
| Jennifer    | Dilly       |
| Timothy     | Gates       |
| Randall     | Perkins     |
| Sarah       | Bell        |
| Britney     | Everett     |
| Samuel      | McCain      |
| Vance       | Jones       |
| Alana       | Walsh       |
| Kevin       | Feeney      |
| Donald      | OConnell    |
| Douglas     | Grant       |
| Jennifer    | Whalen      |
| Pat         | Fay         |
| Susan       | Mavris      |
| Hermann     | Baer        |
| William     | Gietz       |
+-------------+-------------+
89 rows in set (0.01 sec)

MariaDB [csd2204w18]> desc employees;
+----------------+--------------+------+-----+---------+-------+
| Field          | Type         | Null | Key | Default | Extra |
+----------------+--------------+------+-----+---------+-------+
| EMPLOYEE_ID    | decimal(6,0) | NO   | PRI | 0       |       |
| FIRST_NAME     | varchar(20)  | YES  |     | NULL    |       |
| LAST_NAME      | varchar(25)  | NO   | MUL | NULL    |       |
| EMAIL          | varchar(25)  | NO   | UNI | NULL    |       |
| PHONE_NUMBER   | varchar(20)  | YES  |     | NULL    |       |
| HIRE_DATE      | date         | NO   |     | NULL    |       |
| JOB_ID         | varchar(10)  | NO   | MUL | NULL    |       |
| SALARY         | decimal(8,2) | YES  |     | NULL    |       |
| COMMISSION_PCT | decimal(2,2) | YES  |     | NULL    |       |
| MANAGER_ID     | decimal(6,0) | YES  | MUL | NULL    |       |
| DEPARTMENT_ID  | decimal(4,0) | YES  | MUL | NULL    |       |
+----------------+--------------+------+-----+---------+-------+
11 rows in set (0.00 sec)

MariaDB [csd2204w18]> desc departments;
+-----------------+--------------+------+-----+---------+-------+
| Field           | Type         | Null | Key | Default | Extra |
+-----------------+--------------+------+-----+---------+-------+
| DEPARTMENT_ID   | decimal(4,0) | NO   | PRI | 0       |       |
| DEPARTMENT_NAME | varchar(30)  | NO   |     | NULL    |       |
| MANAGER_ID      | decimal(6,0) | YES  | MUL | NULL    |       |
| LOCATION_ID     | decimal(4,0) | YES  | MUL | NULL    |       |
+-----------------+--------------+------+-----+---------+-------+
4 rows in set (0.00 sec)

MariaDB [csd2204w18]> select * from department;
ERROR 1146 (42S02): Table 'csd2204w18.department' doesn't exist
MariaDB [csd2204w18]> select * from departments;
+---------------+----------------------+------------+-------------+
| DEPARTMENT_ID | DEPARTMENT_NAME      | MANAGER_ID | LOCATION_ID |
+---------------+----------------------+------------+-------------+
|            10 | Administration       |        200 |        1700 |
|            20 | Marketing            |        201 |        1800 |
|            30 | Purchasing           |        114 |        1700 |
|            40 | Human Resources      |        203 |        2400 |
|            50 | Shipping             |        121 |        1500 |
|            60 | IT                   |        103 |        1400 |
|            70 | Public Relations     |        204 |        2700 |
|            80 | Sales                |        145 |        2500 |
|            90 | Executive            |        100 |        1700 |
|           100 | Finance              |        108 |        1700 |
|           110 | Accounting           |        205 |        1700 |
|           120 | Treasury             |          0 |        1700 |
|           130 | Corporate Tax        |          0 |        1700 |
|           140 | Control And Credit   |          0 |        1700 |
|           150 | Shareholder Services |          0 |        1700 |
|           160 | Benefits             |          0 |        1700 |
|           170 | Manufacturing        |          0 |        1700 |
|           180 | Construction         |          0 |        1700 |
|           190 | Contracting          |          0 |        1700 |
|           200 | Operations           |          0 |        1700 |
|           210 | IT Support           |          0 |        1700 |
|           220 | NOC                  |          0 |        1700 |
|           230 | IT Helpdesk          |          0 |        1700 |
|           240 | Government Sales     |          0 |        1700 |
|           250 | Retail Sales         |          0 |        1700 |
|           260 | Recruiting           |          0 |        1700 |
|           270 | Payroll              |          0 |        1700 |
+---------------+----------------------+------------+-------------+
27 rows in set (0.00 sec)

MariaDB [csd2204w18]> select employee_id,first_name,last_name from departments;
ERROR 1054 (42S22): Unknown column 'employee_id' in 'field list'
MariaDB [csd2204w18]> select employee_id,first_name,last_name from departments;
ERROR 1054 (42S22): Unknown column 'employee_id' in 'field list'
MariaDB [csd2204w18]> select employee_id,first_name,last_name from employees AND department_name from departments;
ERROR 1064 (42000): You have an error in your SQL syntax; check the manual that corresponds to your MariaDB server version for the right syntax to use near 'AND department_name from departments' at line 1
MariaDB [csd2204w18]> select employee_id,first_name,last_name, department_name from departments;
ERROR 1054 (42S22): Unknown column 'employee_id' in 'field list'
MariaDB [csd2204w18]> select employee_id,first_name,last_name from employees;
+-------------+-------------+-------------+
| employee_id | first_name  | last_name   |
+-------------+-------------+-------------+
|         100 | Steven      | King        |
|         101 | Neena       | Kochhar     |
|         102 | Lex         | De Haan     |
|         103 | Alexander   | Hunold      |
|         104 | Bruce       | Ernst       |
|         105 | David       | Austin      |
|         106 | Valli       | Pataballa   |
|         107 | Diana       | Lorentz     |
|         108 | Nancy       | Greenberg   |
|         109 | Daniel      | Faviet      |
|         110 | John        | Chen        |
|         111 | Ismael      | Sciarra     |
|         112 | Jose Manuel | Urman       |
|         113 | Luis        | Popp        |
|         114 | Den         | Raphaely    |
|         115 | Alexander   | Khoo        |
|         116 | Shelli      | Baida       |
|         117 | Sigal       | Tobias      |
|         118 | Guy         | Himuro      |
|         119 | Karen       | Colmenares  |
|         120 | Matthew     | Weiss       |
|         121 | Adam        | Fripp       |
|         122 | Payam       | Kaufling    |
|         123 | Shanta      | Vollman     |
|         124 | Kevin       | Mourgos     |
|         125 | Julia       | Nayer       |
|         126 | Irene       | Mikkilineni |
|         127 | James       | Landry      |
|         128 | Steven      | Markle      |
|         129 | Laura       | Bissot      |
|         130 | Mozhe       | Atkinson    |
|         131 | James       | Marlow      |
|         132 | TJ          | Olson       |
|         133 | Jason       | Mallin      |
|         134 | Michael     | Rogers      |
|         135 | Ki          | Gee         |
|         136 | Hazel       | Philtanker  |
|         137 | Renske      | Ladwig      |
|         138 | Stephen     | Stiles      |
|         139 | John        | Seo         |
|         140 | Joshua      | Patel       |
|         141 | Trenna      | Rajs        |
|         142 | Curtis      | Davies      |
|         143 | Randall     | Matos       |
|         144 | Peter       | Vargas      |
|         145 | John        | Russell     |
|         146 | Karen       | Partners    |
|         147 | Alberto     | Errazuriz   |
|         148 | Gerald      | Cambrault   |
|         149 | Eleni       | Zlotkey     |
|         150 | Peter       | Tucker      |
|         151 | David       | Bernstein   |
|         152 | Peter       | Hall        |
|         153 | Christopher | Olsen       |
|         154 | Nanette     | Cambrault   |
|         155 | Oliver      | Tuvault     |
|         156 | Janette     | King        |
|         157 | Patrick     | Sully       |
|         158 | Allan       | McEwen      |
|         159 | Lindsey     | Smith       |
|         160 | Louise      | Doran       |
|         161 | Sarath      | Sewall      |
|         162 | Clara       | Vishney     |
|         163 | Danielle    | Greene      |
|         164 | Mattea      | Marvins     |
|         165 | David       | Lee         |
|         166 | Sundar      | Ande        |
|         167 | Amit        | Banda       |
|         168 | Lisa        | Ozer        |
|         169 | Harrison    | Bloom       |
|         170 | Tayler      | Fox         |
|         171 | William     | Smith       |
|         172 | Elizabeth   | Bates       |
|         173 | Sundita     | Kumar       |
|         174 | Ellen       | Abel        |
|         175 | Alyssa      | Hutton      |
|         176 | Jonathon    | Taylor      |
|         177 | Jack        | Livingston  |
|         178 | Kimberely   | Grant       |
|         179 | Charles     | Johnson     |
|         180 | Winston     | Taylor      |
|         181 | Jean        | Fleaur      |
|         182 | Martha      | Sullivan    |
|         183 | Girard      | Geoni       |
|         184 | Nandita     | Sarchand    |
|         185 | Alexis      | Bull        |
|         186 | Julia       | Dellinger   |
|         187 | Anthony     | Cabrio      |
|         188 | Kelly       | Chung       |
|         189 | Jennifer    | Dilly       |
|         190 | Timothy     | Gates       |
|         191 | Randall     | Perkins     |
|         192 | Sarah       | Bell        |
|         193 | Britney     | Everett     |
|         194 | Samuel      | McCain      |
|         195 | Vance       | Jones       |
|         196 | Alana       | Walsh       |
|         197 | Kevin       | Feeney      |
|         198 | Donald      | OConnell    |
|         199 | Douglas     | Grant       |
|         200 | Jennifer    | Whalen      |
|         201 | Michael     | Hartstein   |
|         202 | Pat         | Fay         |
|         203 | Susan       | Mavris      |
|         204 | Hermann     | Baer        |
|         205 | Shelley     | Higgins     |
|         206 | William     | Gietz       |
+-------------+-------------+-------------+
107 rows in set (0.00 sec)

MariaDB [csd2204w18]> select employee_id,first_name,last_name(select department_name FROM departments d WHERE e.department_id = d.department_id) department FROM wmployees e order by department;
ERROR 1064 (42000): You have an error in your SQL syntax; check the manual that corresponds to your MariaDB server version for the right syntax to use near 'select department_name FROM departments d WHERE e.department_id = d.department_i' at line 1
MariaDB [csd2204w18]> select employee_id,first_name,last_name(select department_name FROM departments d WHERE e.department_id = d.department_id)department FROM employees e order by department;
ERROR 1064 (42000): You have an error in your SQL syntax; check the manual that corresponds to your MariaDB server version for the right syntax to use near 'select department_name FROM departments d WHERE e.department_id = d.department_i' at line 1
MariaDB [csd2204w18]> select employee_id,first_name,last_name(select department_name FROM departments d WHERE e.department_id = d.department_id)department FROM employees e order by department;
ERROR 1064 (42000): You have an error in your SQL syntax; check the manual that corresponds to your MariaDB server version for the right syntax to use near 'select department_name FROM departments d WHERE e.department_id = d.department_i' at line 1
MariaDB [csd2204w18]> select employee_id,first_name,last_name,(select department_name FROM departments d WHERE e.department_id = d.department_id)department FROM employees e order by department;
+-------------+-------------+-------------+------------------+
| employee_id | first_name  | last_name   | department       |
+-------------+-------------+-------------+------------------+
|         178 | Kimberely   | Grant       | NULL             |
|         205 | Shelley     | Higgins     | Accounting       |
|         206 | William     | Gietz       | Accounting       |
|         200 | Jennifer    | Whalen      | Administration   |
|         100 | Steven      | King        | Executive        |
|         102 | Lex         | De Haan     | Executive        |
|         101 | Neena       | Kochhar     | Executive        |
|         112 | Jose Manuel | Urman       | Finance          |
|         113 | Luis        | Popp        | Finance          |
|         111 | Ismael      | Sciarra     | Finance          |
|         110 | John        | Chen        | Finance          |
|         109 | Daniel      | Faviet      | Finance          |
|         108 | Nancy       | Greenberg   | Finance          |
|         203 | Susan       | Mavris      | Human Resources  |
|         103 | Alexander   | Hunold      | IT               |
|         104 | Bruce       | Ernst       | IT               |
|         105 | David       | Austin      | IT               |
|         107 | Diana       | Lorentz     | IT               |
|         106 | Valli       | Pataballa   | IT               |
|         202 | Pat         | Fay         | Marketing        |
|         201 | Michael     | Hartstein   | Marketing        |
|         204 | Hermann     | Baer        | Public Relations |
|         118 | Guy         | Himuro      | Purchasing       |
|         114 | Den         | Raphaely    | Purchasing       |
|         115 | Alexander   | Khoo        | Purchasing       |
|         116 | Shelli      | Baida       | Purchasing       |
|         117 | Sigal       | Tobias      | Purchasing       |
|         119 | Karen       | Colmenares  | Purchasing       |
|         163 | Danielle    | Greene      | Sales            |
|         162 | Clara       | Vishney     | Sales            |
|         161 | Sarath      | Sewall      | Sales            |
|         160 | Louise      | Doran       | Sales            |
|         159 | Lindsey     | Smith       | Sales            |
|         158 | Allan       | McEwen      | Sales            |
|         157 | Patrick     | Sully       | Sales            |
|         156 | Janette     | King        | Sales            |
|         155 | Oliver      | Tuvault     | Sales            |
|         154 | Nanette     | Cambrault   | Sales            |
|         153 | Christopher | Olsen       | Sales            |
|         164 | Mattea      | Marvins     | Sales            |
|         165 | David       | Lee         | Sales            |
|         167 | Amit        | Banda       | Sales            |
|         177 | Jack        | Livingston  | Sales            |
|         176 | Jonathon    | Taylor      | Sales            |
|         175 | Alyssa      | Hutton      | Sales            |
|         174 | Ellen       | Abel        | Sales            |
|         173 | Sundita     | Kumar       | Sales            |
|         172 | Elizabeth   | Bates       | Sales            |
|         171 | William     | Smith       | Sales            |
|         170 | Tayler      | Fox         | Sales            |
|         169 | Harrison    | Bloom       | Sales            |
|         168 | Lisa        | Ozer        | Sales            |
|         179 | Charles     | Johnson     | Sales            |
|         152 | Peter       | Hall        | Sales            |
|         145 | John        | Russell     | Sales            |
|         146 | Karen       | Partners    | Sales            |
|         147 | Alberto     | Errazuriz   | Sales            |
|         148 | Gerald      | Cambrault   | Sales            |
|         149 | Eleni       | Zlotkey     | Sales            |
|         150 | Peter       | Tucker      | Sales            |
|         151 | David       | Bernstein   | Sales            |
|         166 | Sundar      | Ande        | Sales            |
|         194 | Samuel      | McCain      | Shipping         |
|         193 | Britney     | Everett     | Shipping         |
|         192 | Sarah       | Bell        | Shipping         |
|         191 | Randall     | Perkins     | Shipping         |
|         190 | Timothy     | Gates       | Shipping         |
|         189 | Jennifer    | Dilly       | Shipping         |
|         188 | Kelly       | Chung       | Shipping         |
|         187 | Anthony     | Cabrio      | Shipping         |
|         186 | Julia       | Dellinger   | Shipping         |
|         195 | Vance       | Jones       | Shipping         |
|         196 | Alana       | Walsh       | Shipping         |
|         197 | Kevin       | Feeney      | Shipping         |
|         180 | Winston     | Taylor      | Shipping         |
|         120 | Matthew     | Weiss       | Shipping         |
|         121 | Adam        | Fripp       | Shipping         |
|         122 | Payam       | Kaufling    | Shipping         |
|         123 | Shanta      | Vollman     | Shipping         |
|         124 | Kevin       | Mourgos     | Shipping         |
|         125 | Julia       | Nayer       | Shipping         |
|         199 | Douglas     | Grant       | Shipping         |
|         198 | Donald      | OConnell    | Shipping         |
|         185 | Alexis      | Bull        | Shipping         |
|         184 | Nandita     | Sarchand    | Shipping         |
|         183 | Girard      | Geoni       | Shipping         |
|         135 | Ki          | Gee         | Shipping         |
|         136 | Hazel       | Philtanker  | Shipping         |
|         137 | Renske      | Ladwig      | Shipping         |
|         138 | Stephen     | Stiles      | Shipping         |
|         139 | John        | Seo         | Shipping         |
|         140 | Joshua      | Patel       | Shipping         |
|         141 | Trenna      | Rajs        | Shipping         |
|         142 | Curtis      | Davies      | Shipping         |
|         143 | Randall     | Matos       | Shipping         |
|         134 | Michael     | Rogers      | Shipping         |
|         133 | Jason       | Mallin      | Shipping         |
|         182 | Martha      | Sullivan    | Shipping         |
|         181 | Jean        | Fleaur      | Shipping         |
|         126 | Irene       | Mikkilineni | Shipping         |
|         127 | James       | Landry      | Shipping         |
|         128 | Steven      | Markle      | Shipping         |
|         129 | Laura       | Bissot      | Shipping         |
|         130 | Mozhe       | Atkinson    | Shipping         |
|         131 | James       | Marlow      | Shipping         |
|         132 | TJ          | Olson       | Shipping         |
|         144 | Peter       | Vargas      | Shipping         |
+-------------+-------------+-------------+------------------+
107 rows in set (0.00 sec)

MariaDB [csd2204w18]> select first_name,last_name,salary from employees where salary > sum (select salary from employees where JOB_ID ='SH_CLERK') order by salary;
ERROR 1064 (42000): You have an error in your SQL syntax; check the manual that corresponds to your MariaDB server version for the right syntax to use near 'select salary from employees where JOB_ID ='SH_CLERK') order by salary' at line 1
MariaDB [csd2204w18]> select first_name,last_name,salary from employees where salary > ALL (select salary from employees where JOB_ID ='SH_CLERK') order by salary;
+-------------+------------+----------+
| first_name  | last_name  | salary   |
+-------------+------------+----------+
| Jennifer    | Whalen     |  4400.00 |
| David       | Austin     |  4800.00 |
| Valli       | Pataballa  |  4800.00 |
| Kevin       | Mourgos    |  5800.00 |
| Bruce       | Ernst      |  6000.00 |
| Pat         | Fay        |  6000.00 |
| Sundita     | Kumar      |  6100.00 |
| Amit        | Banda      |  6200.00 |
| Charles     | Johnson    |  6200.00 |
| Sundar      | Ande       |  6400.00 |
| Susan       | Mavris     |  6500.00 |
| Shanta      | Vollman    |  6500.00 |
| David       | Lee        |  6800.00 |
| Luis        | Popp       |  6900.00 |
| Sarath      | Sewall     |  7000.00 |
| Oliver      | Tuvault    |  7000.00 |
| Kimberely   | Grant      |  7000.00 |
| Mattea      | Marvins    |  7200.00 |
| Elizabeth   | Bates      |  7300.00 |
| William     | Smith      |  7400.00 |
| Nanette     | Cambrault  |  7500.00 |
| Louise      | Doran      |  7500.00 |
| Ismael      | Sciarra    |  7700.00 |
| Jose Manuel | Urman      |  7800.00 |
| Payam       | Kaufling   |  7900.00 |
| Lindsey     | Smith      |  8000.00 |
| Matthew     | Weiss      |  8000.00 |
| Christopher | Olsen      |  8000.00 |
| Adam        | Fripp      |  8200.00 |
| John        | Chen       |  8200.00 |
| William     | Gietz      |  8300.00 |
| Jack        | Livingston |  8400.00 |
| Jonathon    | Taylor     |  8600.00 |
| Alyssa      | Hutton     |  8800.00 |
| Allan       | McEwen     |  9000.00 |
| Peter       | Hall       |  9000.00 |
| Alexander   | Hunold     |  9000.00 |
| Daniel      | Faviet     |  9000.00 |
| Patrick     | Sully      |  9500.00 |
| Danielle    | Greene     |  9500.00 |
| David       | Bernstein  |  9500.00 |
| Tayler      | Fox        |  9600.00 |
| Hermann     | Baer       | 10000.00 |
| Harrison    | Bloom      | 10000.00 |
| Janette     | King       | 10000.00 |
| Peter       | Tucker     | 10000.00 |
| Eleni       | Zlotkey    | 10500.00 |
| Clara       | Vishney    | 10500.00 |
| Gerald      | Cambrault  | 11000.00 |
| Ellen       | Abel       | 11000.00 |
| Den         | Raphaely   | 11000.00 |
| Lisa        | Ozer       | 11500.00 |
| Alberto     | Errazuriz  | 12000.00 |
| Shelley     | Higgins    | 12000.00 |
| Nancy       | Greenberg  | 12000.00 |
| Michael     | Hartstein  | 13000.00 |
| Karen       | Partners   | 13500.00 |
| John        | Russell    | 14000.00 |
| Lex         | De Haan    | 17000.00 |
| Neena       | Kochhar    | 17000.00 |
| Steven      | King       | 24000.00 |
+-------------+------------+----------+
61 rows in set (0.00 sec)

MariaDB [csd2204w18]> select first_name,last_name,salary from employees where salary > sum (select salary from employees where JOB_ID ='SH_CLERK') order by salary;
ERROR 1064 (42000): You have an error in your SQL syntax; check the manual that corresponds to your MariaDB server version for the right syntax to use near 'select salary from employees where JOB_ID ='SH_CLERK') order by salary' at line 1
MariaDB [csd2204w18]> select first_name,last_name,salary from employees where salary > sum ('select salary from employees where JOB_ID ='SH_CLERK') order by salary;
    '> ;
    '> ;
    '> ;
    '> kdfjgkldg
    '> dgff
    '> ;
    '> ;
    '> Bye

728813@128-IMAC05 c:\xampp
# mysql -u root - p
mysql  Ver 15.1 Distrib 10.1.21-MariaDB, for Win32 (AMD64)
Copyright (c) 2000, 2016, Oracle, MariaDB Corporation Ab and others.

Usage: mysql [OPTIONS] [database]

Default options are read from the following files in the given order:
C:\Windows\my.ini C:\Windows\my.cnf C:\my.ini C:\my.cnf C:\xampp\mysql\my.ini C:\xampp\mysql\my.cnf C:\xampp\mysql\data\my.ini C:\xampp\mysql\data\my.cnf C:\xampp\mysql\bin\my.ini C:\xampp\mysql\bin\my.cnf
The following groups are read: mysql client client-server client-mariadb
The following options may be given as the first argument:
--print-defaults        Print the program argument list and exit.
--no-defaults           Don't read default options from any option file.
--defaults-file=#       Only read default options from the given file #.
--defaults-extra-file=# Read this file after the global files are read.

  -?, --help          Display this help and exit.
  -I, --help          Synonym for -?
  --abort-source-on-error
                      Abort 'source filename' operations in case of errors
  --auto-rehash       Enable automatic rehashing. One doesn't need to use
                      'rehash' to get table and field completion, but startup
                      and reconnecting may take a longer time. Disable with
                      --disable-auto-rehash.
                      (Defaults to on; use --skip-auto-rehash to disable.)
  -A, --no-auto-rehash
                      No automatic rehashing. One has to use 'rehash' to get
                      table and field completion. This gives a quicker start of
                      mysql and disables rehashing on reconnect.
  --auto-vertical-output
                      Automatically switch to vertical output mode if the
                      result is wider than the terminal width.
  -B, --batch         Don't use history file. Disable interactive behavior.
                      (Enables --silent.)
  --character-sets-dir=name
                      Directory for character set files.
  --column-type-info  Display column type information.
  -c, --comments      Preserve comments. Send comments to the server. The
                      default is --skip-comments (discard comments), enable
                      with --comments.
  -C, --compress      Use compression in server/client protocol.
  -#, --debug[=#]     This is a non-debug version. Catch this and exit.
  --debug-check       Check memory and open file usage at exit.
  -T, --debug-info    Print some debug info at exit.
  -D, --database=name Database to use.
  --default-character-set=name
                      Set the default character set.
  --delimiter=name    Delimiter to be used.
  -e, --execute=name  Execute command and quit. (Disables --force and history
                      file.)
  -E, --vertical      Print the output of a query (rows) vertically.
  -f, --force         Continue even if we get an SQL error. Sets
                      abort-source-on-error to 0
  -G, --named-commands
                      Enable named commands. Named commands mean this program's
                      internal commands; see mysql> help . When enabled, the
                      named commands can be used from any line of the query,
                      otherwise only from the first line, before an enter.
                      Disable with --disable-named-commands. This option is
                      disabled by default.
  -i, --ignore-spaces Ignore space after function names.
  --init-command=name SQL Command to execute when connecting to MySQL server.
                      Will automatically be re-executed when reconnecting.
  --local-infile      Enable/disable LOAD DATA LOCAL INFILE.
  -b, --no-beep       Turn off beep on error.
  -h, --host=name     Connect to host.
  -H, --html          Produce HTML output.
  -X, --xml           Produce XML output.
  --line-numbers      Write line numbers for errors.
                      (Defaults to on; use --skip-line-numbers to disable.)
  -L, --skip-line-numbers
                      Don't write line number for errors.
  -n, --unbuffered    Flush buffer after each query.
  --column-names      Write column names in results.
                      (Defaults to on; use --skip-column-names to disable.)
  -N, --skip-column-names
                      Don't write column names in results.
  --sigint-ignore     Ignore SIGINT (CTRL-C).
  -o, --one-database  Ignore statements except those that occur while the
                      default database is the one named at the command line.
  -p, --password[=name]
                      Password to use when connecting to server. If password is
                      not given it's asked from the tty.
  -W, --pipe          Use named pipes to connect to server.
  -P, --port=#        Port number to use for connection or 0 for default to, in
                      order of preference, my.cnf, $MYSQL_TCP_PORT,
                      /etc/services, built-in default (3306).
  --progress-reports  Get progress reports for long running commands (like
                      ALTER TABLE)
                      (Defaults to on; use --skip-progress-reports to disable.)
  --prompt=name       Set the mysql prompt to this value.
  --protocol=name     The protocol to use for connection (tcp, socket, pipe,
                      memory).
  -q, --quick         Don't cache result, print it row by row. This may slow
                      down the server if the output is suspended. Doesn't use
                      history file.
  -r, --raw           Write fields without conversion. Used with --batch.
  --reconnect         Reconnect if the connection is lost. Disable with
                      --disable-reconnect. This option is enabled by default.
                      (Defaults to on; use --skip-reconnect to disable.)
  -s, --silent        Be more silent. Print results with a tab as separator,
                      each row on new line.
  --shared-memory-base-name=name
                      Base name of shared memory.
  -S, --socket=name   The socket file to use for connection.
  --ssl               Enable SSL for connection (automatically enabled with
                      other flags).
  --ssl-ca=name       CA file in PEM format (check OpenSSL docs, implies
                      --ssl).
  --ssl-capath=name   CA directory (check OpenSSL docs, implies --ssl).
  --ssl-cert=name     X509 cert in PEM format (implies --ssl).
  --ssl-cipher=name   SSL cipher to use (implies --ssl).
  --ssl-key=name      X509 key in PEM format (implies --ssl).
  --ssl-crl=name      Certificate revocation list (implies --ssl).
  --ssl-crlpath=name  Certificate revocation list path (implies --ssl).
  --ssl-verify-server-cert
                      Verify server's "Common Name" in its cert against
                      hostname used when connecting. This option is disabled by
                      default.
  -t, --table         Output in table format.
  --tee=name          Append everything into outfile. See interactive help (\h)
                      also. Does not work in batch mode. Disable with
                      --disable-tee. This option is disabled by default.
  -u, --user=name     User for login if not current user.
  -U, --safe-updates  Only allow UPDATE and DELETE that uses keys.
  -U, --i-am-a-dummy  Synonym for option --safe-updates, -U.
  -v, --verbose       Write more. (-v -v -v gives the table output format).
  -V, --version       Output version information and exit.
  -w, --wait          Wait and retry if connection is down.
  --connect-timeout=# Number of seconds before connection timeout.
  --max-allowed-packet=#
                      The maximum packet length to send to or receive from
                      server.
  --net-buffer-length=#
                      The buffer size for TCP/IP and socket communication.
  --select-limit=#    Automatic limit for SELECT when using --safe-updates.
  --max-join-size=#   Automatic limit for rows in a join when using
                      --safe-updates.
  --secure-auth       Refuse client connecting to server if it uses old
                      (pre-4.1.1) protocol.
  --server-arg=name   Send embedded server this as a parameter.
  --show-warnings     Show warnings after every statement.
  --plugin-dir=name   Directory for client-side plugins.
  --default-auth=name Default authentication client-side plugin to use.
  --binary-mode       By default, ASCII '\0' is disallowed and '\r\n' is
                      translated to '\n'. This switch turns off both features,
                      and also turns off parsing of all clientcommands except
                      \C and DELIMITER, in non-interactive mode (for input
                      piped to mysql or loaded using the 'source' command).
                      This is necessary when processing output from mysqlbinlog
                      that may contain blobs.

Variables (--variable-name=value)
and boolean options {FALSE|TRUE}  Value (after reading options)
--------------------------------- ----------------------------------------
abort-source-on-error             FALSE
auto-rehash                       FALSE
auto-vertical-output              FALSE
character-sets-dir                (No default value)
column-type-info                  FALSE
comments                          FALSE
compress                          FALSE
debug-check                       FALSE
debug-info                        FALSE
database                          (No default value)
default-character-set             auto
delimiter                         ;
vertical                          FALSE
force                             FALSE
named-commands                    FALSE
ignore-spaces                     FALSE
init-command                      (No default value)
local-infile                      FALSE
no-beep                           FALSE
host                              (No default value)
html                              FALSE
xml                               FALSE
line-numbers                      TRUE
unbuffered                        FALSE
column-names                      TRUE
sigint-ignore                     FALSE
port                              3306
progress-reports                  TRUE
prompt                            \N [\d]>
quick                             FALSE
raw                               FALSE
reconnect                         TRUE
shared-memory-base-name           (No default value)
socket                            C:/xampp/mysql/mysql.sock
ssl                               FALSE
ssl-ca                            (No default value)
ssl-capath                        (No default value)
ssl-cert                          (No default value)
ssl-cipher                        (No default value)
ssl-key                           (No default value)
ssl-crl                           (No default value)
ssl-crlpath                       (No default value)
ssl-verify-server-cert            FALSE
table                             FALSE
user                              root
safe-updates                      FALSE
i-am-a-dummy                      FALSE
connect-timeout                   0
max-allowed-packet                16777216
net-buffer-length                 16384
select-limit                      1000
max-join-size                     1000000
secure-auth                       FALSE
show-warnings                     FALSE
plugin-dir                        (No default value)
default-auth                      (No default value)
binary-mode                       FALSE

728813@128-IMAC05 c:\xampp
# mysql -u root -p
Enter password:
Welcome to the MariaDB monitor.  Commands end with ; or \g.
Your MariaDB connection id is 27
Server version: 10.1.21-MariaDB mariadb.org binary distribution

Copyright (c) 2000, 2016, Oracle, MariaDB Corporation Ab and others.

Type 'help;' or '\h' for help. Type '\c' to clear the current input statement.

MariaDB [(none)]> show database;
ERROR 1064 (42000): You have an error in your SQL syntax; check the manual that corresponds to your MariaDB server version for the right syntax to use near 'database' at line 1
MariaDB [(none)]> use database csd2204w18;
ERROR 1049 (42000): Unknown database 'database'
MariaDB [(none)]> use csd2204w18;
Database changed
MariaDB [csd2204w18]> show tables;
+----------------------+
| Tables_in_csd2204w18 |
+----------------------+
| animals              |
| countries            |
| departments          |
| employees            |
| job_history          |
| jobs                 |
| locations            |
| manu                 |
| pet                  |
| products             |
| regions              |
+----------------------+
11 rows in set (0.00 sec)

MariaDB [csd2204w18]>